C:\Users\tom.zbc\PycharmProjects\fungis_bacterias_project\.venv\Scripts\python.exe C:\Users\tom.zbc\PycharmProjects\fungis_bacterias_project\3_model_training_and_evaluation_FNN_6_25pr.py
Checking data integrity...
Class 'Aero' meets the sample requirement.
Class 'Bacillus' meets the sample requirement.
Class 'Bor' meets the sample requirement.
Class 'E' meets the sample requirement.
Class 'Morganella' meets the sample requirement.
Class 'stapholococcus' meets the sample requirement.
Data check passed for directory: 'C:/Users/tom.zbc/PycharmProjects/fungis_bacterias_project/data/train'
Class 'Aero' meets the sample requirement.
Warning: Class 'Bacillus' has only 0 samples, expected at least 2.
Warning: Class 'Bor' has only 1 samples, expected at least 2.
Warning: Class 'E' has only 0 samples, expected at least 2.
Warning: Class 'Morganella' has only 1 samples, expected at least 2.
Warning: Class 'stapholococcus' has only 1 samples, expected at least 2.
Data check passed for directory: 'C:/Users/tom.zbc/PycharmProjects/fungis_bacterias_project/data/validation'
Class 'Aero' meets the sample requirement.
Warning: Class 'Bacillus' has only 1 samples, expected at least 2.
Warning: Class 'Bor' has only 0 samples, expected at least 2.
Warning: Class 'E' has only 0 samples, expected at least 2.
Warning: Class 'Morganella' has only 1 samples, expected at least 2.
Class 'stapholococcus' meets the sample requirement.
Data check passed for directory: 'C:/Users/tom.zbc/PycharmProjects/fungis_bacterias_project/data/test'
Data integrity check complete.

Running training with params: (0.0005, 0.6, 16, 60, 0.4, 20)
Loading training data...
Found 60 images belonging to 6 classes.
Loading validation data...
Found 5 images belonging to 6 classes.
Loading test data...
Found 7 images belonging to 6 classes.
Number of classes: 6
Computing class weights...
Class weights: {0: 1.0, 1: 1.0, 2: 1.0, 3: 1.0, 4: 1.0, 5: 1.0}
Creating model with learning rate: 0.0005, dropout: 0.6, filters: 16
2024-09-26 14:14:39.466962: I tensorflow/core/platform/cpu_feature_guard.cc:182] This TensorFlow binary is optimized to use available CPU instructions in performance-critical operations.
To enable the following instructions: SSE SSE2 SSE3 SSE4.1 SSE4.2 AVX AVX2 AVX_VNNI FMA, in other operations, rebuild TensorFlow with the appropriate compiler flags.
Model created and compiled.
Training the model...
Epoch 1/20
4/4 [==============================] - 2s 254ms/step - loss: 12.7405 - accuracy: 0.1667 - val_loss: 7.4161 - val_accuracy: 0.0000e+00 - lr: 5.0000e-04
Epoch 2/20
4/4 [==============================] - 1s 209ms/step - loss: 15.2948 - accuracy: 0.2167 - val_loss: 7.4675 - val_accuracy: 0.0000e+00 - lr: 5.0000e-04
Epoch 3/20
4/4 [==============================] - 1s 183ms/step - loss: 12.6604 - accuracy: 0.2167 - val_loss: 7.5655 - val_accuracy: 0.0000e+00 - lr: 5.0000e-04
Evaluating the model...
1/1 [==============================] - 0s 89ms/step - loss: 7.4534 - accuracy: 0.0000e+00
Test accuracy: 0.0, Validation loss: 7.416098117828369
Saving results to CSV...

Running training with params: (0.0005, 0.6, 16, 60, 0.4, 30)
Loading training data...
Found 60 images belonging to 6 classes.
Loading validation data...
Found 5 images belonging to 6 classes.
Loading test data...
Found 7 images belonging to 6 classes.
Number of classes: 6
Computing class weights...
Class weights: {0: 1.0, 1: 1.0, 2: 1.0, 3: 1.0, 4: 1.0, 5: 1.0}
Creating model with learning rate: 0.0005, dropout: 0.6, filters: 16
Model created and compiled.
Training the model...
Epoch 1/30
4/4 [==============================] - 2s 245ms/step - loss: 14.1443 - accuracy: 0.1500 - val_loss: 7.4282 - val_accuracy: 0.0000e+00 - lr: 5.0000e-04
Epoch 2/30
4/4 [==============================] - 1s 193ms/step - loss: 12.6728 - accuracy: 0.3500 - val_loss: 7.4137 - val_accuracy: 0.0000e+00 - lr: 5.0000e-04
Epoch 3/30
4/4 [==============================] - 1s 208ms/step - loss: 13.3526 - accuracy: 0.2000 - val_loss: 7.4264 - val_accuracy: 0.0000e+00 - lr: 5.0000e-04
Epoch 4/30
4/4 [==============================] - 1s 194ms/step - loss: 13.3897 - accuracy: 0.2333 - val_loss: 7.4699 - val_accuracy: 0.0000e+00 - lr: 5.0000e-04
Evaluating the model...
1/1 [==============================] - 0s 88ms/step - loss: 7.4035 - accuracy: 0.0000e+00
Test accuracy: 0.0, Validation loss: 7.4136552810668945
Saving results to CSV...

Running training with params: (0.0005, 0.6, 32, 60, 0.4, 20)
Loading training data...
Found 60 images belonging to 6 classes.
Loading validation data...
Found 5 images belonging to 6 classes.
Loading test data...
Found 7 images belonging to 6 classes.
Number of classes: 6
Computing class weights...
Class weights: {0: 1.0, 1: 1.0, 2: 1.0, 3: 1.0, 4: 1.0, 5: 1.0}
Creating model with learning rate: 0.0005, dropout: 0.6, filters: 32
Model created and compiled.
Training the model...
Epoch 1/20
4/4 [==============================] - 2s 289ms/step - loss: 14.0186 - accuracy: 0.2167 - val_loss: 8.1612 - val_accuracy: 0.2000 - lr: 5.0000e-04
Epoch 2/20
4/4 [==============================] - 1s 229ms/step - loss: 15.3396 - accuracy: 0.2333 - val_loss: 8.1992 - val_accuracy: 0.2000 - lr: 5.0000e-04
Epoch 3/20
4/4 [==============================] - 1s 252ms/step - loss: 16.1031 - accuracy: 0.1833 - val_loss: 8.4115 - val_accuracy: 0.2000 - lr: 5.0000e-04
Evaluating the model...
1/1 [==============================] - 0s 94ms/step - loss: 8.2106 - accuracy: 0.0000e+00
Test accuracy: 0.0, Validation loss: 8.161178588867188
Saving results to CSV...

Running training with params: (0.0005, 0.6, 32, 60, 0.4, 30)
Loading training data...
Found 60 images belonging to 6 classes.
Loading validation data...
Found 5 images belonging to 6 classes.
Loading test data...
Found 7 images belonging to 6 classes.
Number of classes: 6
Computing class weights...
Class weights: {0: 1.0, 1: 1.0, 2: 1.0, 3: 1.0, 4: 1.0, 5: 1.0}
Creating model with learning rate: 0.0005, dropout: 0.6, filters: 32
Model created and compiled.
Training the model...
Epoch 1/30
4/4 [==============================] - 2s 310ms/step - loss: 14.0630 - accuracy: 0.1667 - val_loss: 7.9710 - val_accuracy: 0.0000e+00 - lr: 5.0000e-04
Epoch 2/30
4/4 [==============================] - 1s 228ms/step - loss: 17.2355 - accuracy: 0.1833 - val_loss: 8.0498 - val_accuracy: 0.2000 - lr: 5.0000e-04
Epoch 3/30
4/4 [==============================] - 1s 240ms/step - loss: 16.2892 - accuracy: 0.2167 - val_loss: 8.2320 - val_accuracy: 0.2000 - lr: 5.0000e-04
Evaluating the model...
1/1 [==============================] - 0s 95ms/step - loss: 8.0145 - accuracy: 0.0000e+00
Test accuracy: 0.0, Validation loss: 7.971018314361572
Saving results to CSV...

Running training with params: (0.0005, 0.8, 16, 60, 0.4, 20)
Loading training data...
Found 60 images belonging to 6 classes.
Loading validation data...
Found 5 images belonging to 6 classes.
Loading test data...
Found 7 images belonging to 6 classes.
Number of classes: 6
Computing class weights...
Class weights: {0: 1.0, 1: 1.0, 2: 1.0, 3: 1.0, 4: 1.0, 5: 1.0}
Creating model with learning rate: 0.0005, dropout: 0.8, filters: 16
Model created and compiled.
Training the model...
Epoch 1/20
4/4 [==============================] - 2s 244ms/step - loss: 16.3681 - accuracy: 0.2000 - val_loss: 6.6964 - val_accuracy: 0.4000 - lr: 5.0000e-04
Epoch 2/20
4/4 [==============================] - 1s 204ms/step - loss: 18.1274 - accuracy: 0.1000 - val_loss: 6.4994 - val_accuracy: 0.2000 - lr: 5.0000e-04
Epoch 3/20
4/4 [==============================] - 1s 188ms/step - loss: 17.6854 - accuracy: 0.1667 - val_loss: 6.5039 - val_accuracy: 0.4000 - lr: 5.0000e-04
Epoch 4/20
4/4 [==============================] - 1s 202ms/step - loss: 16.6943 - accuracy: 0.1500 - val_loss: 6.5448 - val_accuracy: 0.4000 - lr: 5.0000e-04
Evaluating the model...
1/1 [==============================] - 0s 84ms/step - loss: 6.5898 - accuracy: 0.1429
Test accuracy: 0.1428571492433548, Validation loss: 6.499372959136963
Saving results to CSV...

Running training with params: (0.0005, 0.8, 16, 60, 0.4, 30)
Loading training data...
Found 60 images belonging to 6 classes.
Loading validation data...
Found 5 images belonging to 6 classes.
Loading test data...
Found 7 images belonging to 6 classes.
Number of classes: 6
Computing class weights...
Class weights: {0: 1.0, 1: 1.0, 2: 1.0, 3: 1.0, 4: 1.0, 5: 1.0}
Creating model with learning rate: 0.0005, dropout: 0.8, filters: 16
Model created and compiled.
Training the model...
Epoch 1/30
4/4 [==============================] - 2s 250ms/step - loss: 16.1803 - accuracy: 0.1833 - val_loss: 6.7155 - val_accuracy: 0.2000 - lr: 5.0000e-04
Epoch 2/30
4/4 [==============================] - 1s 187ms/step - loss: 15.5540 - accuracy: 0.2833 - val_loss: 6.5439 - val_accuracy: 0.0000e+00 - lr: 5.0000e-04
Epoch 3/30
4/4 [==============================] - 1s 193ms/step - loss: 18.1307 - accuracy: 0.1000 - val_loss: 6.5578 - val_accuracy: 0.0000e+00 - lr: 5.0000e-04
Epoch 4/30
4/4 [==============================] - 1s 186ms/step - loss: 16.4042 - accuracy: 0.3333 - val_loss: 6.5976 - val_accuracy: 0.2000 - lr: 5.0000e-04
Evaluating the model...
1/1 [==============================] - 0s 87ms/step - loss: 6.5310 - accuracy: 0.0000e+00
Test accuracy: 0.0, Validation loss: 6.5439252853393555
Saving results to CSV...

Running training with params: (0.0005, 0.8, 32, 60, 0.4, 20)
Loading training data...
Found 60 images belonging to 6 classes.
Loading validation data...
Found 5 images belonging to 6 classes.
Loading test data...
Found 7 images belonging to 6 classes.
Number of classes: 6
Computing class weights...
Class weights: {0: 1.0, 1: 1.0, 2: 1.0, 3: 1.0, 4: 1.0, 5: 1.0}
Creating model with learning rate: 0.0005, dropout: 0.8, filters: 32
Model created and compiled.
Training the model...
Epoch 1/20
4/4 [==============================] - 2s 273ms/step - loss: 18.6101 - accuracy: 0.2500 - val_loss: 7.2226 - val_accuracy: 0.2000 - lr: 5.0000e-04
Epoch 2/20
4/4 [==============================] - 1s 258ms/step - loss: 18.4231 - accuracy: 0.2333 - val_loss: 7.0395 - val_accuracy: 0.0000e+00 - lr: 5.0000e-04
Epoch 3/20
4/4 [==============================] - 1s 261ms/step - loss: 16.7492 - accuracy: 0.2000 - val_loss: 7.0843 - val_accuracy: 0.0000e+00 - lr: 5.0000e-04
Epoch 4/20
4/4 [==============================] - 1s 260ms/step - loss: 20.0997 - accuracy: 0.2333 - val_loss: 7.1180 - val_accuracy: 0.2000 - lr: 5.0000e-04
Evaluating the model...
1/1 [==============================] - 0s 93ms/step - loss: 7.0002 - accuracy: 0.1429
Test accuracy: 0.1428571492433548, Validation loss: 7.039473533630371
Saving results to CSV...

Running training with params: (0.0005, 0.8, 32, 60, 0.4, 30)
Loading training data...
Found 60 images belonging to 6 classes.
Loading validation data...
Found 5 images belonging to 6 classes.
Loading test data...
Found 7 images belonging to 6 classes.
Number of classes: 6
Computing class weights...
Class weights: {0: 1.0, 1: 1.0, 2: 1.0, 3: 1.0, 4: 1.0, 5: 1.0}
Creating model with learning rate: 0.0005, dropout: 0.8, filters: 32
Model created and compiled.
Training the model...
Epoch 1/30
4/4 [==============================] - 2s 319ms/step - loss: 17.4711 - accuracy: 0.1000 - val_loss: 7.1808 - val_accuracy: 0.2000 - lr: 5.0000e-04
Epoch 2/30
4/4 [==============================] - 1s 271ms/step - loss: 19.1183 - accuracy: 0.2333 - val_loss: 6.9912 - val_accuracy: 0.6000 - lr: 5.0000e-04
Epoch 3/30
4/4 [==============================] - 1s 236ms/step - loss: 20.6257 - accuracy: 0.1500 - val_loss: 6.9961 - val_accuracy: 0.6000 - lr: 5.0000e-04
Epoch 4/30
4/4 [==============================] - 1s 268ms/step - loss: 17.4254 - accuracy: 0.1833 - val_loss: 7.0897 - val_accuracy: 0.2000 - lr: 5.0000e-04
Evaluating the model...
1/1 [==============================] - 0s 93ms/step - loss: 7.0122 - accuracy: 0.4286
Test accuracy: 0.4285714328289032, Validation loss: 6.991208076477051
Saving results to CSV...

Running training with params: (0.0001, 0.6, 16, 60, 0.4, 20)
Loading training data...
Found 60 images belonging to 6 classes.
Loading validation data...
Found 5 images belonging to 6 classes.
Loading test data...
Found 7 images belonging to 6 classes.
Number of classes: 6
Computing class weights...
Class weights: {0: 1.0, 1: 1.0, 2: 1.0, 3: 1.0, 4: 1.0, 5: 1.0}
Creating model with learning rate: 0.0001, dropout: 0.6, filters: 16
Model created and compiled.
Training the model...
Epoch 1/20
4/4 [==============================] - 2s 231ms/step - loss: 12.0696 - accuracy: 0.1833 - val_loss: 7.4643 - val_accuracy: 0.0000e+00 - lr: 1.0000e-04
Epoch 2/20
4/4 [==============================] - 1s 211ms/step - loss: 12.0157 - accuracy: 0.2667 - val_loss: 7.4658 - val_accuracy: 0.0000e+00 - lr: 1.0000e-04
Epoch 3/20
4/4 [==============================] - 1s 203ms/step - loss: 12.4001 - accuracy: 0.2000 - val_loss: 7.4697 - val_accuracy: 0.2000 - lr: 1.0000e-04
Evaluating the model...
1/1 [==============================] - 0s 91ms/step - loss: 7.4558 - accuracy: 0.2857
Test accuracy: 0.2857142984867096, Validation loss: 7.464257717132568
Saving results to CSV...

Running training with params: (0.0001, 0.6, 16, 60, 0.4, 30)
Loading training data...
Found 60 images belonging to 6 classes.
Loading validation data...
Found 5 images belonging to 6 classes.
Loading test data...
Found 7 images belonging to 6 classes.
Number of classes: 6
Computing class weights...
Class weights: {0: 1.0, 1: 1.0, 2: 1.0, 3: 1.0, 4: 1.0, 5: 1.0}
Creating model with learning rate: 0.0001, dropout: 0.6, filters: 16
Model created and compiled.
Training the model...
Epoch 1/30
4/4 [==============================] - 2s 287ms/step - loss: 11.7297 - accuracy: 0.2000 - val_loss: 7.4821 - val_accuracy: 0.0000e+00 - lr: 1.0000e-04
Epoch 2/30
4/4 [==============================] - 1s 216ms/step - loss: 12.5467 - accuracy: 0.2333 - val_loss: 7.5164 - val_accuracy: 0.0000e+00 - lr: 1.0000e-04
Epoch 3/30
4/4 [==============================] - 1s 199ms/step - loss: 11.4454 - accuracy: 0.2500 - val_loss: 7.5376 - val_accuracy: 0.0000e+00 - lr: 1.0000e-04
Evaluating the model...
1/1 [==============================] - 0s 90ms/step - loss: 7.4655 - accuracy: 0.2857
Test accuracy: 0.2857142984867096, Validation loss: 7.482138156890869
Saving results to CSV...

Running training with params: (0.0001, 0.6, 32, 60, 0.4, 20)
Loading training data...
Found 60 images belonging to 6 classes.
Loading validation data...
Found 5 images belonging to 6 classes.
Loading test data...
Found 7 images belonging to 6 classes.
Number of classes: 6
Computing class weights...
Class weights: {0: 1.0, 1: 1.0, 2: 1.0, 3: 1.0, 4: 1.0, 5: 1.0}
Creating model with learning rate: 0.0001, dropout: 0.6, filters: 32
Model created and compiled.
Training the model...
Epoch 1/20
4/4 [==============================] - 2s 291ms/step - loss: 12.8905 - accuracy: 0.1667 - val_loss: 8.1807 - val_accuracy: 0.0000e+00 - lr: 1.0000e-04
Epoch 2/20
4/4 [==============================] - 1s 253ms/step - loss: 13.5280 - accuracy: 0.1667 - val_loss: 8.1567 - val_accuracy: 0.2000 - lr: 1.0000e-04
Epoch 3/20
4/4 [==============================] - 1s 251ms/step - loss: 12.8868 - accuracy: 0.1667 - val_loss: 8.1561 - val_accuracy: 0.2000 - lr: 1.0000e-04
Epoch 4/20
4/4 [==============================] - 1s 276ms/step - loss: 12.9214 - accuracy: 0.2000 - val_loss: 8.1762 - val_accuracy: 0.2000 - lr: 1.0000e-04
Epoch 5/20
4/4 [==============================] - 1s 262ms/step - loss: 11.6689 - accuracy: 0.2000 - val_loss: 8.2132 - val_accuracy: 0.2000 - lr: 1.0000e-04
Evaluating the model...
1/1 [==============================] - 0s 99ms/step - loss: 8.2013 - accuracy: 0.1429
Test accuracy: 0.1428571492433548, Validation loss: 8.156131744384766
Saving results to CSV...

Running training with params: (0.0001, 0.6, 32, 60, 0.4, 30)
Loading training data...
Found 60 images belonging to 6 classes.
Loading validation data...
Found 5 images belonging to 6 classes.
Loading test data...
Found 7 images belonging to 6 classes.
Number of classes: 6
Computing class weights...
Class weights: {0: 1.0, 1: 1.0, 2: 1.0, 3: 1.0, 4: 1.0, 5: 1.0}
Creating model with learning rate: 0.0001, dropout: 0.6, filters: 32
Model created and compiled.
Training the model...
Epoch 1/30
4/4 [==============================] - 2s 330ms/step - loss: 13.7663 - accuracy: 0.1167 - val_loss: 8.1403 - val_accuracy: 0.0000e+00 - lr: 1.0000e-04
Epoch 2/30
4/4 [==============================] - 1s 246ms/step - loss: 12.6838 - accuracy: 0.2500 - val_loss: 8.1667 - val_accuracy: 0.0000e+00 - lr: 1.0000e-04
Epoch 3/30
4/4 [==============================] - 1s 245ms/step - loss: 13.3383 - accuracy: 0.1333 - val_loss: 8.1961 - val_accuracy: 0.0000e+00 - lr: 1.0000e-04
Evaluating the model...
1/1 [==============================] - 0s 96ms/step - loss: 8.1511 - accuracy: 0.0000e+00
Test accuracy: 0.0, Validation loss: 8.140296936035156
Saving results to CSV...

Running training with params: (0.0001, 0.8, 16, 60, 0.4, 20)
Loading training data...
Found 60 images belonging to 6 classes.
Loading validation data...
Found 5 images belonging to 6 classes.
Loading test data...
Found 7 images belonging to 6 classes.
Number of classes: 6
Computing class weights...
Class weights: {0: 1.0, 1: 1.0, 2: 1.0, 3: 1.0, 4: 1.0, 5: 1.0}
Creating model with learning rate: 0.0001, dropout: 0.8, filters: 16
Model created and compiled.
Training the model...
Epoch 1/20
4/4 [==============================] - 2s 244ms/step - loss: 16.6897 - accuracy: 0.1833 - val_loss: 7.3701 - val_accuracy: 0.0000e+00 - lr: 1.0000e-04
Epoch 2/20
4/4 [==============================] - 1s 205ms/step - loss: 18.0740 - accuracy: 0.1667 - val_loss: 7.3173 - val_accuracy: 0.0000e+00 - lr: 1.0000e-04
Epoch 3/20
4/4 [==============================] - 1s 189ms/step - loss: 16.3356 - accuracy: 0.2500 - val_loss: 7.3041 - val_accuracy: 0.0000e+00 - lr: 1.0000e-04
Epoch 4/20
4/4 [==============================] - 1s 190ms/step - loss: 16.7042 - accuracy: 0.2667 - val_loss: 7.3013 - val_accuracy: 0.0000e+00 - lr: 1.0000e-04
Epoch 5/20
4/4 [==============================] - 1s 198ms/step - loss: 16.7783 - accuracy: 0.1833 - val_loss: 7.3017 - val_accuracy: 0.0000e+00 - lr: 1.0000e-04
Epoch 6/20
4/4 [==============================] - 1s 202ms/step - loss: 17.4673 - accuracy: 0.1500 - val_loss: 7.3049 - val_accuracy: 0.2000 - lr: 1.0000e-04
Evaluating the model...
1/1 [==============================] - 0s 93ms/step - loss: 7.2868 - accuracy: 0.0000e+00
Test accuracy: 0.0, Validation loss: 7.301252841949463
Saving results to CSV...

Running training with params: (0.0001, 0.8, 16, 60, 0.4, 30)
Loading training data...
Found 60 images belonging to 6 classes.
Loading validation data...
Found 5 images belonging to 6 classes.
Loading test data...
Found 7 images belonging to 6 classes.
Number of classes: 6
Computing class weights...
Class weights: {0: 1.0, 1: 1.0, 2: 1.0, 3: 1.0, 4: 1.0, 5: 1.0}
Creating model with learning rate: 0.0001, dropout: 0.8, filters: 16
Model created and compiled.
Training the model...
Epoch 1/30
4/4 [==============================] - 2s 244ms/step - loss: 16.2858 - accuracy: 0.1833 - val_loss: 7.3560 - val_accuracy: 0.0000e+00 - lr: 1.0000e-04
Epoch 2/30
4/4 [==============================] - 1s 203ms/step - loss: 16.9510 - accuracy: 0.2167 - val_loss: 7.3160 - val_accuracy: 0.0000e+00 - lr: 1.0000e-04
Epoch 3/30
4/4 [==============================] - 1s 220ms/step - loss: 16.2144 - accuracy: 0.2167 - val_loss: 7.2948 - val_accuracy: 0.0000e+00 - lr: 1.0000e-04
Epoch 4/30
4/4 [==============================] - 1s 247ms/step - loss: 16.2579 - accuracy: 0.2167 - val_loss: 7.2769 - val_accuracy: 0.0000e+00 - lr: 1.0000e-04
Epoch 5/30
4/4 [==============================] - 1s 210ms/step - loss: 16.4919 - accuracy: 0.2167 - val_loss: 7.2692 - val_accuracy: 0.2000 - lr: 1.0000e-04
Epoch 6/30
4/4 [==============================] - 1s 215ms/step - loss: 14.4675 - accuracy: 0.1500 - val_loss: 7.2669 - val_accuracy: 0.2000 - lr: 1.0000e-04
Epoch 7/30
4/4 [==============================] - 1s 198ms/step - loss: 17.0337 - accuracy: 0.1500 - val_loss: 7.2631 - val_accuracy: 0.2000 - lr: 1.0000e-04
Epoch 8/30
4/4 [==============================] - 1s 211ms/step - loss: 16.4504 - accuracy: 0.2500 - val_loss: 7.2591 - val_accuracy: 0.0000e+00 - lr: 1.0000e-04
Epoch 9/30
4/4 [==============================] - 1s 204ms/step - loss: 16.3075 - accuracy: 0.1500 - val_loss: 7.2444 - val_accuracy: 0.0000e+00 - lr: 1.0000e-04
Epoch 10/30
4/4 [==============================] - 1s 191ms/step - loss: 16.6969 - accuracy: 0.1667 - val_loss: 7.2234 - val_accuracy: 0.2000 - lr: 1.0000e-04
Epoch 11/30
4/4 [==============================] - 1s 197ms/step - loss: 15.4112 - accuracy: 0.1833 - val_loss: 7.1990 - val_accuracy: 0.6000 - lr: 1.0000e-04
Epoch 12/30
4/4 [==============================] - 1s 201ms/step - loss: 14.4004 - accuracy: 0.2000 - val_loss: 7.1765 - val_accuracy: 0.6000 - lr: 1.0000e-04
Epoch 13/30
4/4 [==============================] - 1s 212ms/step - loss: 15.5705 - accuracy: 0.1833 - val_loss: 7.1501 - val_accuracy: 0.4000 - lr: 1.0000e-04
Epoch 14/30
4/4 [==============================] - 1s 202ms/step - loss: 14.9550 - accuracy: 0.3000 - val_loss: 7.1216 - val_accuracy: 0.4000 - lr: 1.0000e-04
Epoch 15/30
4/4 [==============================] - 1s 207ms/step - loss: 14.5183 - accuracy: 0.2333 - val_loss: 7.0974 - val_accuracy: 0.4000 - lr: 1.0000e-04
Epoch 16/30
4/4 [==============================] - 1s 208ms/step - loss: 15.1137 - accuracy: 0.2167 - val_loss: 7.0869 - val_accuracy: 0.4000 - lr: 1.0000e-04
Epoch 17/30
4/4 [==============================] - 1s 194ms/step - loss: 13.3177 - accuracy: 0.2500 - val_loss: 7.0879 - val_accuracy: 0.4000 - lr: 1.0000e-04
Epoch 18/30
4/4 [==============================] - 1s 220ms/step - loss: 13.4510 - accuracy: 0.2833 - val_loss: 7.0893 - val_accuracy: 0.4000 - lr: 1.0000e-04
Evaluating the model...
1/1 [==============================] - 0s 90ms/step - loss: 7.2532 - accuracy: 0.4286
Test accuracy: 0.4285714328289032, Validation loss: 7.086852073669434
Saving results to CSV...

Running training with params: (0.0001, 0.8, 32, 60, 0.4, 20)
Loading training data...
Found 60 images belonging to 6 classes.
Loading validation data...
Found 5 images belonging to 6 classes.
Loading test data...
Found 7 images belonging to 6 classes.
Number of classes: 6
Computing class weights...
Class weights: {0: 1.0, 1: 1.0, 2: 1.0, 3: 1.0, 4: 1.0, 5: 1.0}
Creating model with learning rate: 0.0001, dropout: 0.8, filters: 32
Model created and compiled.
Training the model...
Epoch 1/20
4/4 [==============================] - 2s 314ms/step - loss: 19.2903 - accuracy: 0.1333 - val_loss: 7.9417 - val_accuracy: 0.2000 - lr: 1.0000e-04
Epoch 2/20
4/4 [==============================] - 1s 258ms/step - loss: 17.7455 - accuracy: 0.1167 - val_loss: 7.8822 - val_accuracy: 0.2000 - lr: 1.0000e-04
Epoch 3/20
4/4 [==============================] - 1s 254ms/step - loss: 17.8085 - accuracy: 0.2000 - val_loss: 7.8721 - val_accuracy: 0.4000 - lr: 1.0000e-04
Epoch 4/20
4/4 [==============================] - 1s 255ms/step - loss: 17.1896 - accuracy: 0.2833 - val_loss: 7.8761 - val_accuracy: 0.4000 - lr: 1.0000e-04
Epoch 5/20
4/4 [==============================] - 1s 267ms/step - loss: 20.5502 - accuracy: 0.0500 - val_loss: 7.8921 - val_accuracy: 0.2000 - lr: 1.0000e-04
Evaluating the model...
1/1 [==============================] - 0s 101ms/step - loss: 7.8993 - accuracy: 0.0000e+00
Test accuracy: 0.0, Validation loss: 7.872114658355713
Saving results to CSV...

Running training with params: (0.0001, 0.8, 32, 60, 0.4, 30)
Loading training data...
Found 60 images belonging to 6 classes.
Loading validation data...
Found 5 images belonging to 6 classes.
Loading test data...
Found 7 images belonging to 6 classes.
Number of classes: 6
Computing class weights...
Class weights: {0: 1.0, 1: 1.0, 2: 1.0, 3: 1.0, 4: 1.0, 5: 1.0}
Creating model with learning rate: 0.0001, dropout: 0.8, filters: 32
Model created and compiled.
Training the model...
Epoch 1/30
4/4 [==============================] - 2s 303ms/step - loss: 19.4629 - accuracy: 0.1000 - val_loss: 7.9660 - val_accuracy: 0.2000 - lr: 1.0000e-04
Epoch 2/30
4/4 [==============================] - 1s 253ms/step - loss: 18.1111 - accuracy: 0.1500 - val_loss: 7.8924 - val_accuracy: 0.2000 - lr: 1.0000e-04
Epoch 3/30
4/4 [==============================] - 1s 253ms/step - loss: 19.2425 - accuracy: 0.2000 - val_loss: 7.8736 - val_accuracy: 0.2000 - lr: 1.0000e-04
Epoch 4/30
4/4 [==============================] - 1s 254ms/step - loss: 19.0464 - accuracy: 0.1167 - val_loss: 7.8702 - val_accuracy: 0.0000e+00 - lr: 1.0000e-04
Epoch 5/30
4/4 [==============================] - 1s 255ms/step - loss: 18.0348 - accuracy: 0.2167 - val_loss: 7.8765 - val_accuracy: 0.0000e+00 - lr: 1.0000e-04
Epoch 6/30
4/4 [==============================] - 1s 281ms/step - loss: 18.4091 - accuracy: 0.1667 - val_loss: 7.8934 - val_accuracy: 0.0000e+00 - lr: 1.0000e-04
Evaluating the model...
1/1 [==============================] - 0s 94ms/step - loss: 7.8826 - accuracy: 0.0000e+00
Test accuracy: 0.0, Validation loss: 7.870234489440918
Saving results to CSV...

Running training with params: (1e-05, 0.6, 16, 60, 0.4, 20)
Loading training data...
Found 60 images belonging to 6 classes.
Loading validation data...
Found 5 images belonging to 6 classes.
Loading test data...
Found 7 images belonging to 6 classes.
Number of classes: 6
Computing class weights...
Class weights: {0: 1.0, 1: 1.0, 2: 1.0, 3: 1.0, 4: 1.0, 5: 1.0}
Creating model with learning rate: 1e-05, dropout: 0.6, filters: 16
Model created and compiled.
Training the model...
Epoch 1/20
4/4 [==============================] - 2s 268ms/step - loss: 11.7753 - accuracy: 0.2000 - val_loss: 7.5185 - val_accuracy: 0.0000e+00 - lr: 1.0000e-05
Epoch 2/20
4/4 [==============================] - 1s 202ms/step - loss: 11.9254 - accuracy: 0.2167 - val_loss: 7.5019 - val_accuracy: 0.2000 - lr: 1.0000e-05
Epoch 3/20
4/4 [==============================] - 1s 221ms/step - loss: 12.7405 - accuracy: 0.2333 - val_loss: 7.4905 - val_accuracy: 0.2000 - lr: 1.0000e-05
Epoch 4/20
4/4 [==============================] - 1s 195ms/step - loss: 13.8629 - accuracy: 0.1333 - val_loss: 7.4817 - val_accuracy: 0.4000 - lr: 1.0000e-05
Epoch 5/20
4/4 [==============================] - 1s 198ms/step - loss: 11.8394 - accuracy: 0.2333 - val_loss: 7.4798 - val_accuracy: 0.4000 - lr: 1.0000e-05
Epoch 6/20
4/4 [==============================] - 1s 199ms/step - loss: 13.3613 - accuracy: 0.1500 - val_loss: 7.4819 - val_accuracy: 0.0000e+00 - lr: 1.0000e-05
Epoch 7/20
4/4 [==============================] - 1s 211ms/step - loss: 12.4975 - accuracy: 0.1167 - val_loss: 7.4864 - val_accuracy: 0.0000e+00 - lr: 1.0000e-05
Evaluating the model...
1/1 [==============================] - 0s 88ms/step - loss: 7.4462 - accuracy: 0.4286
Test accuracy: 0.4285714328289032, Validation loss: 7.479830741882324
Saving results to CSV...

Running training with params: (1e-05, 0.6, 16, 60, 0.4, 30)
Loading training data...
Found 60 images belonging to 6 classes.
Loading validation data...
Found 5 images belonging to 6 classes.
Loading test data...
Found 7 images belonging to 6 classes.
Number of classes: 6
Computing class weights...
Class weights: {0: 1.0, 1: 1.0, 2: 1.0, 3: 1.0, 4: 1.0, 5: 1.0}
Creating model with learning rate: 1e-05, dropout: 0.6, filters: 16
Model created and compiled.
Training the model...
Epoch 1/30
4/4 [==============================] - 2s 270ms/step - loss: 11.5861 - accuracy: 0.1833 - val_loss: 7.5467 - val_accuracy: 0.0000e+00 - lr: 1.0000e-05
Epoch 2/30
4/4 [==============================] - 1s 205ms/step - loss: 12.0505 - accuracy: 0.1000 - val_loss: 7.5336 - val_accuracy: 0.0000e+00 - lr: 1.0000e-05
Epoch 3/30
4/4 [==============================] - 1s 195ms/step - loss: 12.1711 - accuracy: 0.1500 - val_loss: 7.5213 - val_accuracy: 0.0000e+00 - lr: 1.0000e-05
Epoch 4/30
4/4 [==============================] - 1s 196ms/step - loss: 11.4748 - accuracy: 0.1333 - val_loss: 7.5135 - val_accuracy: 0.2000 - lr: 1.0000e-05
Epoch 5/30
4/4 [==============================] - 1s 198ms/step - loss: 12.1186 - accuracy: 0.1167 - val_loss: 7.5073 - val_accuracy: 0.2000 - lr: 1.0000e-05
Epoch 6/30
4/4 [==============================] - 1s 202ms/step - loss: 10.8243 - accuracy: 0.2000 - val_loss: 7.5049 - val_accuracy: 0.2000 - lr: 1.0000e-05
Epoch 7/30
4/4 [==============================] - 1s 208ms/step - loss: 11.7139 - accuracy: 0.2167 - val_loss: 7.5056 - val_accuracy: 0.2000 - lr: 1.0000e-05
Epoch 8/30
4/4 [==============================] - 1s 195ms/step - loss: 11.5557 - accuracy: 0.1667 - val_loss: 7.5057 - val_accuracy: 0.2000 - lr: 1.0000e-05
Evaluating the model...
1/1 [==============================] - 0s 87ms/step - loss: 7.5104 - accuracy: 0.2857
Test accuracy: 0.2857142984867096, Validation loss: 7.504895210266113
Saving results to CSV...

Running training with params: (1e-05, 0.6, 32, 60, 0.4, 20)
Loading training data...
Found 60 images belonging to 6 classes.
Loading validation data...
Found 5 images belonging to 6 classes.
Loading test data...
Found 7 images belonging to 6 classes.
Number of classes: 6
Computing class weights...
Class weights: {0: 1.0, 1: 1.0, 2: 1.0, 3: 1.0, 4: 1.0, 5: 1.0}
Creating model with learning rate: 1e-05, dropout: 0.6, filters: 32
Model created and compiled.
Training the model...
Epoch 1/20
4/4 [==============================] - 2s 300ms/step - loss: 12.7310 - accuracy: 0.1500 - val_loss: 8.2029 - val_accuracy: 0.2000 - lr: 1.0000e-05
Epoch 2/20
4/4 [==============================] - 1s 247ms/step - loss: 12.1837 - accuracy: 0.1833 - val_loss: 8.1982 - val_accuracy: 0.0000e+00 - lr: 1.0000e-05
Epoch 3/20
4/4 [==============================] - 1s 248ms/step - loss: 12.0381 - accuracy: 0.2167 - val_loss: 8.1890 - val_accuracy: 0.0000e+00 - lr: 1.0000e-05
Epoch 4/20
4/4 [==============================] - 1s 258ms/step - loss: 12.0012 - accuracy: 0.2833 - val_loss: 8.1754 - val_accuracy: 0.4000 - lr: 1.0000e-05
Epoch 5/20
4/4 [==============================] - 1s 254ms/step - loss: 12.3520 - accuracy: 0.1000 - val_loss: 8.1644 - val_accuracy: 0.2000 - lr: 1.0000e-05
Epoch 6/20
4/4 [==============================] - 1s 257ms/step - loss: 11.9186 - accuracy: 0.2000 - val_loss: 8.1549 - val_accuracy: 0.2000 - lr: 1.0000e-05
Epoch 7/20
4/4 [==============================] - 1s 264ms/step - loss: 11.2473 - accuracy: 0.2667 - val_loss: 8.1419 - val_accuracy: 0.4000 - lr: 1.0000e-05
Epoch 8/20
4/4 [==============================] - 1s 278ms/step - loss: 12.7614 - accuracy: 0.1167 - val_loss: 8.1280 - val_accuracy: 0.2000 - lr: 1.0000e-05
Epoch 9/20
4/4 [==============================] - 1s 251ms/step - loss: 12.2449 - accuracy: 0.1500 - val_loss: 8.1133 - val_accuracy: 0.2000 - lr: 1.0000e-05
Epoch 10/20
4/4 [==============================] - 1s 266ms/step - loss: 12.0380 - accuracy: 0.1667 - val_loss: 8.1002 - val_accuracy: 0.2000 - lr: 1.0000e-05
Epoch 11/20
4/4 [==============================] - 1s 238ms/step - loss: 11.3671 - accuracy: 0.2333 - val_loss: 8.0899 - val_accuracy: 0.2000 - lr: 1.0000e-05
Epoch 12/20
4/4 [==============================] - 1s 256ms/step - loss: 11.2837 - accuracy: 0.2333 - val_loss: 8.0768 - val_accuracy: 0.4000 - lr: 1.0000e-05
Epoch 13/20
4/4 [==============================] - 1s 248ms/step - loss: 10.6036 - accuracy: 0.2500 - val_loss: 8.0629 - val_accuracy: 0.6000 - lr: 1.0000e-05
Epoch 14/20
4/4 [==============================] - 1s 258ms/step - loss: 12.3908 - accuracy: 0.1500 - val_loss: 8.0483 - val_accuracy: 0.6000 - lr: 1.0000e-05
Epoch 15/20
4/4 [==============================] - 1s 250ms/step - loss: 12.0705 - accuracy: 0.1833 - val_loss: 8.0380 - val_accuracy: 0.6000 - lr: 1.0000e-05
Epoch 16/20
4/4 [==============================] - 1s 271ms/step - loss: 12.1554 - accuracy: 0.2000 - val_loss: 8.0288 - val_accuracy: 0.6000 - lr: 1.0000e-05
Epoch 17/20
4/4 [==============================] - 1s 262ms/step - loss: 11.1961 - accuracy: 0.2000 - val_loss: 8.0211 - val_accuracy: 0.4000 - lr: 1.0000e-05
Epoch 18/20
4/4 [==============================] - 1s 281ms/step - loss: 12.7535 - accuracy: 0.1667 - val_loss: 8.0150 - val_accuracy: 0.4000 - lr: 1.0000e-05
Epoch 19/20
4/4 [==============================] - 1s 289ms/step - loss: 11.2984 - accuracy: 0.2000 - val_loss: 8.0031 - val_accuracy: 0.4000 - lr: 1.0000e-05
Epoch 20/20
4/4 [==============================] - 1s 260ms/step - loss: 12.5927 - accuracy: 0.1667 - val_loss: 7.9920 - val_accuracy: 0.4000 - lr: 1.0000e-05
Evaluating the model...
1/1 [==============================] - 0s 105ms/step - loss: 8.2229 - accuracy: 0.1429
Test accuracy: 0.1428571492433548, Validation loss: 7.991959571838379
Saving results to CSV...

Running training with params: (1e-05, 0.6, 32, 60, 0.4, 30)
Loading training data...
Found 60 images belonging to 6 classes.
Loading validation data...
Found 5 images belonging to 6 classes.
Loading test data...
Found 7 images belonging to 6 classes.
Number of classes: 6
Computing class weights...
Class weights: {0: 1.0, 1: 1.0, 2: 1.0, 3: 1.0, 4: 1.0, 5: 1.0}
Creating model with learning rate: 1e-05, dropout: 0.6, filters: 32
Model created and compiled.
Training the model...
Epoch 1/30
4/4 [==============================] - 2s 360ms/step - loss: 14.1232 - accuracy: 0.1833 - val_loss: 8.2166 - val_accuracy: 0.0000e+00 - lr: 1.0000e-05
Epoch 2/30
4/4 [==============================] - 1s 260ms/step - loss: 13.7929 - accuracy: 0.1333 - val_loss: 8.2176 - val_accuracy: 0.0000e+00 - lr: 1.0000e-05
Epoch 3/30
4/4 [==============================] - 1s 272ms/step - loss: 13.4719 - accuracy: 0.1000 - val_loss: 8.2160 - val_accuracy: 0.0000e+00 - lr: 1.0000e-05
Epoch 4/30
4/4 [==============================] - 1s 253ms/step - loss: 12.7063 - accuracy: 0.2167 - val_loss: 8.2150 - val_accuracy: 0.0000e+00 - lr: 1.0000e-05
Epoch 5/30
4/4 [==============================] - 1s 266ms/step - loss: 13.0421 - accuracy: 0.1833 - val_loss: 8.2187 - val_accuracy: 0.0000e+00 - lr: 1.0000e-05
Epoch 6/30
4/4 [==============================] - 1s 263ms/step - loss: 12.5098 - accuracy: 0.1333 - val_loss: 8.2239 - val_accuracy: 0.0000e+00 - lr: 1.0000e-05
Evaluating the model...
1/1 [==============================] - 0s 103ms/step - loss: 8.2029 - accuracy: 0.0000e+00
Test accuracy: 0.0, Validation loss: 8.214995384216309
Saving results to CSV...

Running training with params: (1e-05, 0.8, 16, 60, 0.4, 20)
Loading training data...
Found 60 images belonging to 6 classes.
Loading validation data...
Found 5 images belonging to 6 classes.
Loading test data...
Found 7 images belonging to 6 classes.
Number of classes: 6
Computing class weights...
Class weights: {0: 1.0, 1: 1.0, 2: 1.0, 3: 1.0, 4: 1.0, 5: 1.0}
Creating model with learning rate: 1e-05, dropout: 0.8, filters: 16
Model created and compiled.
Training the model...
Epoch 1/20
4/4 [==============================] - 2s 260ms/step - loss: 19.9226 - accuracy: 0.1333 - val_loss: 7.5061 - val_accuracy: 0.2000 - lr: 1.0000e-05
Epoch 2/20
4/4 [==============================] - 1s 218ms/step - loss: 17.3734 - accuracy: 0.1167 - val_loss: 7.5097 - val_accuracy: 0.2000 - lr: 1.0000e-05
Epoch 3/20
4/4 [==============================] - 1s 208ms/step - loss: 15.2661 - accuracy: 0.2500 - val_loss: 7.5123 - val_accuracy: 0.0000e+00 - lr: 1.0000e-05
Evaluating the model...
1/1 [==============================] - 0s 89ms/step - loss: 7.4832 - accuracy: 0.4286
Test accuracy: 0.4285714328289032, Validation loss: 7.506094932556152
Saving results to CSV...

Running training with params: (1e-05, 0.8, 16, 60, 0.4, 30)
Loading training data...
Found 60 images belonging to 6 classes.
Loading validation data...
Found 5 images belonging to 6 classes.
Loading test data...
Found 7 images belonging to 6 classes.
Number of classes: 6
Computing class weights...
Class weights: {0: 1.0, 1: 1.0, 2: 1.0, 3: 1.0, 4: 1.0, 5: 1.0}
Creating model with learning rate: 1e-05, dropout: 0.8, filters: 16
Model created and compiled.
Training the model...
Epoch 1/30
4/4 [==============================] - 2s 253ms/step - loss: 17.3596 - accuracy: 0.1500 - val_loss: 7.4989 - val_accuracy: 0.2000 - lr: 1.0000e-05
Epoch 2/30
4/4 [==============================] - 1s 204ms/step - loss: 16.7751 - accuracy: 0.1167 - val_loss: 7.5014 - val_accuracy: 0.2000 - lr: 1.0000e-05
Epoch 3/30
4/4 [==============================] - 1s 204ms/step - loss: 15.4811 - accuracy: 0.1833 - val_loss: 7.5132 - val_accuracy: 0.0000e+00 - lr: 1.0000e-05
Evaluating the model...
1/1 [==============================] - 0s 92ms/step - loss: 7.4744 - accuracy: 0.5714
Test accuracy: 0.5714285969734192, Validation loss: 7.498892784118652
Saving results to CSV...

Running training with params: (1e-05, 0.8, 32, 60, 0.4, 20)
Loading training data...
Found 60 images belonging to 6 classes.
Loading validation data...
Found 5 images belonging to 6 classes.
Loading test data...
Found 7 images belonging to 6 classes.
Number of classes: 6
Computing class weights...
Class weights: {0: 1.0, 1: 1.0, 2: 1.0, 3: 1.0, 4: 1.0, 5: 1.0}
Creating model with learning rate: 1e-05, dropout: 0.8, filters: 32
Model created and compiled.
Training the model...
Epoch 1/20
4/4 [==============================] - 2s 306ms/step - loss: 16.4314 - accuracy: 0.1667 - val_loss: 8.2147 - val_accuracy: 0.2000 - lr: 1.0000e-05
Epoch 2/20
4/4 [==============================] - 1s 281ms/step - loss: 18.2889 - accuracy: 0.1167 - val_loss: 8.1993 - val_accuracy: 0.2000 - lr: 1.0000e-05
Epoch 3/20
4/4 [==============================] - 1s 257ms/step - loss: 17.4183 - accuracy: 0.1000 - val_loss: 8.1885 - val_accuracy: 0.2000 - lr: 1.0000e-05
Epoch 4/20
4/4 [==============================] - 1s 265ms/step - loss: 16.4013 - accuracy: 0.1833 - val_loss: 8.1777 - val_accuracy: 0.2000 - lr: 1.0000e-05
Epoch 5/20
4/4 [==============================] - 1s 276ms/step - loss: 18.0545 - accuracy: 0.1667 - val_loss: 8.1665 - val_accuracy: 0.2000 - lr: 1.0000e-05
Epoch 6/20
4/4 [==============================] - 1s 260ms/step - loss: 17.9388 - accuracy: 0.1833 - val_loss: 8.1591 - val_accuracy: 0.2000 - lr: 1.0000e-05
Epoch 7/20
4/4 [==============================] - 1s 261ms/step - loss: 17.7982 - accuracy: 0.1333 - val_loss: 8.1531 - val_accuracy: 0.2000 - lr: 1.0000e-05
Epoch 8/20
4/4 [==============================] - 1s 255ms/step - loss: 20.4608 - accuracy: 0.1667 - val_loss: 8.1473 - val_accuracy: 0.2000 - lr: 1.0000e-05
Epoch 9/20
4/4 [==============================] - 1s 261ms/step - loss: 18.0015 - accuracy: 0.2167 - val_loss: 8.1418 - val_accuracy: 0.2000 - lr: 1.0000e-05
Epoch 10/20
4/4 [==============================] - 1s 264ms/step - loss: 19.1573 - accuracy: 0.1167 - val_loss: 8.1354 - val_accuracy: 0.4000 - lr: 1.0000e-05
Epoch 11/20
4/4 [==============================] - 1s 285ms/step - loss: 17.8880 - accuracy: 0.1833 - val_loss: 8.1276 - val_accuracy: 0.4000 - lr: 1.0000e-05
Epoch 12/20
4/4 [==============================] - 1s 261ms/step - loss: 18.2408 - accuracy: 0.1333 - val_loss: 8.1194 - val_accuracy: 0.4000 - lr: 1.0000e-05
Epoch 13/20
4/4 [==============================] - 1s 272ms/step - loss: 19.2713 - accuracy: 0.2167 - val_loss: 8.1114 - val_accuracy: 0.4000 - lr: 1.0000e-05
Epoch 14/20
4/4 [==============================] - 1s 290ms/step - loss: 16.9437 - accuracy: 0.1667 - val_loss: 8.1037 - val_accuracy: 0.4000 - lr: 1.0000e-05
Epoch 15/20
4/4 [==============================] - 1s 274ms/step - loss: 17.9627 - accuracy: 0.1333 - val_loss: 8.0965 - val_accuracy: 0.4000 - lr: 1.0000e-05
Epoch 16/20
4/4 [==============================] - 1s 255ms/step - loss: 17.7120 - accuracy: 0.2333 - val_loss: 8.0904 - val_accuracy: 0.4000 - lr: 1.0000e-05
Epoch 17/20
4/4 [==============================] - 1s 266ms/step - loss: 17.1145 - accuracy: 0.2000 - val_loss: 8.0851 - val_accuracy: 0.6000 - lr: 1.0000e-05
Epoch 18/20
4/4 [==============================] - 1s 273ms/step - loss: 18.7097 - accuracy: 0.1667 - val_loss: 8.0800 - val_accuracy: 0.6000 - lr: 1.0000e-05
Epoch 19/20
4/4 [==============================] - 1s 262ms/step - loss: 16.6187 - accuracy: 0.1833 - val_loss: 8.0760 - val_accuracy: 0.4000 - lr: 1.0000e-05
Epoch 20/20
4/4 [==============================] - 1s 252ms/step - loss: 18.0018 - accuracy: 0.1667 - val_loss: 8.0736 - val_accuracy: 0.4000 - lr: 1.0000e-05
Evaluating the model...
1/1 [==============================] - 0s 93ms/step - loss: 8.0523 - accuracy: 0.1429
Test accuracy: 0.1428571492433548, Validation loss: 8.073591232299805
Saving results to CSV...

Running training with params: (1e-05, 0.8, 32, 60, 0.4, 30)
Loading training data...
Found 60 images belonging to 6 classes.
Loading validation data...
Found 5 images belonging to 6 classes.
Loading test data...
Found 7 images belonging to 6 classes.
Number of classes: 6
Computing class weights...
Class weights: {0: 1.0, 1: 1.0, 2: 1.0, 3: 1.0, 4: 1.0, 5: 1.0}
Creating model with learning rate: 1e-05, dropout: 0.8, filters: 32
Model created and compiled.
Training the model...
Epoch 1/30
4/4 [==============================] - 2s 301ms/step - loss: 21.5481 - accuracy: 0.1333 - val_loss: 8.1455 - val_accuracy: 0.4000 - lr: 1.0000e-05
Epoch 2/30
4/4 [==============================] - 1s 283ms/step - loss: 17.4863 - accuracy: 0.2000 - val_loss: 8.1356 - val_accuracy: 0.6000 - lr: 1.0000e-05
Epoch 3/30
4/4 [==============================] - 1s 284ms/step - loss: 17.9335 - accuracy: 0.2167 - val_loss: 8.1282 - val_accuracy: 0.4000 - lr: 1.0000e-05
Epoch 4/30
4/4 [==============================] - 1s 254ms/step - loss: 20.1451 - accuracy: 0.1833 - val_loss: 8.1199 - val_accuracy: 0.2000 - lr: 1.0000e-05
Epoch 5/30
4/4 [==============================] - 1s 258ms/step - loss: 19.3980 - accuracy: 0.2167 - val_loss: 8.1070 - val_accuracy: 0.4000 - lr: 1.0000e-05
Epoch 6/30
4/4 [==============================] - 1s 257ms/step - loss: 19.1936 - accuracy: 0.1667 - val_loss: 8.0933 - val_accuracy: 0.4000 - lr: 1.0000e-05
Epoch 7/30
4/4 [==============================] - 1s 290ms/step - loss: 20.0878 - accuracy: 0.1500 - val_loss: 8.0800 - val_accuracy: 0.4000 - lr: 1.0000e-05
Epoch 8/30
4/4 [==============================] - 1s 283ms/step - loss: 19.1217 - accuracy: 0.1833 - val_loss: 8.0682 - val_accuracy: 0.4000 - lr: 1.0000e-05
Epoch 9/30
4/4 [==============================] - 1s 284ms/step - loss: 18.5535 - accuracy: 0.1833 - val_loss: 8.0576 - val_accuracy: 0.4000 - lr: 1.0000e-05
Epoch 10/30
4/4 [==============================] - 1s 276ms/step - loss: 18.4781 - accuracy: 0.2333 - val_loss: 8.0443 - val_accuracy: 0.4000 - lr: 1.0000e-05
Epoch 11/30
4/4 [==============================] - 1s 250ms/step - loss: 17.2824 - accuracy: 0.1833 - val_loss: 8.0314 - val_accuracy: 0.4000 - lr: 1.0000e-05
Epoch 12/30
4/4 [==============================] - 1s 291ms/step - loss: 18.8879 - accuracy: 0.1167 - val_loss: 8.0198 - val_accuracy: 0.4000 - lr: 1.0000e-05
Epoch 13/30
4/4 [==============================] - 1s 259ms/step - loss: 19.4541 - accuracy: 0.1167 - val_loss: 8.0074 - val_accuracy: 0.2000 - lr: 1.0000e-05
Epoch 14/30
4/4 [==============================] - 1s 286ms/step - loss: 16.3869 - accuracy: 0.1000 - val_loss: 7.9972 - val_accuracy: 0.2000 - lr: 1.0000e-05
Epoch 15/30
4/4 [==============================] - 1s 289ms/step - loss: 18.2325 - accuracy: 0.1667 - val_loss: 7.9861 - val_accuracy: 0.4000 - lr: 1.0000e-05
Epoch 16/30
4/4 [==============================] - 1s 263ms/step - loss: 17.9773 - accuracy: 0.1333 - val_loss: 7.9743 - val_accuracy: 0.4000 - lr: 1.0000e-05
Epoch 17/30
4/4 [==============================] - 1s 291ms/step - loss: 16.4528 - accuracy: 0.2167 - val_loss: 7.9627 - val_accuracy: 0.4000 - lr: 1.0000e-05
Epoch 18/30
4/4 [==============================] - 1s 263ms/step - loss: 18.4615 - accuracy: 0.1667 - val_loss: 7.9514 - val_accuracy: 0.4000 - lr: 1.0000e-05
Epoch 19/30
4/4 [==============================] - 1s 295ms/step - loss: 17.1554 - accuracy: 0.2000 - val_loss: 7.9390 - val_accuracy: 0.4000 - lr: 1.0000e-05
Epoch 20/30
4/4 [==============================] - 1s 259ms/step - loss: 17.4205 - accuracy: 0.2000 - val_loss: 7.9254 - val_accuracy: 0.4000 - lr: 1.0000e-05
Epoch 21/30
4/4 [==============================] - 1s 254ms/step - loss: 18.4144 - accuracy: 0.1167 - val_loss: 7.9136 - val_accuracy: 0.4000 - lr: 1.0000e-05
Epoch 22/30
4/4 [==============================] - 1s 266ms/step - loss: 16.1441 - accuracy: 0.2333 - val_loss: 7.9037 - val_accuracy: 0.4000 - lr: 1.0000e-05
Epoch 23/30
4/4 [==============================] - 1s 268ms/step - loss: 18.2327 - accuracy: 0.2000 - val_loss: 7.8933 - val_accuracy: 0.4000 - lr: 1.0000e-05
Epoch 24/30
4/4 [==============================] - 1s 264ms/step - loss: 17.7202 - accuracy: 0.1667 - val_loss: 7.8830 - val_accuracy: 0.4000 - lr: 1.0000e-05
Epoch 25/30
4/4 [==============================] - 1s 260ms/step - loss: 14.9717 - accuracy: 0.2333 - val_loss: 7.8738 - val_accuracy: 0.4000 - lr: 1.0000e-05
Epoch 26/30
4/4 [==============================] - 1s 294ms/step - loss: 19.6771 - accuracy: 0.1500 - val_loss: 7.8653 - val_accuracy: 0.4000 - lr: 1.0000e-05
Epoch 27/30
4/4 [==============================] - 1s 267ms/step - loss: 16.8176 - accuracy: 0.2500 - val_loss: 7.8567 - val_accuracy: 0.4000 - lr: 1.0000e-05
Epoch 28/30
4/4 [==============================] - 1s 258ms/step - loss: 18.5964 - accuracy: 0.2000 - val_loss: 7.8461 - val_accuracy: 0.4000 - lr: 1.0000e-05
Epoch 29/30
4/4 [==============================] - 1s 256ms/step - loss: 16.5799 - accuracy: 0.1000 - val_loss: 7.8359 - val_accuracy: 0.4000 - lr: 1.0000e-05
Epoch 30/30
4/4 [==============================] - 1s 268ms/step - loss: 16.9578 - accuracy: 0.1333 - val_loss: 7.8257 - val_accuracy: 0.4000 - lr: 1.0000e-05
Evaluating the model...
1/1 [==============================] - 0s 97ms/step - loss: 7.9717 - accuracy: 0.4286
Test accuracy: 0.4285714328289032, Validation loss: 7.825675964355469
Saving results to CSV...
All experiments completed.

Process finished with exit code 0
