C:\Users\tom.zbc\PycharmProjects\fungis_bacterias_project\.venv\Scripts\python.exe C:\Users\tom.zbc\PycharmProjects\fungis_bacterias_project\3_model_training_and_evaluation_FNN_6_28pr.py
Checking data integrity...
Class 'Aero' meets the sample requirement.
Class 'Bacillus' meets the sample requirement.
Class 'Bor' meets the sample requirement.
Class 'E' meets the sample requirement.
Class 'Morganella' meets the sample requirement.
Class 'stapholococcus' meets the sample requirement.
Data check passed for directory: 'C:/Users/tom.zbc/PycharmProjects/fungis_bacterias_project/data/train'
Class 'Aero' meets the sample requirement.
Warning: Class 'Bacillus' has only 0 samples, expected at least 2.
Warning: Class 'Bor' has only 1 samples, expected at least 2.
Warning: Class 'E' has only 0 samples, expected at least 2.
Warning: Class 'Morganella' has only 1 samples, expected at least 2.
Warning: Class 'stapholococcus' has only 1 samples, expected at least 2.
Data check passed for directory: 'C:/Users/tom.zbc/PycharmProjects/fungis_bacterias_project/data/validation'
Class 'Aero' meets the sample requirement.
Warning: Class 'Bacillus' has only 1 samples, expected at least 2.
Warning: Class 'Bor' has only 0 samples, expected at least 2.
Warning: Class 'E' has only 0 samples, expected at least 2.
Warning: Class 'Morganella' has only 1 samples, expected at least 2.
Class 'stapholococcus' meets the sample requirement.
Data check passed for directory: 'C:/Users/tom.zbc/PycharmProjects/fungis_bacterias_project/data/test'
Data integrity check complete.

Running training with params: (1e-05, 0.7, 8, 70, 0.4, 40)
Loading training data...
Found 60 images belonging to 6 classes.
Loading validation data...
Found 5 images belonging to 6 classes.
Loading test data...
Found 7 images belonging to 6 classes.
Number of classes: 6
Computing class weights...
Class weights: {0: 1.0, 1: 1.0, 2: 1.0, 3: 1.0, 4: 1.0, 5: 1.0}
Creating model with learning rate: 1e-05, dropout: 0.7, filters: 8
2024-09-26 15:00:41.999836: I tensorflow/core/platform/cpu_feature_guard.cc:182] This TensorFlow binary is optimized to use available CPU instructions in performance-critical operations.
To enable the following instructions: SSE SSE2 SSE3 SSE4.1 SSE4.2 AVX AVX2 AVX_VNNI FMA, in other operations, rebuild TensorFlow with the appropriate compiler flags.
Model created and compiled.
Training the model...
Epoch 1/40
4/4 [==============================] - 2s 247ms/step - loss: 18.0171 - accuracy: 0.3000 - val_loss: 12.4312 - val_accuracy: 0.2000 - lr: 1.0000e-05
Epoch 2/40
4/4 [==============================] - 1s 172ms/step - loss: 19.6246 - accuracy: 0.1500 - val_loss: 12.4376 - val_accuracy: 0.4000 - lr: 1.0000e-05
Epoch 3/40
4/4 [==============================] - 1s 180ms/step - loss: 19.8984 - accuracy: 0.1333 - val_loss: 12.4459 - val_accuracy: 0.4000 - lr: 1.0000e-05
Evaluating the model...
1/1 [==============================] - 0s 85ms/step - loss: 12.4164 - accuracy: 0.4286
Test accuracy: 0.4285714328289032, Validation loss: 12.431232452392578
Saving results to CSV...

Running training with params: (1e-05, 0.7, 8, 70, 0.4, 50)
Loading training data...
Found 60 images belonging to 6 classes.
Loading validation data...
Found 5 images belonging to 6 classes.
Loading test data...
Found 7 images belonging to 6 classes.
Number of classes: 6
Computing class weights...
Class weights: {0: 1.0, 1: 1.0, 2: 1.0, 3: 1.0, 4: 1.0, 5: 1.0}
Creating model with learning rate: 1e-05, dropout: 0.7, filters: 8
Model created and compiled.
Training the model...
Epoch 1/50
4/4 [==============================] - 2s 247ms/step - loss: 17.5845 - accuracy: 0.2333 - val_loss: 12.4854 - val_accuracy: 0.2000 - lr: 1.0000e-05
Epoch 2/50
4/4 [==============================] - 1s 193ms/step - loss: 18.7676 - accuracy: 0.2167 - val_loss: 12.4821 - val_accuracy: 0.2000 - lr: 1.0000e-05
Epoch 3/50
4/4 [==============================] - 1s 188ms/step - loss: 17.3309 - accuracy: 0.2333 - val_loss: 12.4914 - val_accuracy: 0.2000 - lr: 1.0000e-05
Epoch 4/50
4/4 [==============================] - 1s 183ms/step - loss: 16.9212 - accuracy: 0.1667 - val_loss: 12.4985 - val_accuracy: 0.2000 - lr: 1.0000e-05
Evaluating the model...
1/1 [==============================] - 0s 89ms/step - loss: 12.5119 - accuracy: 0.0000e+00
Test accuracy: 0.0, Validation loss: 12.4821195602417
Saving results to CSV...

Running training with params: (1e-05, 0.7, 16, 70, 0.4, 40)
Loading training data...
Found 60 images belonging to 6 classes.
Loading validation data...
Found 5 images belonging to 6 classes.
Loading test data...
Found 7 images belonging to 6 classes.
Number of classes: 6
Computing class weights...
Class weights: {0: 1.0, 1: 1.0, 2: 1.0, 3: 1.0, 4: 1.0, 5: 1.0}
Creating model with learning rate: 1e-05, dropout: 0.7, filters: 16
Model created and compiled.
Training the model...
Epoch 1/40
4/4 [==============================] - 2s 243ms/step - loss: 20.5695 - accuracy: 0.1333 - val_loss: 13.2707 - val_accuracy: 0.4000 - lr: 1.0000e-05
Epoch 2/40
4/4 [==============================] - 1s 213ms/step - loss: 19.8212 - accuracy: 0.1500 - val_loss: 13.2516 - val_accuracy: 0.4000 - lr: 1.0000e-05
Epoch 3/40
4/4 [==============================] - 1s 191ms/step - loss: 19.4150 - accuracy: 0.1167 - val_loss: 13.2404 - val_accuracy: 0.4000 - lr: 1.0000e-05
Epoch 4/40
4/4 [==============================] - 1s 190ms/step - loss: 19.2318 - accuracy: 0.2167 - val_loss: 13.2312 - val_accuracy: 0.2000 - lr: 1.0000e-05
Epoch 5/40
4/4 [==============================] - 1s 204ms/step - loss: 18.7462 - accuracy: 0.2000 - val_loss: 13.2203 - val_accuracy: 0.4000 - lr: 1.0000e-05
Epoch 6/40
4/4 [==============================] - 1s 219ms/step - loss: 19.4294 - accuracy: 0.1833 - val_loss: 13.2092 - val_accuracy: 0.4000 - lr: 1.0000e-05
Epoch 7/40
4/4 [==============================] - 1s 197ms/step - loss: 19.6162 - accuracy: 0.1667 - val_loss: 13.2012 - val_accuracy: 0.4000 - lr: 1.0000e-05
Epoch 8/40
4/4 [==============================] - 1s 196ms/step - loss: 19.8375 - accuracy: 0.1833 - val_loss: 13.1940 - val_accuracy: 0.4000 - lr: 1.0000e-05
Epoch 9/40
4/4 [==============================] - 1s 200ms/step - loss: 20.2229 - accuracy: 0.1500 - val_loss: 13.1875 - val_accuracy: 0.2000 - lr: 1.0000e-05
Epoch 10/40
4/4 [==============================] - 1s 206ms/step - loss: 18.4536 - accuracy: 0.2333 - val_loss: 13.1810 - val_accuracy: 0.2000 - lr: 1.0000e-05
Epoch 11/40
4/4 [==============================] - 1s 198ms/step - loss: 20.5003 - accuracy: 0.1500 - val_loss: 13.1757 - val_accuracy: 0.2000 - lr: 1.0000e-05
Epoch 12/40
4/4 [==============================] - 1s 234ms/step - loss: 18.6142 - accuracy: 0.1333 - val_loss: 13.1697 - val_accuracy: 0.2000 - lr: 1.0000e-05
Epoch 13/40
4/4 [==============================] - 1s 211ms/step - loss: 19.5660 - accuracy: 0.1833 - val_loss: 13.1636 - val_accuracy: 0.2000 - lr: 1.0000e-05
Epoch 14/40
4/4 [==============================] - 1s 218ms/step - loss: 20.8127 - accuracy: 0.1167 - val_loss: 13.1583 - val_accuracy: 0.2000 - lr: 1.0000e-05
Epoch 15/40
4/4 [==============================] - 1s 204ms/step - loss: 19.3961 - accuracy: 0.1667 - val_loss: 13.1515 - val_accuracy: 0.2000 - lr: 1.0000e-05
Epoch 16/40
4/4 [==============================] - 1s 208ms/step - loss: 20.7631 - accuracy: 0.1667 - val_loss: 13.1436 - val_accuracy: 0.2000 - lr: 1.0000e-05
Epoch 17/40
4/4 [==============================] - 1s 197ms/step - loss: 18.4609 - accuracy: 0.1167 - val_loss: 13.1334 - val_accuracy: 0.2000 - lr: 1.0000e-05
Epoch 18/40
4/4 [==============================] - 1s 190ms/step - loss: 20.2171 - accuracy: 0.1667 - val_loss: 13.1250 - val_accuracy: 0.2000 - lr: 1.0000e-05
Epoch 19/40
4/4 [==============================] - 1s 201ms/step - loss: 19.8004 - accuracy: 0.1667 - val_loss: 13.1146 - val_accuracy: 0.2000 - lr: 1.0000e-05
Epoch 20/40
4/4 [==============================] - 1s 210ms/step - loss: 18.4956 - accuracy: 0.2000 - val_loss: 13.1036 - val_accuracy: 0.2000 - lr: 1.0000e-05
Epoch 21/40
4/4 [==============================] - 1s 207ms/step - loss: 19.8685 - accuracy: 0.2000 - val_loss: 13.0920 - val_accuracy: 0.2000 - lr: 1.0000e-05
Epoch 22/40
4/4 [==============================] - 1s 205ms/step - loss: 19.7606 - accuracy: 0.1000 - val_loss: 13.0807 - val_accuracy: 0.2000 - lr: 1.0000e-05
Epoch 23/40
4/4 [==============================] - 1s 198ms/step - loss: 19.2235 - accuracy: 0.1667 - val_loss: 13.0704 - val_accuracy: 0.2000 - lr: 1.0000e-05
Epoch 24/40
4/4 [==============================] - 1s 205ms/step - loss: 20.8526 - accuracy: 0.1500 - val_loss: 13.0590 - val_accuracy: 0.2000 - lr: 1.0000e-05
Epoch 25/40
4/4 [==============================] - 1s 203ms/step - loss: 21.3652 - accuracy: 0.1000 - val_loss: 13.0459 - val_accuracy: 0.2000 - lr: 1.0000e-05
Epoch 26/40
4/4 [==============================] - 1s 200ms/step - loss: 19.7679 - accuracy: 0.1333 - val_loss: 13.0334 - val_accuracy: 0.2000 - lr: 1.0000e-05
Epoch 27/40
4/4 [==============================] - 1s 197ms/step - loss: 17.2798 - accuracy: 0.2833 - val_loss: 13.0197 - val_accuracy: 0.4000 - lr: 1.0000e-05
Epoch 28/40
4/4 [==============================] - 1s 207ms/step - loss: 17.9743 - accuracy: 0.2167 - val_loss: 13.0074 - val_accuracy: 0.4000 - lr: 1.0000e-05
Epoch 29/40
4/4 [==============================] - 1s 200ms/step - loss: 19.0976 - accuracy: 0.1833 - val_loss: 12.9945 - val_accuracy: 0.4000 - lr: 1.0000e-05
Epoch 30/40
4/4 [==============================] - 1s 201ms/step - loss: 18.2716 - accuracy: 0.1333 - val_loss: 12.9827 - val_accuracy: 0.4000 - lr: 1.0000e-05
Epoch 31/40
4/4 [==============================] - 1s 202ms/step - loss: 19.6848 - accuracy: 0.1500 - val_loss: 12.9715 - val_accuracy: 0.4000 - lr: 1.0000e-05
Epoch 32/40
4/4 [==============================] - 1s 206ms/step - loss: 18.1612 - accuracy: 0.2167 - val_loss: 12.9618 - val_accuracy: 0.4000 - lr: 1.0000e-05
Epoch 33/40
4/4 [==============================] - 1s 205ms/step - loss: 20.2340 - accuracy: 0.1833 - val_loss: 12.9527 - val_accuracy: 0.4000 - lr: 1.0000e-05
Epoch 34/40
4/4 [==============================] - 1s 221ms/step - loss: 18.7224 - accuracy: 0.1500 - val_loss: 12.9442 - val_accuracy: 0.4000 - lr: 1.0000e-05
Epoch 35/40
4/4 [==============================] - 1s 192ms/step - loss: 19.2145 - accuracy: 0.1500 - val_loss: 12.9332 - val_accuracy: 0.4000 - lr: 1.0000e-05
Epoch 36/40
4/4 [==============================] - 1s 210ms/step - loss: 19.4993 - accuracy: 0.1500 - val_loss: 12.9210 - val_accuracy: 0.4000 - lr: 1.0000e-05
Epoch 37/40
4/4 [==============================] - 1s 203ms/step - loss: 18.2836 - accuracy: 0.2833 - val_loss: 12.9091 - val_accuracy: 0.4000 - lr: 1.0000e-05
Epoch 38/40
4/4 [==============================] - 1s 220ms/step - loss: 18.4770 - accuracy: 0.2333 - val_loss: 12.8984 - val_accuracy: 0.4000 - lr: 1.0000e-05
Epoch 39/40
4/4 [==============================] - 1s 201ms/step - loss: 19.1924 - accuracy: 0.1833 - val_loss: 12.8880 - val_accuracy: 0.4000 - lr: 1.0000e-05
Epoch 40/40
4/4 [==============================] - 1s 225ms/step - loss: 18.9040 - accuracy: 0.1167 - val_loss: 12.8779 - val_accuracy: 0.4000 - lr: 1.0000e-05
Evaluating the model...
1/1 [==============================] - 0s 90ms/step - loss: 13.0356 - accuracy: 0.2857
Test accuracy: 0.2857142984867096, Validation loss: 12.87791633605957
Saving results to CSV...

Running training with params: (1e-05, 0.7, 16, 70, 0.4, 50)
Loading training data...
Found 60 images belonging to 6 classes.
Loading validation data...
Found 5 images belonging to 6 classes.
Loading test data...
Found 7 images belonging to 6 classes.
Number of classes: 6
Computing class weights...
Class weights: {0: 1.0, 1: 1.0, 2: 1.0, 3: 1.0, 4: 1.0, 5: 1.0}
Creating model with learning rate: 1e-05, dropout: 0.7, filters: 16
Model created and compiled.
Training the model...
Epoch 1/50
4/4 [==============================] - 2s 237ms/step - loss: 18.8266 - accuracy: 0.2167 - val_loss: 13.2630 - val_accuracy: 0.2000 - lr: 1.0000e-05
Epoch 2/50
4/4 [==============================] - 1s 193ms/step - loss: 19.8007 - accuracy: 0.1667 - val_loss: 13.2623 - val_accuracy: 0.0000e+00 - lr: 1.0000e-05
Epoch 3/50
4/4 [==============================] - 1s 194ms/step - loss: 18.5422 - accuracy: 0.2333 - val_loss: 13.2603 - val_accuracy: 0.0000e+00 - lr: 1.0000e-05
Epoch 4/50
4/4 [==============================] - 1s 215ms/step - loss: 20.0873 - accuracy: 0.1167 - val_loss: 13.2580 - val_accuracy: 0.0000e+00 - lr: 1.0000e-05
Epoch 5/50
4/4 [==============================] - 1s 200ms/step - loss: 21.4548 - accuracy: 0.1167 - val_loss: 13.2538 - val_accuracy: 0.0000e+00 - lr: 1.0000e-05
Epoch 6/50
4/4 [==============================] - 1s 190ms/step - loss: 20.1950 - accuracy: 0.1667 - val_loss: 13.2480 - val_accuracy: 0.2000 - lr: 1.0000e-05
Epoch 7/50
4/4 [==============================] - 1s 199ms/step - loss: 20.6479 - accuracy: 0.0833 - val_loss: 13.2427 - val_accuracy: 0.2000 - lr: 1.0000e-05
Epoch 8/50
4/4 [==============================] - 1s 195ms/step - loss: 20.0577 - accuracy: 0.1667 - val_loss: 13.2390 - val_accuracy: 0.2000 - lr: 1.0000e-05
Epoch 9/50
4/4 [==============================] - 1s 193ms/step - loss: 21.3696 - accuracy: 0.0833 - val_loss: 13.2356 - val_accuracy: 0.2000 - lr: 1.0000e-05
Epoch 10/50
4/4 [==============================] - 1s 216ms/step - loss: 21.5401 - accuracy: 0.1667 - val_loss: 13.2325 - val_accuracy: 0.2000 - lr: 1.0000e-05
Epoch 11/50
4/4 [==============================] - 1s 196ms/step - loss: 19.0251 - accuracy: 0.1833 - val_loss: 13.2299 - val_accuracy: 0.2000 - lr: 1.0000e-05
Epoch 12/50
4/4 [==============================] - 1s 226ms/step - loss: 20.6402 - accuracy: 0.1333 - val_loss: 13.2278 - val_accuracy: 0.2000 - lr: 1.0000e-05
Epoch 13/50
4/4 [==============================] - 1s 207ms/step - loss: 19.9435 - accuracy: 0.1667 - val_loss: 13.2251 - val_accuracy: 0.2000 - lr: 1.0000e-05
Epoch 14/50
4/4 [==============================] - 1s 196ms/step - loss: 19.3543 - accuracy: 0.2167 - val_loss: 13.2218 - val_accuracy: 0.2000 - lr: 1.0000e-05
Epoch 15/50
4/4 [==============================] - 1s 188ms/step - loss: 20.3956 - accuracy: 0.1500 - val_loss: 13.2176 - val_accuracy: 0.4000 - lr: 1.0000e-05
Epoch 16/50
4/4 [==============================] - 1s 189ms/step - loss: 19.1636 - accuracy: 0.1833 - val_loss: 13.2131 - val_accuracy: 0.4000 - lr: 1.0000e-05
Epoch 17/50
4/4 [==============================] - 1s 196ms/step - loss: 19.4987 - accuracy: 0.1667 - val_loss: 13.2087 - val_accuracy: 0.4000 - lr: 1.0000e-05
Epoch 18/50
4/4 [==============================] - 1s 201ms/step - loss: 19.7885 - accuracy: 0.1500 - val_loss: 13.2058 - val_accuracy: 0.4000 - lr: 1.0000e-05
Epoch 19/50
4/4 [==============================] - 1s 211ms/step - loss: 18.5745 - accuracy: 0.1667 - val_loss: 13.2051 - val_accuracy: 0.4000 - lr: 1.0000e-05
Epoch 20/50
4/4 [==============================] - 1s 198ms/step - loss: 17.7948 - accuracy: 0.2167 - val_loss: 13.2035 - val_accuracy: 0.4000 - lr: 1.0000e-05
Epoch 21/50
4/4 [==============================] - 1s 196ms/step - loss: 19.1486 - accuracy: 0.1833 - val_loss: 13.2016 - val_accuracy: 0.4000 - lr: 1.0000e-05
Epoch 22/50
4/4 [==============================] - 1s 191ms/step - loss: 20.7684 - accuracy: 0.0833 - val_loss: 13.2018 - val_accuracy: 0.4000 - lr: 1.0000e-05
Epoch 23/50
4/4 [==============================] - 1s 197ms/step - loss: 19.3638 - accuracy: 0.1833 - val_loss: 13.2028 - val_accuracy: 0.4000 - lr: 1.0000e-05
Evaluating the model...
1/1 [==============================] - 0s 85ms/step - loss: 13.0896 - accuracy: 0.4286
Test accuracy: 0.4285714328289032, Validation loss: 13.201642990112305
Saving results to CSV...

Running training with params: (1e-05, 0.9, 8, 70, 0.4, 40)
Loading training data...
Found 60 images belonging to 6 classes.
Loading validation data...
Found 5 images belonging to 6 classes.
Loading test data...
Found 7 images belonging to 6 classes.
Number of classes: 6
Computing class weights...
Class weights: {0: 1.0, 1: 1.0, 2: 1.0, 3: 1.0, 4: 1.0, 5: 1.0}
Creating model with learning rate: 1e-05, dropout: 0.9, filters: 8
Model created and compiled.
Training the model...
Epoch 1/40
4/4 [==============================] - 2s 258ms/step - loss: 34.8045 - accuracy: 0.1333 - val_loss: 12.4302 - val_accuracy: 0.2000 - lr: 1.0000e-05
Epoch 2/40
4/4 [==============================] - 1s 187ms/step - loss: 41.4334 - accuracy: 0.1167 - val_loss: 12.4032 - val_accuracy: 0.2000 - lr: 1.0000e-05
Epoch 3/40
4/4 [==============================] - 1s 181ms/step - loss: 34.7215 - accuracy: 0.2000 - val_loss: 12.3895 - val_accuracy: 0.2000 - lr: 1.0000e-05
Epoch 4/40
4/4 [==============================] - 1s 186ms/step - loss: 33.0780 - accuracy: 0.1500 - val_loss: 12.3692 - val_accuracy: 0.2000 - lr: 1.0000e-05
Epoch 5/40
4/4 [==============================] - 1s 206ms/step - loss: 35.4670 - accuracy: 0.0833 - val_loss: 12.3491 - val_accuracy: 0.2000 - lr: 1.0000e-05
Epoch 6/40
4/4 [==============================] - 1s 176ms/step - loss: 31.1514 - accuracy: 0.1833 - val_loss: 12.3305 - val_accuracy: 0.0000e+00 - lr: 1.0000e-05
Epoch 7/40
4/4 [==============================] - 1s 209ms/step - loss: 32.9814 - accuracy: 0.1500 - val_loss: 12.3172 - val_accuracy: 0.2000 - lr: 1.0000e-05
Epoch 8/40
4/4 [==============================] - 1s 206ms/step - loss: 34.4700 - accuracy: 0.1667 - val_loss: 12.3067 - val_accuracy: 0.2000 - lr: 1.0000e-05
Epoch 9/40
4/4 [==============================] - 1s 183ms/step - loss: 32.8863 - accuracy: 0.1833 - val_loss: 12.2975 - val_accuracy: 0.4000 - lr: 1.0000e-05
Epoch 10/40
4/4 [==============================] - 1s 185ms/step - loss: 35.5583 - accuracy: 0.1500 - val_loss: 12.2899 - val_accuracy: 0.4000 - lr: 1.0000e-05
Epoch 11/40
4/4 [==============================] - 1s 200ms/step - loss: 38.0351 - accuracy: 0.1667 - val_loss: 12.2833 - val_accuracy: 0.4000 - lr: 1.0000e-05
Epoch 12/40
4/4 [==============================] - 1s 187ms/step - loss: 34.4378 - accuracy: 0.1500 - val_loss: 12.2784 - val_accuracy: 0.4000 - lr: 1.0000e-05
Epoch 13/40
4/4 [==============================] - 1s 197ms/step - loss: 33.8986 - accuracy: 0.0833 - val_loss: 12.2764 - val_accuracy: 0.4000 - lr: 1.0000e-05
Epoch 14/40
4/4 [==============================] - 1s 176ms/step - loss: 35.4110 - accuracy: 0.1500 - val_loss: 12.2765 - val_accuracy: 0.4000 - lr: 1.0000e-05
Epoch 15/40
4/4 [==============================] - 1s 178ms/step - loss: 32.3437 - accuracy: 0.1833 - val_loss: 12.2764 - val_accuracy: 0.4000 - lr: 1.0000e-05
Evaluating the model...
1/1 [==============================] - 0s 83ms/step - loss: 12.1692 - accuracy: 0.2857
Test accuracy: 0.2857142984867096, Validation loss: 12.276416778564453
Saving results to CSV...

Running training with params: (1e-05, 0.9, 8, 70, 0.4, 50)
Loading training data...
Found 60 images belonging to 6 classes.
Loading validation data...
Found 5 images belonging to 6 classes.
Loading test data...
Found 7 images belonging to 6 classes.
Number of classes: 6
Computing class weights...
Class weights: {0: 1.0, 1: 1.0, 2: 1.0, 3: 1.0, 4: 1.0, 5: 1.0}
Creating model with learning rate: 1e-05, dropout: 0.9, filters: 8
Model created and compiled.
Training the model...
Epoch 1/50
4/4 [==============================] - 2s 226ms/step - loss: 35.6889 - accuracy: 0.2000 - val_loss: 12.4112 - val_accuracy: 0.2000 - lr: 1.0000e-05
Epoch 2/50
4/4 [==============================] - 1s 179ms/step - loss: 33.6707 - accuracy: 0.1833 - val_loss: 12.3767 - val_accuracy: 0.2000 - lr: 1.0000e-05
Epoch 3/50
4/4 [==============================] - 1s 177ms/step - loss: 31.5937 - accuracy: 0.1667 - val_loss: 12.3483 - val_accuracy: 0.2000 - lr: 1.0000e-05
Epoch 4/50
4/4 [==============================] - 1s 172ms/step - loss: 34.0719 - accuracy: 0.1167 - val_loss: 12.3191 - val_accuracy: 0.2000 - lr: 1.0000e-05
Epoch 5/50
4/4 [==============================] - 1s 176ms/step - loss: 34.3465 - accuracy: 0.2167 - val_loss: 12.2990 - val_accuracy: 0.2000 - lr: 1.0000e-05
Epoch 6/50
4/4 [==============================] - 1s 200ms/step - loss: 37.5128 - accuracy: 0.0833 - val_loss: 12.2810 - val_accuracy: 0.2000 - lr: 1.0000e-05
Epoch 7/50
4/4 [==============================] - 1s 179ms/step - loss: 30.4610 - accuracy: 0.2000 - val_loss: 12.2670 - val_accuracy: 0.0000e+00 - lr: 1.0000e-05
Epoch 8/50
4/4 [==============================] - 1s 185ms/step - loss: 38.1880 - accuracy: 0.1667 - val_loss: 12.2558 - val_accuracy: 0.0000e+00 - lr: 1.0000e-05
Epoch 9/50
4/4 [==============================] - 1s 180ms/step - loss: 37.6657 - accuracy: 0.1167 - val_loss: 12.2463 - val_accuracy: 0.0000e+00 - lr: 1.0000e-05
Epoch 10/50
4/4 [==============================] - 1s 176ms/step - loss: 35.4450 - accuracy: 0.1667 - val_loss: 12.2382 - val_accuracy: 0.0000e+00 - lr: 1.0000e-05
Epoch 11/50
4/4 [==============================] - 1s 171ms/step - loss: 28.6317 - accuracy: 0.2333 - val_loss: 12.2311 - val_accuracy: 0.0000e+00 - lr: 1.0000e-05
Epoch 12/50
4/4 [==============================] - 1s 186ms/step - loss: 35.7898 - accuracy: 0.1167 - val_loss: 12.2259 - val_accuracy: 0.0000e+00 - lr: 1.0000e-05
Epoch 13/50
4/4 [==============================] - 1s 183ms/step - loss: 29.3760 - accuracy: 0.2333 - val_loss: 12.2216 - val_accuracy: 0.0000e+00 - lr: 1.0000e-05
Epoch 14/50
4/4 [==============================] - 1s 197ms/step - loss: 32.0594 - accuracy: 0.1500 - val_loss: 12.2179 - val_accuracy: 0.2000 - lr: 1.0000e-05
Epoch 15/50
4/4 [==============================] - 1s 173ms/step - loss: 30.6921 - accuracy: 0.2000 - val_loss: 12.2143 - val_accuracy: 0.2000 - lr: 1.0000e-05
Epoch 16/50
4/4 [==============================] - 1s 176ms/step - loss: 36.0754 - accuracy: 0.1333 - val_loss: 12.2105 - val_accuracy: 0.2000 - lr: 1.0000e-05
Epoch 17/50
4/4 [==============================] - 1s 176ms/step - loss: 32.0975 - accuracy: 0.1833 - val_loss: 12.2070 - val_accuracy: 0.2000 - lr: 1.0000e-05
Epoch 18/50
4/4 [==============================] - 1s 184ms/step - loss: 32.4725 - accuracy: 0.0667 - val_loss: 12.2042 - val_accuracy: 0.2000 - lr: 1.0000e-05
Epoch 19/50
4/4 [==============================] - 1s 175ms/step - loss: 30.7437 - accuracy: 0.1500 - val_loss: 12.2020 - val_accuracy: 0.2000 - lr: 1.0000e-05
Epoch 20/50
4/4 [==============================] - 1s 179ms/step - loss: 31.3609 - accuracy: 0.1833 - val_loss: 12.1996 - val_accuracy: 0.2000 - lr: 1.0000e-05
Epoch 21/50
4/4 [==============================] - 1s 186ms/step - loss: 30.9765 - accuracy: 0.1500 - val_loss: 12.1965 - val_accuracy: 0.2000 - lr: 1.0000e-05
Epoch 22/50
4/4 [==============================] - 1s 176ms/step - loss: 31.4299 - accuracy: 0.1833 - val_loss: 12.1940 - val_accuracy: 0.2000 - lr: 1.0000e-05
Epoch 23/50
4/4 [==============================] - 1s 190ms/step - loss: 35.3743 - accuracy: 0.2000 - val_loss: 12.1909 - val_accuracy: 0.2000 - lr: 1.0000e-05
Epoch 24/50
4/4 [==============================] - 1s 178ms/step - loss: 34.1651 - accuracy: 0.1667 - val_loss: 12.1877 - val_accuracy: 0.2000 - lr: 1.0000e-05
Epoch 25/50
4/4 [==============================] - 1s 193ms/step - loss: 33.8706 - accuracy: 0.1000 - val_loss: 12.1842 - val_accuracy: 0.2000 - lr: 1.0000e-05
Epoch 26/50
4/4 [==============================] - 1s 193ms/step - loss: 35.2799 - accuracy: 0.1000 - val_loss: 12.1809 - val_accuracy: 0.2000 - lr: 1.0000e-05
Epoch 27/50
4/4 [==============================] - 1s 174ms/step - loss: 31.6390 - accuracy: 0.1167 - val_loss: 12.1778 - val_accuracy: 0.2000 - lr: 1.0000e-05
Epoch 28/50
4/4 [==============================] - 1s 177ms/step - loss: 33.7336 - accuracy: 0.1333 - val_loss: 12.1748 - val_accuracy: 0.2000 - lr: 1.0000e-05
Epoch 29/50
4/4 [==============================] - 1s 180ms/step - loss: 34.5904 - accuracy: 0.1667 - val_loss: 12.1716 - val_accuracy: 0.2000 - lr: 1.0000e-05
Epoch 30/50
4/4 [==============================] - 1s 189ms/step - loss: 38.8404 - accuracy: 0.1833 - val_loss: 12.1684 - val_accuracy: 0.2000 - lr: 1.0000e-05
Epoch 31/50
4/4 [==============================] - 1s 175ms/step - loss: 33.9050 - accuracy: 0.1333 - val_loss: 12.1656 - val_accuracy: 0.2000 - lr: 1.0000e-05
Epoch 32/50
4/4 [==============================] - 1s 179ms/step - loss: 30.3510 - accuracy: 0.2333 - val_loss: 12.1617 - val_accuracy: 0.2000 - lr: 1.0000e-05
Epoch 33/50
4/4 [==============================] - 1s 175ms/step - loss: 29.9019 - accuracy: 0.1833 - val_loss: 12.1583 - val_accuracy: 0.2000 - lr: 1.0000e-05
Epoch 34/50
4/4 [==============================] - 1s 176ms/step - loss: 30.8205 - accuracy: 0.1667 - val_loss: 12.1547 - val_accuracy: 0.2000 - lr: 1.0000e-05
Epoch 35/50
4/4 [==============================] - 1s 199ms/step - loss: 34.8733 - accuracy: 0.1333 - val_loss: 12.1512 - val_accuracy: 0.2000 - lr: 1.0000e-05
Epoch 36/50
4/4 [==============================] - 1s 191ms/step - loss: 33.4106 - accuracy: 0.0667 - val_loss: 12.1485 - val_accuracy: 0.2000 - lr: 1.0000e-05
Epoch 37/50
4/4 [==============================] - 1s 193ms/step - loss: 33.3376 - accuracy: 0.1833 - val_loss: 12.1459 - val_accuracy: 0.2000 - lr: 1.0000e-05
Epoch 38/50
4/4 [==============================] - 1s 198ms/step - loss: 36.0327 - accuracy: 0.1833 - val_loss: 12.1416 - val_accuracy: 0.2000 - lr: 1.0000e-05
Epoch 39/50
4/4 [==============================] - 1s 170ms/step - loss: 31.8224 - accuracy: 0.1833 - val_loss: 12.1378 - val_accuracy: 0.2000 - lr: 1.0000e-05
Epoch 40/50
4/4 [==============================] - 1s 195ms/step - loss: 34.8264 - accuracy: 0.2000 - val_loss: 12.1332 - val_accuracy: 0.2000 - lr: 1.0000e-05
Epoch 41/50
4/4 [==============================] - 1s 171ms/step - loss: 31.0546 - accuracy: 0.1833 - val_loss: 12.1291 - val_accuracy: 0.2000 - lr: 1.0000e-05
Epoch 42/50
4/4 [==============================] - 1s 178ms/step - loss: 34.6557 - accuracy: 0.1000 - val_loss: 12.1252 - val_accuracy: 0.0000e+00 - lr: 1.0000e-05
Epoch 43/50
4/4 [==============================] - 1s 187ms/step - loss: 34.1548 - accuracy: 0.1333 - val_loss: 12.1209 - val_accuracy: 0.0000e+00 - lr: 1.0000e-05
Epoch 44/50
4/4 [==============================] - 1s 199ms/step - loss: 33.3904 - accuracy: 0.1667 - val_loss: 12.1161 - val_accuracy: 0.0000e+00 - lr: 1.0000e-05
Epoch 45/50
4/4 [==============================] - 1s 197ms/step - loss: 33.1127 - accuracy: 0.1667 - val_loss: 12.1107 - val_accuracy: 0.0000e+00 - lr: 1.0000e-05
Epoch 46/50
4/4 [==============================] - 1s 189ms/step - loss: 30.4840 - accuracy: 0.1833 - val_loss: 12.1053 - val_accuracy: 0.0000e+00 - lr: 1.0000e-05
Epoch 47/50
4/4 [==============================] - 1s 193ms/step - loss: 34.8632 - accuracy: 0.1333 - val_loss: 12.1004 - val_accuracy: 0.0000e+00 - lr: 1.0000e-05
Epoch 48/50
4/4 [==============================] - 1s 181ms/step - loss: 31.8523 - accuracy: 0.2000 - val_loss: 12.0939 - val_accuracy: 0.0000e+00 - lr: 1.0000e-05
Epoch 49/50
4/4 [==============================] - 1s 200ms/step - loss: 32.0982 - accuracy: 0.2333 - val_loss: 12.0862 - val_accuracy: 0.2000 - lr: 1.0000e-05
Epoch 50/50
4/4 [==============================] - 1s 173ms/step - loss: 32.5351 - accuracy: 0.1667 - val_loss: 12.0807 - val_accuracy: 0.2000 - lr: 1.0000e-05
Evaluating the model...
1/1 [==============================] - 0s 82ms/step - loss: 12.3430 - accuracy: 0.0000e+00
Test accuracy: 0.0, Validation loss: 12.080662727355957
Saving results to CSV...

Running training with params: (1e-05, 0.9, 16, 70, 0.4, 40)
Loading training data...
Found 60 images belonging to 6 classes.
Loading validation data...
Found 5 images belonging to 6 classes.
Loading test data...
Found 7 images belonging to 6 classes.
Number of classes: 6
Computing class weights...
Class weights: {0: 1.0, 1: 1.0, 2: 1.0, 3: 1.0, 4: 1.0, 5: 1.0}
Creating model with learning rate: 1e-05, dropout: 0.9, filters: 16
Model created and compiled.
Training the model...
Epoch 1/40
4/4 [==============================] - 2s 252ms/step - loss: 37.1575 - accuracy: 0.1833 - val_loss: 13.1954 - val_accuracy: 0.2000 - lr: 1.0000e-05
Epoch 2/40
4/4 [==============================] - 1s 204ms/step - loss: 39.7300 - accuracy: 0.1167 - val_loss: 13.1528 - val_accuracy: 0.4000 - lr: 1.0000e-05
Epoch 3/40
4/4 [==============================] - 1s 188ms/step - loss: 34.0331 - accuracy: 0.2667 - val_loss: 13.1236 - val_accuracy: 0.4000 - lr: 1.0000e-05
Epoch 4/40
4/4 [==============================] - 1s 197ms/step - loss: 28.8222 - accuracy: 0.2500 - val_loss: 13.1012 - val_accuracy: 0.4000 - lr: 1.0000e-05
Epoch 5/40
4/4 [==============================] - 1s 194ms/step - loss: 36.7880 - accuracy: 0.1500 - val_loss: 13.0865 - val_accuracy: 0.4000 - lr: 1.0000e-05
Epoch 6/40
4/4 [==============================] - 1s 221ms/step - loss: 35.8747 - accuracy: 0.2000 - val_loss: 13.0777 - val_accuracy: 0.4000 - lr: 1.0000e-05
Epoch 7/40
4/4 [==============================] - 1s 194ms/step - loss: 39.1008 - accuracy: 0.1833 - val_loss: 13.0729 - val_accuracy: 0.2000 - lr: 1.0000e-05
Epoch 8/40
4/4 [==============================] - 1s 188ms/step - loss: 35.6175 - accuracy: 0.1833 - val_loss: 13.0699 - val_accuracy: 0.2000 - lr: 1.0000e-05
Epoch 9/40
4/4 [==============================] - 1s 188ms/step - loss: 36.6394 - accuracy: 0.0833 - val_loss: 13.0676 - val_accuracy: 0.2000 - lr: 1.0000e-05
Epoch 10/40
4/4 [==============================] - 1s 188ms/step - loss: 36.8907 - accuracy: 0.0833 - val_loss: 13.0683 - val_accuracy: 0.2000 - lr: 1.0000e-05
Epoch 11/40
4/4 [==============================] - 1s 194ms/step - loss: 34.9070 - accuracy: 0.2000 - val_loss: 13.0701 - val_accuracy: 0.2000 - lr: 1.0000e-05
Evaluating the model...
1/1 [==============================] - 0s 86ms/step - loss: 13.1044 - accuracy: 0.0000e+00
Test accuracy: 0.0, Validation loss: 13.067644119262695
Saving results to CSV...

Running training with params: (1e-05, 0.9, 16, 70, 0.4, 50)
Loading training data...
Found 60 images belonging to 6 classes.
Loading validation data...
Found 5 images belonging to 6 classes.
Loading test data...
Found 7 images belonging to 6 classes.
Number of classes: 6
Computing class weights...
Class weights: {0: 1.0, 1: 1.0, 2: 1.0, 3: 1.0, 4: 1.0, 5: 1.0}
Creating model with learning rate: 1e-05, dropout: 0.9, filters: 16
Model created and compiled.
Training the model...
Epoch 1/50
4/4 [==============================] - 2s 249ms/step - loss: 35.5660 - accuracy: 0.1167 - val_loss: 13.2264 - val_accuracy: 0.0000e+00 - lr: 1.0000e-05
Epoch 2/50
4/4 [==============================] - 1s 206ms/step - loss: 34.4383 - accuracy: 0.1667 - val_loss: 13.1798 - val_accuracy: 0.0000e+00 - lr: 1.0000e-05
Epoch 3/50
4/4 [==============================] - 1s 203ms/step - loss: 31.8403 - accuracy: 0.1500 - val_loss: 13.1389 - val_accuracy: 0.2000 - lr: 1.0000e-05
Epoch 4/50
4/4 [==============================] - 1s 206ms/step - loss: 39.2701 - accuracy: 0.1667 - val_loss: 13.1095 - val_accuracy: 0.2000 - lr: 1.0000e-05
Epoch 5/50
4/4 [==============================] - 1s 201ms/step - loss: 33.0102 - accuracy: 0.2000 - val_loss: 13.0902 - val_accuracy: 0.0000e+00 - lr: 1.0000e-05
Epoch 6/50
4/4 [==============================] - 1s 201ms/step - loss: 35.8581 - accuracy: 0.0667 - val_loss: 13.0735 - val_accuracy: 0.2000 - lr: 1.0000e-05
Epoch 7/50
4/4 [==============================] - 1s 201ms/step - loss: 35.2118 - accuracy: 0.1500 - val_loss: 13.0602 - val_accuracy: 0.0000e+00 - lr: 1.0000e-05
Epoch 8/50
4/4 [==============================] - 1s 222ms/step - loss: 34.0691 - accuracy: 0.1500 - val_loss: 13.0500 - val_accuracy: 0.2000 - lr: 1.0000e-05
Epoch 9/50
4/4 [==============================] - 1s 212ms/step - loss: 36.8542 - accuracy: 0.1167 - val_loss: 13.0424 - val_accuracy: 0.2000 - lr: 1.0000e-05
Epoch 10/50
4/4 [==============================] - 1s 210ms/step - loss: 33.6993 - accuracy: 0.1667 - val_loss: 13.0375 - val_accuracy: 0.2000 - lr: 1.0000e-05
Epoch 11/50
4/4 [==============================] - 1s 216ms/step - loss: 32.9036 - accuracy: 0.1833 - val_loss: 13.0344 - val_accuracy: 0.2000 - lr: 1.0000e-05
Epoch 12/50
4/4 [==============================] - 1s 224ms/step - loss: 31.9095 - accuracy: 0.1167 - val_loss: 13.0327 - val_accuracy: 0.2000 - lr: 1.0000e-05
Epoch 13/50
4/4 [==============================] - 1s 230ms/step - loss: 36.8572 - accuracy: 0.1333 - val_loss: 13.0326 - val_accuracy: 0.2000 - lr: 1.0000e-05
Epoch 14/50
4/4 [==============================] - 1s 221ms/step - loss: 31.3176 - accuracy: 0.2000 - val_loss: 13.0332 - val_accuracy: 0.2000 - lr: 1.0000e-05
Epoch 15/50
4/4 [==============================] - 1s 203ms/step - loss: 32.5936 - accuracy: 0.2500 - val_loss: 13.0343 - val_accuracy: 0.2000 - lr: 1.0000e-05
Evaluating the model...
1/1 [==============================] - 0s 92ms/step - loss: 12.9361 - accuracy: 0.1429
Test accuracy: 0.1428571492433548, Validation loss: 13.032575607299805
Saving results to CSV...

Running training with params: (1e-06, 0.7, 8, 70, 0.4, 40)
Loading training data...
Found 60 images belonging to 6 classes.
Loading validation data...
Found 5 images belonging to 6 classes.
Loading test data...
Found 7 images belonging to 6 classes.
Number of classes: 6
Computing class weights...
Class weights: {0: 1.0, 1: 1.0, 2: 1.0, 3: 1.0, 4: 1.0, 5: 1.0}
Creating model with learning rate: 1e-06, dropout: 0.7, filters: 8
Model created and compiled.
Training the model...
Epoch 1/40
4/4 [==============================] - 2s 237ms/step - loss: 19.4111 - accuracy: 0.1333 - val_loss: 12.5009 - val_accuracy: 0.2000 - lr: 1.0000e-06
Epoch 2/40
4/4 [==============================] - 1s 188ms/step - loss: 19.7701 - accuracy: 0.1667 - val_loss: 12.5022 - val_accuracy: 0.2000 - lr: 1.0000e-06
Epoch 3/40
4/4 [==============================] - 1s 183ms/step - loss: 20.0563 - accuracy: 0.1833 - val_loss: 12.5025 - val_accuracy: 0.2000 - lr: 1.0000e-06
Evaluating the model...
1/1 [==============================] - 0s 85ms/step - loss: 12.4792 - accuracy: 0.1429
Test accuracy: 0.1428571492433548, Validation loss: 12.500930786132812
Saving results to CSV...

Running training with params: (1e-06, 0.7, 8, 70, 0.4, 50)
Loading training data...
Found 60 images belonging to 6 classes.
Loading validation data...
Found 5 images belonging to 6 classes.
Loading test data...
Found 7 images belonging to 6 classes.
Number of classes: 6
Computing class weights...
Class weights: {0: 1.0, 1: 1.0, 2: 1.0, 3: 1.0, 4: 1.0, 5: 1.0}
Creating model with learning rate: 1e-06, dropout: 0.7, filters: 8
Model created and compiled.
Training the model...
Epoch 1/50
4/4 [==============================] - 2s 236ms/step - loss: 19.1863 - accuracy: 0.1000 - val_loss: 12.4920 - val_accuracy: 0.0000e+00 - lr: 1.0000e-06
Epoch 2/50
4/4 [==============================] - 1s 189ms/step - loss: 17.4233 - accuracy: 0.2167 - val_loss: 12.4952 - val_accuracy: 0.2000 - lr: 1.0000e-06
Epoch 3/50
4/4 [==============================] - 1s 207ms/step - loss: 19.8234 - accuracy: 0.1667 - val_loss: 12.4991 - val_accuracy: 0.2000 - lr: 1.0000e-06
Evaluating the model...
1/1 [==============================] - 0s 87ms/step - loss: 12.4763 - accuracy: 0.1429
Test accuracy: 0.1428571492433548, Validation loss: 12.49197006225586
Saving results to CSV...

Running training with params: (1e-06, 0.7, 16, 70, 0.4, 40)
Loading training data...
Found 60 images belonging to 6 classes.
Loading validation data...
Found 5 images belonging to 6 classes.
Loading test data...
Found 7 images belonging to 6 classes.
Number of classes: 6
Computing class weights...
Class weights: {0: 1.0, 1: 1.0, 2: 1.0, 3: 1.0, 4: 1.0, 5: 1.0}
Creating model with learning rate: 1e-06, dropout: 0.7, filters: 16
Model created and compiled.
Training the model...
Epoch 1/40
4/4 [==============================] - 2s 272ms/step - loss: 19.8787 - accuracy: 0.1333 - val_loss: 13.2864 - val_accuracy: 0.0000e+00 - lr: 1.0000e-06
Epoch 2/40
4/4 [==============================] - 1s 206ms/step - loss: 22.3416 - accuracy: 0.1667 - val_loss: 13.3101 - val_accuracy: 0.0000e+00 - lr: 1.0000e-06
Epoch 3/40
4/4 [==============================] - 1s 211ms/step - loss: 19.8038 - accuracy: 0.1667 - val_loss: 13.3349 - val_accuracy: 0.0000e+00 - lr: 1.0000e-06
Evaluating the model...
1/1 [==============================] - 0s 89ms/step - loss: 13.2430 - accuracy: 0.1429
Test accuracy: 0.1428571492433548, Validation loss: 13.286367416381836
Saving results to CSV...

Running training with params: (1e-06, 0.7, 16, 70, 0.4, 50)
Loading training data...
Found 60 images belonging to 6 classes.
Loading validation data...
Found 5 images belonging to 6 classes.
Loading test data...
Found 7 images belonging to 6 classes.
Number of classes: 6
Computing class weights...
Class weights: {0: 1.0, 1: 1.0, 2: 1.0, 3: 1.0, 4: 1.0, 5: 1.0}
Creating model with learning rate: 1e-06, dropout: 0.7, filters: 16
Model created and compiled.
Training the model...
Epoch 1/50
4/4 [==============================] - 2s 246ms/step - loss: 20.0732 - accuracy: 0.1333 - val_loss: 13.2645 - val_accuracy: 0.0000e+00 - lr: 1.0000e-06
Epoch 2/50
4/4 [==============================] - 1s 200ms/step - loss: 20.0921 - accuracy: 0.1500 - val_loss: 13.2617 - val_accuracy: 0.2000 - lr: 1.0000e-06
Epoch 3/50
4/4 [==============================] - 1s 199ms/step - loss: 19.7995 - accuracy: 0.1833 - val_loss: 13.2595 - val_accuracy: 0.2000 - lr: 1.0000e-06
Epoch 4/50
4/4 [==============================] - 1s 199ms/step - loss: 19.6719 - accuracy: 0.1833 - val_loss: 13.2615 - val_accuracy: 0.2000 - lr: 1.0000e-06
Epoch 5/50
4/4 [==============================] - 1s 220ms/step - loss: 19.3151 - accuracy: 0.1500 - val_loss: 13.2630 - val_accuracy: 0.2000 - lr: 1.0000e-06
Evaluating the model...
1/1 [==============================] - 0s 88ms/step - loss: 13.2457 - accuracy: 0.4286
Test accuracy: 0.4285714328289032, Validation loss: 13.2594575881958
Saving results to CSV...

Running training with params: (1e-06, 0.9, 8, 70, 0.4, 40)
Loading training data...
Found 60 images belonging to 6 classes.
Loading validation data...
Found 5 images belonging to 6 classes.
Loading test data...
Found 7 images belonging to 6 classes.
Number of classes: 6
Computing class weights...
Class weights: {0: 1.0, 1: 1.0, 2: 1.0, 3: 1.0, 4: 1.0, 5: 1.0}
Creating model with learning rate: 1e-06, dropout: 0.9, filters: 8
Model created and compiled.
Training the model...
Epoch 1/40
4/4 [==============================] - 2s 244ms/step - loss: 35.1558 - accuracy: 0.1833 - val_loss: 12.5074 - val_accuracy: 0.2000 - lr: 1.0000e-06
Epoch 2/40
4/4 [==============================] - 1s 176ms/step - loss: 28.1293 - accuracy: 0.2500 - val_loss: 12.5095 - val_accuracy: 0.2000 - lr: 1.0000e-06
Epoch 3/40
4/4 [==============================] - 1s 186ms/step - loss: 36.1864 - accuracy: 0.1333 - val_loss: 12.5122 - val_accuracy: 0.2000 - lr: 1.0000e-06
Evaluating the model...
1/1 [==============================] - 0s 84ms/step - loss: 12.4548 - accuracy: 0.2857
Test accuracy: 0.2857142984867096, Validation loss: 12.507391929626465
Saving results to CSV...

Running training with params: (1e-06, 0.9, 8, 70, 0.4, 50)
Loading training data...
Found 60 images belonging to 6 classes.
Loading validation data...
Found 5 images belonging to 6 classes.
Loading test data...
Found 7 images belonging to 6 classes.
Number of classes: 6
Computing class weights...
Class weights: {0: 1.0, 1: 1.0, 2: 1.0, 3: 1.0, 4: 1.0, 5: 1.0}
Creating model with learning rate: 1e-06, dropout: 0.9, filters: 8
Model created and compiled.
Training the model...
Epoch 1/50
4/4 [==============================] - 2s 230ms/step - loss: 37.4361 - accuracy: 0.1833 - val_loss: 12.5056 - val_accuracy: 0.0000e+00 - lr: 1.0000e-06
Epoch 2/50
4/4 [==============================] - 1s 178ms/step - loss: 38.0734 - accuracy: 0.2000 - val_loss: 12.4986 - val_accuracy: 0.0000e+00 - lr: 1.0000e-06
Epoch 3/50
4/4 [==============================] - 1s 175ms/step - loss: 37.0925 - accuracy: 0.1000 - val_loss: 12.4974 - val_accuracy: 0.0000e+00 - lr: 1.0000e-06
Epoch 4/50
4/4 [==============================] - 1s 192ms/step - loss: 36.6401 - accuracy: 0.1333 - val_loss: 12.5009 - val_accuracy: 0.0000e+00 - lr: 1.0000e-06
Epoch 5/50
4/4 [==============================] - 1s 187ms/step - loss: 35.4898 - accuracy: 0.1667 - val_loss: 12.5024 - val_accuracy: 0.0000e+00 - lr: 1.0000e-06
Evaluating the model...
1/1 [==============================] - 0s 82ms/step - loss: 12.5012 - accuracy: 0.1429
Test accuracy: 0.1428571492433548, Validation loss: 12.497356414794922
Saving results to CSV...

Running training with params: (1e-06, 0.9, 16, 70, 0.4, 40)
Loading training data...
Found 60 images belonging to 6 classes.
Loading validation data...
Found 5 images belonging to 6 classes.
Loading test data...
Found 7 images belonging to 6 classes.
Number of classes: 6
Computing class weights...
Class weights: {0: 1.0, 1: 1.0, 2: 1.0, 3: 1.0, 4: 1.0, 5: 1.0}
Creating model with learning rate: 1e-06, dropout: 0.9, filters: 16
Model created and compiled.
Training the model...
Epoch 1/40
4/4 [==============================] - 2s 254ms/step - loss: 32.1032 - accuracy: 0.2167 - val_loss: 13.2663 - val_accuracy: 0.2000 - lr: 1.0000e-06
Epoch 2/40
4/4 [==============================] - 1s 206ms/step - loss: 39.9100 - accuracy: 0.1500 - val_loss: 13.2561 - val_accuracy: 0.2000 - lr: 1.0000e-06
Epoch 3/40
4/4 [==============================] - 1s 213ms/step - loss: 35.4779 - accuracy: 0.1500 - val_loss: 13.2573 - val_accuracy: 0.4000 - lr: 1.0000e-06
Epoch 4/40
4/4 [==============================] - 1s 211ms/step - loss: 35.7082 - accuracy: 0.2333 - val_loss: 13.2563 - val_accuracy: 0.4000 - lr: 1.0000e-06
Evaluating the model...
1/1 [==============================] - 0s 89ms/step - loss: 13.2525 - accuracy: 0.2857
Test accuracy: 0.2857142984867096, Validation loss: 13.256065368652344
Saving results to CSV...

Running training with params: (1e-06, 0.9, 16, 70, 0.4, 50)
Loading training data...
Found 60 images belonging to 6 classes.
Loading validation data...
Found 5 images belonging to 6 classes.
Loading test data...
Found 7 images belonging to 6 classes.
Number of classes: 6
Computing class weights...
Class weights: {0: 1.0, 1: 1.0, 2: 1.0, 3: 1.0, 4: 1.0, 5: 1.0}
Creating model with learning rate: 1e-06, dropout: 0.9, filters: 16
Model created and compiled.
Training the model...
Epoch 1/50
4/4 [==============================] - 2s 252ms/step - loss: 36.8137 - accuracy: 0.1167 - val_loss: 13.2535 - val_accuracy: 0.2000 - lr: 1.0000e-06
Epoch 2/50
4/4 [==============================] - 1s 197ms/step - loss: 37.0389 - accuracy: 0.1667 - val_loss: 13.2379 - val_accuracy: 0.2000 - lr: 1.0000e-06
Epoch 3/50
4/4 [==============================] - 1s 200ms/step - loss: 29.6805 - accuracy: 0.2500 - val_loss: 13.2340 - val_accuracy: 0.2000 - lr: 1.0000e-06
Epoch 4/50
4/4 [==============================] - 1s 190ms/step - loss: 33.5229 - accuracy: 0.2333 - val_loss: 13.2287 - val_accuracy: 0.2000 - lr: 1.0000e-06
Epoch 5/50
4/4 [==============================] - 1s 196ms/step - loss: 34.0686 - accuracy: 0.2000 - val_loss: 13.2244 - val_accuracy: 0.2000 - lr: 1.0000e-06
Epoch 6/50
4/4 [==============================] - 1s 196ms/step - loss: 36.2620 - accuracy: 0.2333 - val_loss: 13.2207 - val_accuracy: 0.2000 - lr: 1.0000e-06
Epoch 7/50
4/4 [==============================] - 1s 217ms/step - loss: 34.9488 - accuracy: 0.2333 - val_loss: 13.2187 - val_accuracy: 0.2000 - lr: 1.0000e-06
Epoch 8/50
4/4 [==============================] - 1s 224ms/step - loss: 33.6315 - accuracy: 0.1167 - val_loss: 13.2181 - val_accuracy: 0.2000 - lr: 1.0000e-06
Epoch 9/50
4/4 [==============================] - 1s 208ms/step - loss: 33.8210 - accuracy: 0.2667 - val_loss: 13.2192 - val_accuracy: 0.2000 - lr: 1.0000e-06
Epoch 10/50
4/4 [==============================] - 1s 218ms/step - loss: 37.5739 - accuracy: 0.0333 - val_loss: 13.2211 - val_accuracy: 0.2000 - lr: 1.0000e-06
Evaluating the model...
1/1 [==============================] - 0s 87ms/step - loss: 13.3531 - accuracy: 0.0000e+00
Test accuracy: 0.0, Validation loss: 13.218080520629883
Saving results to CSV...
All experiments completed.

Process finished with exit code 0
