C:\Users\tom.zbc\PycharmProjects\fungis_bacterias_project\.venv\Scripts\python.exe C:\Users\tom.zbc\PycharmProjects\fungis_bacterias_project\3_model_training_and_evaluation_FNN_6_19pr.py
Checking data integrity...
Class 'Aero' meets the sample requirement.
Class 'Bacillus' meets the sample requirement.
Class 'Bor' meets the sample requirement.
Class 'E' meets the sample requirement.
Class 'Morganella' meets the sample requirement.
Class 'stapholococcus' meets the sample requirement.
Data check passed for directory: 'C:/Users/tom.zbc/PycharmProjects/fungis_bacterias_project/data/train'
Class 'Aero' meets the sample requirement.
Warning: Class 'Bacillus' has only 0 samples, expected at least 2.
Warning: Class 'Bor' has only 1 samples, expected at least 2.
Warning: Class 'E' has only 0 samples, expected at least 2.
Warning: Class 'Morganella' has only 1 samples, expected at least 2.
Warning: Class 'stapholococcus' has only 1 samples, expected at least 2.
Data check passed for directory: 'C:/Users/tom.zbc/PycharmProjects/fungis_bacterias_project/data/validation'
Class 'Aero' meets the sample requirement.
Warning: Class 'Bacillus' has only 1 samples, expected at least 2.
Warning: Class 'Bor' has only 0 samples, expected at least 2.
Warning: Class 'E' has only 0 samples, expected at least 2.
Warning: Class 'Morganella' has only 1 samples, expected at least 2.
Class 'stapholococcus' meets the sample requirement.
Data check passed for directory: 'C:/Users/tom.zbc/PycharmProjects/fungis_bacterias_project/data/test'
Data integrity check complete.

Running training with params: (0.0005, 0.4, 32, 40, 0.2, 10)
Loading training data...
Found 60 images belonging to 6 classes.
Loading validation data...
Found 5 images belonging to 6 classes.
Loading test data...
Found 7 images belonging to 6 classes.
Number of classes: 6
Computing class weights...
Class weights: {0: 1.0, 1: 1.0, 2: 1.0, 3: 1.0, 4: 1.0, 5: 1.0}
Creating model with learning rate: 0.0005, dropout: 0.4, filters: 32
2024-09-25 13:24:26.762409: I tensorflow/core/platform/cpu_feature_guard.cc:182] This TensorFlow binary is optimized to use available CPU instructions in performance-critical operations.
To enable the following instructions: SSE SSE2 SSE3 SSE4.1 SSE4.2 AVX AVX2 AVX_VNNI FMA, in other operations, rebuild TensorFlow with the appropriate compiler flags.
Model created and compiled.
Training the model...
Epoch 1/10
2/2 [==============================] - 2s 605ms/step - loss: 6.6109 - accuracy: 0.2500 - val_loss: 3.0243 - val_accuracy: 0.2000 - lr: 5.0000e-04
Epoch 2/10
2/2 [==============================] - 1s 513ms/step - loss: 10.3627 - accuracy: 0.2167 - val_loss: 3.0387 - val_accuracy: 0.2000 - lr: 5.0000e-04
Epoch 3/10
2/2 [==============================] - 1s 520ms/step - loss: 8.9237 - accuracy: 0.2000 - val_loss: 3.0740 - val_accuracy: 0.2000 - lr: 5.0000e-04
Evaluating the model...
1/1 [==============================] - 0s 91ms/step - loss: 3.0045 - accuracy: 0.1429
Test accuracy: 0.1428571492433548, Validation loss: 3.024301528930664
Saving results to CSV...

Running training with params: (0.0005, 0.4, 32, 40, 0.2, 15)
Loading training data...
Found 60 images belonging to 6 classes.
Loading validation data...
Found 5 images belonging to 6 classes.
Loading test data...
Found 7 images belonging to 6 classes.
Number of classes: 6
Computing class weights...
Class weights: {0: 1.0, 1: 1.0, 2: 1.0, 3: 1.0, 4: 1.0, 5: 1.0}
Creating model with learning rate: 0.0005, dropout: 0.4, filters: 32
Model created and compiled.
Training the model...
Epoch 1/15
2/2 [==============================] - 2s 587ms/step - loss: 7.6548 - accuracy: 0.2000 - val_loss: 3.1089 - val_accuracy: 0.2000 - lr: 5.0000e-04
Epoch 2/15
2/2 [==============================] - 1s 450ms/step - loss: 8.5558 - accuracy: 0.2167 - val_loss: 3.0810 - val_accuracy: 0.2000 - lr: 5.0000e-04
Epoch 3/15
2/2 [==============================] - 1s 565ms/step - loss: 7.6156 - accuracy: 0.3000 - val_loss: 3.1477 - val_accuracy: 0.2000 - lr: 5.0000e-04
Epoch 4/15
2/2 [==============================] - 1s 485ms/step - loss: 7.0001 - accuracy: 0.2667 - val_loss: 3.1126 - val_accuracy: 0.2000 - lr: 5.0000e-04
Evaluating the model...
1/1 [==============================] - 0s 99ms/step - loss: 3.0982 - accuracy: 0.1429
Test accuracy: 0.1428571492433548, Validation loss: 3.0809895992279053
Saving results to CSV...

Running training with params: (0.0005, 0.4, 32, 40, 0.3, 10)
Loading training data...
Found 60 images belonging to 6 classes.
Loading validation data...
Found 5 images belonging to 6 classes.
Loading test data...
Found 7 images belonging to 6 classes.
Number of classes: 6
Computing class weights...
Class weights: {0: 1.0, 1: 1.0, 2: 1.0, 3: 1.0, 4: 1.0, 5: 1.0}
Creating model with learning rate: 0.0005, dropout: 0.4, filters: 32
Model created and compiled.
Training the model...
Epoch 1/10
2/2 [==============================] - 2s 612ms/step - loss: 7.9781 - accuracy: 0.2000 - val_loss: 3.1204 - val_accuracy: 0.2000 - lr: 5.0000e-04
Epoch 2/10
2/2 [==============================] - 1s 574ms/step - loss: 8.3546 - accuracy: 0.2667 - val_loss: 3.0716 - val_accuracy: 0.4000 - lr: 5.0000e-04
Epoch 3/10
2/2 [==============================] - 1s 556ms/step - loss: 8.9102 - accuracy: 0.2667 - val_loss: 3.0430 - val_accuracy: 0.2000 - lr: 5.0000e-04
Epoch 4/10
2/2 [==============================] - 1s 482ms/step - loss: 7.4771 - accuracy: 0.2333 - val_loss: 3.0638 - val_accuracy: 0.2000 - lr: 5.0000e-04
Epoch 5/10
2/2 [==============================] - 1s 478ms/step - loss: 8.1431 - accuracy: 0.2167 - val_loss: 3.1275 - val_accuracy: 0.2000 - lr: 5.0000e-04
Evaluating the model...
1/1 [==============================] - 0s 101ms/step - loss: 3.0812 - accuracy: 0.1429
Test accuracy: 0.1428571492433548, Validation loss: 3.042976140975952
Saving results to CSV...

Running training with params: (0.0005, 0.4, 32, 40, 0.3, 15)
Loading training data...
Found 60 images belonging to 6 classes.
Loading validation data...
Found 5 images belonging to 6 classes.
Loading test data...
Found 7 images belonging to 6 classes.
Number of classes: 6
Computing class weights...
Class weights: {0: 1.0, 1: 1.0, 2: 1.0, 3: 1.0, 4: 1.0, 5: 1.0}
Creating model with learning rate: 0.0005, dropout: 0.4, filters: 32
Model created and compiled.
Training the model...
Epoch 1/15
2/2 [==============================] - 2s 677ms/step - loss: 8.6636 - accuracy: 0.1167 - val_loss: 3.1909 - val_accuracy: 0.0000e+00 - lr: 5.0000e-04
Epoch 2/15
2/2 [==============================] - 1s 492ms/step - loss: 9.4403 - accuracy: 0.1667 - val_loss: 3.1160 - val_accuracy: 0.2000 - lr: 5.0000e-04
Epoch 3/15
2/2 [==============================] - 1s 470ms/step - loss: 8.7523 - accuracy: 0.2500 - val_loss: 3.2066 - val_accuracy: 0.0000e+00 - lr: 5.0000e-04
Epoch 4/15
2/2 [==============================] - 1s 591ms/step - loss: 7.5121 - accuracy: 0.2167 - val_loss: 3.2378 - val_accuracy: 0.0000e+00 - lr: 5.0000e-04
Evaluating the model...
1/1 [==============================] - 0s 101ms/step - loss: 3.1095 - accuracy: 0.4286
Test accuracy: 0.4285714328289032, Validation loss: 3.1160058975219727
Saving results to CSV...

Running training with params: (0.0005, 0.4, 32, 50, 0.2, 10)
Loading training data...
Found 60 images belonging to 6 classes.
Loading validation data...
Found 5 images belonging to 6 classes.
Loading test data...
Found 7 images belonging to 6 classes.
Number of classes: 6
Computing class weights...
Class weights: {0: 1.0, 1: 1.0, 2: 1.0, 3: 1.0, 4: 1.0, 5: 1.0}
Creating model with learning rate: 0.0005, dropout: 0.4, filters: 32
Model created and compiled.
Training the model...
Epoch 1/10
2/2 [==============================] - 2s 660ms/step - loss: 9.4625 - accuracy: 0.1500 - val_loss: 3.0797 - val_accuracy: 0.2000 - lr: 5.0000e-04
Epoch 2/10
2/2 [==============================] - 1s 523ms/step - loss: 8.3608 - accuracy: 0.2833 - val_loss: 3.1416 - val_accuracy: 0.2000 - lr: 5.0000e-04
Epoch 3/10
2/2 [==============================] - 1s 530ms/step - loss: 8.6031 - accuracy: 0.2333 - val_loss: 3.2295 - val_accuracy: 0.0000e+00 - lr: 5.0000e-04
Evaluating the model...
1/1 [==============================] - 0s 91ms/step - loss: 3.0622 - accuracy: 0.2857
Test accuracy: 0.2857142984867096, Validation loss: 3.0797290802001953
Saving results to CSV...

Running training with params: (0.0005, 0.4, 32, 50, 0.2, 15)
Loading training data...
Found 60 images belonging to 6 classes.
Loading validation data...
Found 5 images belonging to 6 classes.
Loading test data...
Found 7 images belonging to 6 classes.
Number of classes: 6
Computing class weights...
Class weights: {0: 1.0, 1: 1.0, 2: 1.0, 3: 1.0, 4: 1.0, 5: 1.0}
Creating model with learning rate: 0.0005, dropout: 0.4, filters: 32
Model created and compiled.
Training the model...
Epoch 1/15
2/2 [==============================] - 2s 694ms/step - loss: 7.3169 - accuracy: 0.1333 - val_loss: 3.0633 - val_accuracy: 0.2000 - lr: 5.0000e-04
Epoch 2/15
2/2 [==============================] - 1s 468ms/step - loss: 11.0938 - accuracy: 0.2000 - val_loss: 2.9743 - val_accuracy: 0.0000e+00 - lr: 5.0000e-04
Epoch 3/15
2/2 [==============================] - 1s 432ms/step - loss: 10.3711 - accuracy: 0.1500 - val_loss: 3.0217 - val_accuracy: 0.4000 - lr: 5.0000e-04
Epoch 4/15
2/2 [==============================] - 1s 556ms/step - loss: 10.6064 - accuracy: 0.2500 - val_loss: 3.1941 - val_accuracy: 0.2000 - lr: 5.0000e-04
Evaluating the model...
1/1 [==============================] - 0s 96ms/step - loss: 3.0446 - accuracy: 0.1429
Test accuracy: 0.1428571492433548, Validation loss: 2.9742825031280518
Saving results to CSV...

Running training with params: (0.0005, 0.4, 32, 50, 0.3, 10)
Loading training data...
Found 60 images belonging to 6 classes.
Loading validation data...
Found 5 images belonging to 6 classes.
Loading test data...
Found 7 images belonging to 6 classes.
Number of classes: 6
Computing class weights...
Class weights: {0: 1.0, 1: 1.0, 2: 1.0, 3: 1.0, 4: 1.0, 5: 1.0}
Creating model with learning rate: 0.0005, dropout: 0.4, filters: 32
Model created and compiled.
Training the model...
Epoch 1/10
2/2 [==============================] - 2s 627ms/step - loss: 8.9914 - accuracy: 0.1667 - val_loss: 3.0899 - val_accuracy: 0.2000 - lr: 5.0000e-04
Epoch 2/10
2/2 [==============================] - 1s 459ms/step - loss: 10.0089 - accuracy: 0.1667 - val_loss: 3.1362 - val_accuracy: 0.4000 - lr: 5.0000e-04
Epoch 3/10
2/2 [==============================] - 1s 470ms/step - loss: 8.5199 - accuracy: 0.1667 - val_loss: 3.1555 - val_accuracy: 0.4000 - lr: 5.0000e-04
Evaluating the model...
1/1 [==============================] - 0s 108ms/step - loss: 3.0956 - accuracy: 0.1429
Test accuracy: 0.1428571492433548, Validation loss: 3.0898900032043457
Saving results to CSV...

Running training with params: (0.0005, 0.4, 32, 50, 0.3, 15)
Loading training data...
Found 60 images belonging to 6 classes.
Loading validation data...
Found 5 images belonging to 6 classes.
Loading test data...
Found 7 images belonging to 6 classes.
Number of classes: 6
Computing class weights...
Class weights: {0: 1.0, 1: 1.0, 2: 1.0, 3: 1.0, 4: 1.0, 5: 1.0}
Creating model with learning rate: 0.0005, dropout: 0.4, filters: 32
Model created and compiled.
Training the model...
Epoch 1/15
2/2 [==============================] - 2s 617ms/step - loss: 7.5467 - accuracy: 0.1500 - val_loss: 2.9985 - val_accuracy: 0.4000 - lr: 5.0000e-04
Epoch 2/15
2/2 [==============================] - 1s 540ms/step - loss: 11.0837 - accuracy: 0.2000 - val_loss: 3.0895 - val_accuracy: 0.0000e+00 - lr: 5.0000e-04
Epoch 3/15
2/2 [==============================] - 1s 565ms/step - loss: 10.1001 - accuracy: 0.1667 - val_loss: 3.0738 - val_accuracy: 0.0000e+00 - lr: 5.0000e-04
Evaluating the model...
1/1 [==============================] - 0s 103ms/step - loss: 3.0576 - accuracy: 0.0000e+00
Test accuracy: 0.0, Validation loss: 2.998530387878418
Saving results to CSV...

Running training with params: (0.0005, 0.4, 64, 40, 0.2, 10)
Loading training data...
Found 60 images belonging to 6 classes.
Loading validation data...
Found 5 images belonging to 6 classes.
Loading test data...
Found 7 images belonging to 6 classes.
Number of classes: 6
Computing class weights...
Class weights: {0: 1.0, 1: 1.0, 2: 1.0, 3: 1.0, 4: 1.0, 5: 1.0}
Creating model with learning rate: 0.0005, dropout: 0.4, filters: 64
Model created and compiled.
Training the model...
Epoch 1/10
2/2 [==============================] - 2s 822ms/step - loss: 13.8857 - accuracy: 0.1167 - val_loss: 3.5351 - val_accuracy: 0.0000e+00 - lr: 5.0000e-04
Epoch 2/10
2/2 [==============================] - 2s 688ms/step - loss: 19.8041 - accuracy: 0.1333 - val_loss: 3.3906 - val_accuracy: 0.2000 - lr: 5.0000e-04
Epoch 3/10
2/2 [==============================] - 2s 665ms/step - loss: 16.3034 - accuracy: 0.1833 - val_loss: 3.3644 - val_accuracy: 0.2000 - lr: 5.0000e-04
Epoch 4/10
2/2 [==============================] - 2s 778ms/step - loss: 13.6146 - accuracy: 0.1833 - val_loss: 3.4493 - val_accuracy: 0.0000e+00 - lr: 5.0000e-04
Epoch 5/10
2/2 [==============================] - 2s 658ms/step - loss: 10.6906 - accuracy: 0.2333 - val_loss: 3.5649 - val_accuracy: 0.2000 - lr: 5.0000e-04
Evaluating the model...
1/1 [==============================] - 0s 143ms/step - loss: 3.4298 - accuracy: 0.1429
Test accuracy: 0.1428571492433548, Validation loss: 3.3643500804901123
Saving results to CSV...

Running training with params: (0.0005, 0.4, 64, 40, 0.2, 15)
Loading training data...
Found 60 images belonging to 6 classes.
Loading validation data...
Found 5 images belonging to 6 classes.
Loading test data...
Found 7 images belonging to 6 classes.
Number of classes: 6
Computing class weights...
Class weights: {0: 1.0, 1: 1.0, 2: 1.0, 3: 1.0, 4: 1.0, 5: 1.0}
Creating model with learning rate: 0.0005, dropout: 0.4, filters: 64
Model created and compiled.
Training the model...
Epoch 1/15
2/2 [==============================] - 3s 979ms/step - loss: 14.7271 - accuracy: 0.2333 - val_loss: 3.2601 - val_accuracy: 0.6000 - lr: 5.0000e-04
Epoch 2/15
2/2 [==============================] - 2s 663ms/step - loss: 12.2403 - accuracy: 0.2500 - val_loss: 3.4486 - val_accuracy: 0.2000 - lr: 5.0000e-04
Epoch 3/15
2/2 [==============================] - 2s 845ms/step - loss: 13.0514 - accuracy: 0.2000 - val_loss: 3.6217 - val_accuracy: 0.2000 - lr: 5.0000e-04
Evaluating the model...
1/1 [==============================] - 0s 122ms/step - loss: 3.2905 - accuracy: 0.2857
Test accuracy: 0.2857142984867096, Validation loss: 3.2601475715637207
Saving results to CSV...

Running training with params: (0.0005, 0.4, 64, 40, 0.3, 10)
Loading training data...
Found 60 images belonging to 6 classes.
Loading validation data...
Found 5 images belonging to 6 classes.
Loading test data...
Found 7 images belonging to 6 classes.
Number of classes: 6
Computing class weights...
Class weights: {0: 1.0, 1: 1.0, 2: 1.0, 3: 1.0, 4: 1.0, 5: 1.0}
Creating model with learning rate: 0.0005, dropout: 0.4, filters: 64
Model created and compiled.
Training the model...
Epoch 1/10
2/2 [==============================] - 2s 849ms/step - loss: 9.9181 - accuracy: 0.1833 - val_loss: 3.6099 - val_accuracy: 0.0000e+00 - lr: 5.0000e-04
Epoch 2/10
2/2 [==============================] - 2s 803ms/step - loss: 14.6202 - accuracy: 0.2000 - val_loss: 3.5341 - val_accuracy: 0.0000e+00 - lr: 5.0000e-04
Epoch 3/10
2/2 [==============================] - 2s 794ms/step - loss: 13.8772 - accuracy: 0.2500 - val_loss: 3.2119 - val_accuracy: 0.2000 - lr: 5.0000e-04
Epoch 4/10
2/2 [==============================] - 2s 695ms/step - loss: 18.4910 - accuracy: 0.1833 - val_loss: 3.2893 - val_accuracy: 0.2000 - lr: 5.0000e-04
Epoch 5/10
2/2 [==============================] - 2s 798ms/step - loss: 12.5721 - accuracy: 0.1667 - val_loss: 3.3984 - val_accuracy: 0.2000 - lr: 5.0000e-04
Evaluating the model...
1/1 [==============================] - 0s 118ms/step - loss: 3.4785 - accuracy: 0.1429
Test accuracy: 0.1428571492433548, Validation loss: 3.211923122406006
Saving results to CSV...

Running training with params: (0.0005, 0.4, 64, 40, 0.3, 15)
Loading training data...
Found 60 images belonging to 6 classes.
Loading validation data...
Found 5 images belonging to 6 classes.
Loading test data...
Found 7 images belonging to 6 classes.
Number of classes: 6
Computing class weights...
Class weights: {0: 1.0, 1: 1.0, 2: 1.0, 3: 1.0, 4: 1.0, 5: 1.0}
Creating model with learning rate: 0.0005, dropout: 0.4, filters: 64
Model created and compiled.
Training the model...
Epoch 1/15
2/2 [==============================] - 3s 982ms/step - loss: 12.4354 - accuracy: 0.1500 - val_loss: 3.3992 - val_accuracy: 0.2000 - lr: 5.0000e-04
Epoch 2/15
2/2 [==============================] - 2s 707ms/step - loss: 15.0783 - accuracy: 0.2667 - val_loss: 3.3873 - val_accuracy: 0.0000e+00 - lr: 5.0000e-04
Epoch 3/15
2/2 [==============================] - 2s 847ms/step - loss: 12.8009 - accuracy: 0.2667 - val_loss: 3.3181 - val_accuracy: 0.2000 - lr: 5.0000e-04
Epoch 4/15
2/2 [==============================] - 2s 833ms/step - loss: 13.8341 - accuracy: 0.2833 - val_loss: 3.3191 - val_accuracy: 0.4000 - lr: 5.0000e-04
Epoch 5/15
2/2 [==============================] - 2s 805ms/step - loss: 12.9712 - accuracy: 0.2500 - val_loss: 3.1353 - val_accuracy: 0.4000 - lr: 5.0000e-04
Epoch 6/15
2/2 [==============================] - 2s 779ms/step - loss: 12.4616 - accuracy: 0.2333 - val_loss: 3.1592 - val_accuracy: 0.4000 - lr: 5.0000e-04
Epoch 7/15
2/2 [==============================] - 2s 875ms/step - loss: 12.5727 - accuracy: 0.2500 - val_loss: 3.6894 - val_accuracy: 0.4000 - lr: 5.0000e-04
Evaluating the model...
1/1 [==============================] - 0s 126ms/step - loss: 3.3478 - accuracy: 0.4286
Test accuracy: 0.4285714328289032, Validation loss: 3.1353254318237305
Saving results to CSV...

Running training with params: (0.0005, 0.4, 64, 50, 0.2, 10)
Loading training data...
Found 60 images belonging to 6 classes.
Loading validation data...
Found 5 images belonging to 6 classes.
Loading test data...
Found 7 images belonging to 6 classes.
Number of classes: 6
Computing class weights...
Class weights: {0: 1.0, 1: 1.0, 2: 1.0, 3: 1.0, 4: 1.0, 5: 1.0}
Creating model with learning rate: 0.0005, dropout: 0.4, filters: 64
Model created and compiled.
Training the model...
Epoch 1/10
2/2 [==============================] - 3s 1s/step - loss: 13.7770 - accuracy: 0.1667 - val_loss: 3.2664 - val_accuracy: 0.2000 - lr: 5.0000e-04
Epoch 2/10
2/2 [==============================] - 2s 699ms/step - loss: 14.5984 - accuracy: 0.2000 - val_loss: 3.3686 - val_accuracy: 0.2000 - lr: 5.0000e-04
Epoch 3/10
2/2 [==============================] - 2s 698ms/step - loss: 12.1860 - accuracy: 0.2333 - val_loss: 3.5732 - val_accuracy: 0.2000 - lr: 5.0000e-04
Evaluating the model...
1/1 [==============================] - 0s 125ms/step - loss: 3.2971 - accuracy: 0.4286
Test accuracy: 0.4285714328289032, Validation loss: 3.2663543224334717
Saving results to CSV...

Running training with params: (0.0005, 0.4, 64, 50, 0.2, 15)
Loading training data...
Found 60 images belonging to 6 classes.
Loading validation data...
Found 5 images belonging to 6 classes.
Loading test data...
Found 7 images belonging to 6 classes.
Number of classes: 6
Computing class weights...
Class weights: {0: 1.0, 1: 1.0, 2: 1.0, 3: 1.0, 4: 1.0, 5: 1.0}
Creating model with learning rate: 0.0005, dropout: 0.4, filters: 64
Model created and compiled.
Training the model...
Epoch 1/15
2/2 [==============================] - 3s 877ms/step - loss: 16.0848 - accuracy: 0.1500 - val_loss: 3.3831 - val_accuracy: 0.0000e+00 - lr: 5.0000e-04
Epoch 2/15
2/2 [==============================] - 2s 706ms/step - loss: 16.9603 - accuracy: 0.1167 - val_loss: 3.3181 - val_accuracy: 0.4000 - lr: 5.0000e-04
Epoch 3/15
2/2 [==============================] - 2s 849ms/step - loss: 14.8581 - accuracy: 0.2500 - val_loss: 3.4103 - val_accuracy: 0.2000 - lr: 5.0000e-04
Epoch 4/15
2/2 [==============================] - 2s 800ms/step - loss: 10.3778 - accuracy: 0.2667 - val_loss: 3.7710 - val_accuracy: 0.0000e+00 - lr: 5.0000e-04
Evaluating the model...
1/1 [==============================] - 0s 146ms/step - loss: 3.3191 - accuracy: 0.1429
Test accuracy: 0.1428571492433548, Validation loss: 3.3181285858154297
Saving results to CSV...

Running training with params: (0.0005, 0.4, 64, 50, 0.3, 10)
Loading training data...
Found 60 images belonging to 6 classes.
Loading validation data...
Found 5 images belonging to 6 classes.
Loading test data...
Found 7 images belonging to 6 classes.
Number of classes: 6
Computing class weights...
Class weights: {0: 1.0, 1: 1.0, 2: 1.0, 3: 1.0, 4: 1.0, 5: 1.0}
Creating model with learning rate: 0.0005, dropout: 0.4, filters: 64
Model created and compiled.
Training the model...
Epoch 1/10
2/2 [==============================] - 3s 890ms/step - loss: 15.6792 - accuracy: 0.1833 - val_loss: 3.4637 - val_accuracy: 0.2000 - lr: 5.0000e-04
Epoch 2/10
2/2 [==============================] - 2s 815ms/step - loss: 14.1898 - accuracy: 0.2000 - val_loss: 3.4618 - val_accuracy: 0.2000 - lr: 5.0000e-04
Epoch 3/10
2/2 [==============================] - 2s 891ms/step - loss: 17.0270 - accuracy: 0.2000 - val_loss: 3.4173 - val_accuracy: 0.4000 - lr: 5.0000e-04
Epoch 4/10
2/2 [==============================] - 2s 670ms/step - loss: 9.8089 - accuracy: 0.3167 - val_loss: 3.8836 - val_accuracy: 0.2000 - lr: 5.0000e-04
Epoch 5/10
2/2 [==============================] - 2s 819ms/step - loss: 14.7245 - accuracy: 0.2000 - val_loss: 4.7670 - val_accuracy: 0.2000 - lr: 5.0000e-04
Evaluating the model...
1/1 [==============================] - 0s 123ms/step - loss: 3.7404 - accuracy: 0.4286
Test accuracy: 0.4285714328289032, Validation loss: 3.4172520637512207
Saving results to CSV...

Running training with params: (0.0005, 0.4, 64, 50, 0.3, 15)
Loading training data...
Found 60 images belonging to 6 classes.
Loading validation data...
Found 5 images belonging to 6 classes.
Loading test data...
Found 7 images belonging to 6 classes.
Number of classes: 6
Computing class weights...
Class weights: {0: 1.0, 1: 1.0, 2: 1.0, 3: 1.0, 4: 1.0, 5: 1.0}
Creating model with learning rate: 0.0005, dropout: 0.4, filters: 64
Model created and compiled.
Training the model...
Epoch 1/15
2/2 [==============================] - 3s 885ms/step - loss: 12.9263 - accuracy: 0.1667 - val_loss: 3.4269 - val_accuracy: 0.0000e+00 - lr: 5.0000e-04
Epoch 2/15
2/2 [==============================] - 2s 713ms/step - loss: 11.1091 - accuracy: 0.3500 - val_loss: 3.4880 - val_accuracy: 0.2000 - lr: 5.0000e-04
Epoch 3/15
2/2 [==============================] - 2s 677ms/step - loss: 12.1360 - accuracy: 0.1833 - val_loss: 3.6306 - val_accuracy: 0.0000e+00 - lr: 5.0000e-04
Evaluating the model...
1/1 [==============================] - 0s 138ms/step - loss: 3.3428 - accuracy: 0.1429
Test accuracy: 0.1428571492433548, Validation loss: 3.4268555641174316
Saving results to CSV...

Running training with params: (0.0005, 0.7, 32, 40, 0.2, 10)
Loading training data...
Found 60 images belonging to 6 classes.
Loading validation data...
Found 5 images belonging to 6 classes.
Loading test data...
Found 7 images belonging to 6 classes.
Number of classes: 6
Computing class weights...
Class weights: {0: 1.0, 1: 1.0, 2: 1.0, 3: 1.0, 4: 1.0, 5: 1.0}
Creating model with learning rate: 0.0005, dropout: 0.7, filters: 32
Model created and compiled.
Training the model...
Epoch 1/10
2/2 [==============================] - 2s 755ms/step - loss: 11.2514 - accuracy: 0.2000 - val_loss: 3.0875 - val_accuracy: 0.2000 - lr: 5.0000e-04
Epoch 2/10
2/2 [==============================] - 1s 464ms/step - loss: 12.5808 - accuracy: 0.2000 - val_loss: 3.1225 - val_accuracy: 0.0000e+00 - lr: 5.0000e-04
Epoch 3/10
2/2 [==============================] - 1s 491ms/step - loss: 12.2893 - accuracy: 0.2500 - val_loss: 3.0998 - val_accuracy: 0.0000e+00 - lr: 5.0000e-04
Evaluating the model...
1/1 [==============================] - 0s 128ms/step - loss: 3.0330 - accuracy: 0.1429
Test accuracy: 0.1428571492433548, Validation loss: 3.087536334991455
Saving results to CSV...

Running training with params: (0.0005, 0.7, 32, 40, 0.2, 15)
Loading training data...
Found 60 images belonging to 6 classes.
Loading validation data...
Found 5 images belonging to 6 classes.
Loading test data...
Found 7 images belonging to 6 classes.
Number of classes: 6
Computing class weights...
Class weights: {0: 1.0, 1: 1.0, 2: 1.0, 3: 1.0, 4: 1.0, 5: 1.0}
Creating model with learning rate: 0.0005, dropout: 0.7, filters: 32
Model created and compiled.
Training the model...
Epoch 1/15
2/2 [==============================] - 2s 704ms/step - loss: 8.4281 - accuracy: 0.1667 - val_loss: 3.0921 - val_accuracy: 0.2000 - lr: 5.0000e-04
Epoch 2/15
2/2 [==============================] - 1s 462ms/step - loss: 10.7235 - accuracy: 0.2167 - val_loss: 3.0971 - val_accuracy: 0.2000 - lr: 5.0000e-04
Epoch 3/15
2/2 [==============================] - 1s 497ms/step - loss: 10.3728 - accuracy: 0.2667 - val_loss: 3.1135 - val_accuracy: 0.0000e+00 - lr: 5.0000e-04
Evaluating the model...
1/1 [==============================] - 0s 109ms/step - loss: 2.9653 - accuracy: 0.2857
Test accuracy: 0.2857142984867096, Validation loss: 3.092142105102539
Saving results to CSV...

Running training with params: (0.0005, 0.7, 32, 40, 0.3, 10)
Loading training data...
Found 60 images belonging to 6 classes.
Loading validation data...
Found 5 images belonging to 6 classes.
Loading test data...
Found 7 images belonging to 6 classes.
Number of classes: 6
Computing class weights...
Class weights: {0: 1.0, 1: 1.0, 2: 1.0, 3: 1.0, 4: 1.0, 5: 1.0}
Creating model with learning rate: 0.0005, dropout: 0.7, filters: 32
Model created and compiled.
Training the model...
Epoch 1/10
2/2 [==============================] - 2s 635ms/step - loss: 8.4854 - accuracy: 0.2500 - val_loss: 3.0190 - val_accuracy: 0.2000 - lr: 5.0000e-04
Epoch 2/10
2/2 [==============================] - 1s 453ms/step - loss: 12.1364 - accuracy: 0.2167 - val_loss: 3.0245 - val_accuracy: 0.2000 - lr: 5.0000e-04
Epoch 3/10
2/2 [==============================] - 1s 551ms/step - loss: 15.4629 - accuracy: 0.1500 - val_loss: 3.0136 - val_accuracy: 0.4000 - lr: 5.0000e-04
Epoch 4/10
2/2 [==============================] - 1s 484ms/step - loss: 11.4460 - accuracy: 0.2000 - val_loss: 3.0049 - val_accuracy: 0.2000 - lr: 5.0000e-04
Epoch 5/10
2/2 [==============================] - 1s 479ms/step - loss: 11.9272 - accuracy: 0.2167 - val_loss: 3.0600 - val_accuracy: 0.2000 - lr: 5.0000e-04
Epoch 6/10
2/2 [==============================] - 1s 486ms/step - loss: 13.6399 - accuracy: 0.1333 - val_loss: 3.0888 - val_accuracy: 0.0000e+00 - lr: 5.0000e-04
Evaluating the model...
1/1 [==============================] - 0s 104ms/step - loss: 2.9812 - accuracy: 0.4286
Test accuracy: 0.4285714328289032, Validation loss: 3.0048699378967285
Saving results to CSV...

Running training with params: (0.0005, 0.7, 32, 40, 0.3, 15)
Loading training data...
Found 60 images belonging to 6 classes.
Loading validation data...
Found 5 images belonging to 6 classes.
Loading test data...
Found 7 images belonging to 6 classes.
Number of classes: 6
Computing class weights...
Class weights: {0: 1.0, 1: 1.0, 2: 1.0, 3: 1.0, 4: 1.0, 5: 1.0}
Creating model with learning rate: 0.0005, dropout: 0.7, filters: 32
Model created and compiled.
Training the model...
Epoch 1/15
2/2 [==============================] - 2s 708ms/step - loss: 9.0781 - accuracy: 0.2500 - val_loss: 3.0522 - val_accuracy: 0.4000 - lr: 5.0000e-04
Epoch 2/15
2/2 [==============================] - 1s 468ms/step - loss: 10.3427 - accuracy: 0.2000 - val_loss: 3.0128 - val_accuracy: 0.4000 - lr: 5.0000e-04
Epoch 3/15
2/2 [==============================] - 1s 472ms/step - loss: 12.5323 - accuracy: 0.1500 - val_loss: 3.0150 - val_accuracy: 0.4000 - lr: 5.0000e-04
Epoch 4/15
2/2 [==============================] - 1s 565ms/step - loss: 14.1735 - accuracy: 0.1667 - val_loss: 3.0237 - val_accuracy: 0.4000 - lr: 5.0000e-04
Evaluating the model...
1/1 [==============================] - 0s 94ms/step - loss: 2.9107 - accuracy: 0.5714
Test accuracy: 0.5714285969734192, Validation loss: 3.0127663612365723
Saving results to CSV...

Running training with params: (0.0005, 0.7, 32, 50, 0.2, 10)
Loading training data...
Found 60 images belonging to 6 classes.
Loading validation data...
Found 5 images belonging to 6 classes.
Loading test data...
Found 7 images belonging to 6 classes.
Number of classes: 6
Computing class weights...
Class weights: {0: 1.0, 1: 1.0, 2: 1.0, 3: 1.0, 4: 1.0, 5: 1.0}
Creating model with learning rate: 0.0005, dropout: 0.7, filters: 32
Model created and compiled.
Training the model...
Epoch 1/10
2/2 [==============================] - 2s 695ms/step - loss: 10.3018 - accuracy: 0.2167 - val_loss: 3.0468 - val_accuracy: 0.2000 - lr: 5.0000e-04
Epoch 2/10
2/2 [==============================] - 1s 459ms/step - loss: 11.5283 - accuracy: 0.2000 - val_loss: 3.0019 - val_accuracy: 0.4000 - lr: 5.0000e-04
Epoch 3/10
2/2 [==============================] - 1s 567ms/step - loss: 10.5481 - accuracy: 0.2000 - val_loss: 3.0635 - val_accuracy: 0.4000 - lr: 5.0000e-04
Epoch 4/10
2/2 [==============================] - 1s 480ms/step - loss: 10.5234 - accuracy: 0.3167 - val_loss: 3.1303 - val_accuracy: 0.4000 - lr: 5.0000e-04
Evaluating the model...
1/1 [==============================] - 0s 115ms/step - loss: 3.0785 - accuracy: 0.0000e+00
Test accuracy: 0.0, Validation loss: 3.001926898956299
Saving results to CSV...

Running training with params: (0.0005, 0.7, 32, 50, 0.2, 15)
Loading training data...
Found 60 images belonging to 6 classes.
Loading validation data...
Found 5 images belonging to 6 classes.
Loading test data...
Found 7 images belonging to 6 classes.
Number of classes: 6
Computing class weights...
Class weights: {0: 1.0, 1: 1.0, 2: 1.0, 3: 1.0, 4: 1.0, 5: 1.0}
Creating model with learning rate: 0.0005, dropout: 0.7, filters: 32
Model created and compiled.
Training the model...
Epoch 1/15
2/2 [==============================] - 2s 713ms/step - loss: 10.1020 - accuracy: 0.2000 - val_loss: 3.0855 - val_accuracy: 0.2000 - lr: 5.0000e-04
Epoch 2/15
2/2 [==============================] - 1s 492ms/step - loss: 11.6781 - accuracy: 0.2500 - val_loss: 3.0363 - val_accuracy: 0.2000 - lr: 5.0000e-04
Epoch 3/15
2/2 [==============================] - 1s 563ms/step - loss: 11.2634 - accuracy: 0.2167 - val_loss: 3.0238 - val_accuracy: 0.2000 - lr: 5.0000e-04
Epoch 4/15
2/2 [==============================] - 1s 495ms/step - loss: 9.8215 - accuracy: 0.2833 - val_loss: 3.0138 - val_accuracy: 0.2000 - lr: 5.0000e-04
Epoch 5/15
2/2 [==============================] - 1s 493ms/step - loss: 12.5790 - accuracy: 0.2167 - val_loss: 3.0273 - val_accuracy: 0.2000 - lr: 5.0000e-04
Epoch 6/15
2/2 [==============================] - 1s 562ms/step - loss: 13.5903 - accuracy: 0.2000 - val_loss: 3.0589 - val_accuracy: 0.2000 - lr: 5.0000e-04
Evaluating the model...
1/1 [==============================] - 0s 102ms/step - loss: 3.0583 - accuracy: 0.4286
Test accuracy: 0.4285714328289032, Validation loss: 3.013789653778076
Saving results to CSV...

Running training with params: (0.0005, 0.7, 32, 50, 0.3, 10)
Loading training data...
Found 60 images belonging to 6 classes.
Loading validation data...
Found 5 images belonging to 6 classes.
Loading test data...
Found 7 images belonging to 6 classes.
Number of classes: 6
Computing class weights...
Class weights: {0: 1.0, 1: 1.0, 2: 1.0, 3: 1.0, 4: 1.0, 5: 1.0}
Creating model with learning rate: 0.0005, dropout: 0.7, filters: 32
Model created and compiled.
Training the model...
Epoch 1/10
2/2 [==============================] - 2s 625ms/step - loss: 10.0766 - accuracy: 0.1000 - val_loss: 3.1134 - val_accuracy: 0.0000e+00 - lr: 5.0000e-04
Epoch 2/10
2/2 [==============================] - 1s 546ms/step - loss: 10.4667 - accuracy: 0.2167 - val_loss: 3.0917 - val_accuracy: 0.2000 - lr: 5.0000e-04
Epoch 3/10
2/2 [==============================] - 1s 456ms/step - loss: 11.0729 - accuracy: 0.2500 - val_loss: 3.0736 - val_accuracy: 0.2000 - lr: 5.0000e-04
Epoch 4/10
2/2 [==============================] - 1s 454ms/step - loss: 11.9616 - accuracy: 0.2167 - val_loss: 3.0759 - val_accuracy: 0.2000 - lr: 5.0000e-04
Epoch 5/10
2/2 [==============================] - 1s 600ms/step - loss: 11.3246 - accuracy: 0.1667 - val_loss: 3.0988 - val_accuracy: 0.2000 - lr: 5.0000e-04
Evaluating the model...
1/1 [==============================] - 0s 104ms/step - loss: 3.0714 - accuracy: 0.1429
Test accuracy: 0.1428571492433548, Validation loss: 3.0736451148986816
Saving results to CSV...

Running training with params: (0.0005, 0.7, 32, 50, 0.3, 15)
Loading training data...
Found 60 images belonging to 6 classes.
Loading validation data...
Found 5 images belonging to 6 classes.
Loading test data...
Found 7 images belonging to 6 classes.
Number of classes: 6
Computing class weights...
Class weights: {0: 1.0, 1: 1.0, 2: 1.0, 3: 1.0, 4: 1.0, 5: 1.0}
Creating model with learning rate: 0.0005, dropout: 0.7, filters: 32
Model created and compiled.
Training the model...
Epoch 1/15
2/2 [==============================] - 2s 645ms/step - loss: 10.1138 - accuracy: 0.2667 - val_loss: 3.0393 - val_accuracy: 0.4000 - lr: 5.0000e-04
Epoch 2/15
2/2 [==============================] - 1s 553ms/step - loss: 11.4409 - accuracy: 0.1833 - val_loss: 3.0727 - val_accuracy: 0.2000 - lr: 5.0000e-04
Epoch 3/15
2/2 [==============================] - 1s 566ms/step - loss: 11.8099 - accuracy: 0.2333 - val_loss: 3.1110 - val_accuracy: 0.2000 - lr: 5.0000e-04
Evaluating the model...
1/1 [==============================] - 0s 94ms/step - loss: 3.0617 - accuracy: 0.2857
Test accuracy: 0.2857142984867096, Validation loss: 3.0392589569091797
Saving results to CSV...

Running training with params: (0.0005, 0.7, 64, 40, 0.2, 10)
Loading training data...
Found 60 images belonging to 6 classes.
Loading validation data...
Found 5 images belonging to 6 classes.
Loading test data...
Found 7 images belonging to 6 classes.
Number of classes: 6
Computing class weights...
Class weights: {0: 1.0, 1: 1.0, 2: 1.0, 3: 1.0, 4: 1.0, 5: 1.0}
Creating model with learning rate: 0.0005, dropout: 0.7, filters: 64
Model created and compiled.
Training the model...
Epoch 1/10
2/2 [==============================] - 2s 853ms/step - loss: 11.3595 - accuracy: 0.1667 - val_loss: 3.2768 - val_accuracy: 0.2000 - lr: 5.0000e-04
Epoch 2/10
2/2 [==============================] - 2s 668ms/step - loss: 14.2592 - accuracy: 0.2000 - val_loss: 3.2391 - val_accuracy: 0.2000 - lr: 5.0000e-04
Epoch 3/10
2/2 [==============================] - 2s 691ms/step - loss: 15.6010 - accuracy: 0.2167 - val_loss: 3.3847 - val_accuracy: 0.2000 - lr: 5.0000e-04
Epoch 4/10
2/2 [==============================] - 2s 838ms/step - loss: 16.5566 - accuracy: 0.2000 - val_loss: 3.5571 - val_accuracy: 0.0000e+00 - lr: 5.0000e-04
Evaluating the model...
1/1 [==============================] - 0s 118ms/step - loss: 3.3511 - accuracy: 0.0000e+00
Test accuracy: 0.0, Validation loss: 3.239091396331787
Saving results to CSV...

Running training with params: (0.0005, 0.7, 64, 40, 0.2, 15)
Loading training data...
Found 60 images belonging to 6 classes.
Loading validation data...
Found 5 images belonging to 6 classes.
Loading test data...
Found 7 images belonging to 6 classes.
Number of classes: 6
Computing class weights...
Class weights: {0: 1.0, 1: 1.0, 2: 1.0, 3: 1.0, 4: 1.0, 5: 1.0}
Creating model with learning rate: 0.0005, dropout: 0.7, filters: 64
Model created and compiled.
Training the model...
Epoch 1/15
2/2 [==============================] - 3s 1s/step - loss: 12.9231 - accuracy: 0.1833 - val_loss: 3.3613 - val_accuracy: 0.2000 - lr: 5.0000e-04
Epoch 2/15
2/2 [==============================] - 2s 708ms/step - loss: 15.8002 - accuracy: 0.2500 - val_loss: 3.3557 - val_accuracy: 0.2000 - lr: 5.0000e-04
Epoch 3/15
2/2 [==============================] - 2s 812ms/step - loss: 13.6162 - accuracy: 0.2333 - val_loss: 3.3175 - val_accuracy: 0.2000 - lr: 5.0000e-04
Epoch 4/15
2/2 [==============================] - 2s 710ms/step - loss: 14.7807 - accuracy: 0.1667 - val_loss: 3.2851 - val_accuracy: 0.0000e+00 - lr: 5.0000e-04
Epoch 5/15
2/2 [==============================] - 2s 853ms/step - loss: 14.7123 - accuracy: 0.1833 - val_loss: 3.2352 - val_accuracy: 0.0000e+00 - lr: 5.0000e-04
Epoch 6/15
2/2 [==============================] - 2s 822ms/step - loss: 21.0462 - accuracy: 0.2000 - val_loss: 3.1369 - val_accuracy: 0.2000 - lr: 5.0000e-04
Epoch 7/15
2/2 [==============================] - 2s 697ms/step - loss: 14.8450 - accuracy: 0.1500 - val_loss: 3.0998 - val_accuracy: 0.4000 - lr: 5.0000e-04
Epoch 8/15
2/2 [==============================] - 2s 695ms/step - loss: 17.6928 - accuracy: 0.2167 - val_loss: 3.1317 - val_accuracy: 0.4000 - lr: 5.0000e-04
Epoch 9/15
2/2 [==============================] - 2s 847ms/step - loss: 18.0808 - accuracy: 0.2333 - val_loss: 3.1942 - val_accuracy: 0.4000 - lr: 5.0000e-04
Evaluating the model...
1/1 [==============================] - 0s 124ms/step - loss: 3.0100 - accuracy: 0.5714
Test accuracy: 0.5714285969734192, Validation loss: 3.0997934341430664
Saving results to CSV...

Running training with params: (0.0005, 0.7, 64, 40, 0.3, 10)
Loading training data...
Found 60 images belonging to 6 classes.
Loading validation data...
Found 5 images belonging to 6 classes.
Loading test data...
Found 7 images belonging to 6 classes.
Number of classes: 6
Computing class weights...
Class weights: {0: 1.0, 1: 1.0, 2: 1.0, 3: 1.0, 4: 1.0, 5: 1.0}
Creating model with learning rate: 0.0005, dropout: 0.7, filters: 64
Model created and compiled.
Training the model...
Epoch 1/10
2/2 [==============================] - 3s 877ms/step - loss: 10.7348 - accuracy: 0.2333 - val_loss: 3.5162 - val_accuracy: 0.0000e+00 - lr: 5.0000e-04
Epoch 2/10
2/2 [==============================] - 2s 722ms/step - loss: 17.7905 - accuracy: 0.1667 - val_loss: 3.2901 - val_accuracy: 0.2000 - lr: 5.0000e-04
Epoch 3/10
2/2 [==============================] - 2s 674ms/step - loss: 16.6311 - accuracy: 0.2333 - val_loss: 3.2371 - val_accuracy: 0.2000 - lr: 5.0000e-04
Epoch 4/10
2/2 [==============================] - 2s 811ms/step - loss: 16.9331 - accuracy: 0.1667 - val_loss: 3.3109 - val_accuracy: 0.2000 - lr: 5.0000e-04
Epoch 5/10
2/2 [==============================] - 2s 718ms/step - loss: 13.7723 - accuracy: 0.2500 - val_loss: 3.4480 - val_accuracy: 0.0000e+00 - lr: 5.0000e-04
Evaluating the model...
1/1 [==============================] - 0s 119ms/step - loss: 3.1820 - accuracy: 0.2857
Test accuracy: 0.2857142984867096, Validation loss: 3.237051010131836
Saving results to CSV...

Running training with params: (0.0005, 0.7, 64, 40, 0.3, 15)
Loading training data...
Found 60 images belonging to 6 classes.
Loading validation data...
Found 5 images belonging to 6 classes.
Loading test data...
Found 7 images belonging to 6 classes.
Number of classes: 6
Computing class weights...
Class weights: {0: 1.0, 1: 1.0, 2: 1.0, 3: 1.0, 4: 1.0, 5: 1.0}
Creating model with learning rate: 0.0005, dropout: 0.7, filters: 64
Model created and compiled.
Training the model...
Epoch 1/15
2/2 [==============================] - 3s 900ms/step - loss: 12.4198 - accuracy: 0.1167 - val_loss: 3.3286 - val_accuracy: 0.2000 - lr: 5.0000e-04
Epoch 2/15
2/2 [==============================] - 2s 711ms/step - loss: 16.0674 - accuracy: 0.1833 - val_loss: 3.4624 - val_accuracy: 0.2000 - lr: 5.0000e-04
Epoch 3/15
2/2 [==============================] - 2s 701ms/step - loss: 13.6147 - accuracy: 0.2167 - val_loss: 3.4525 - val_accuracy: 0.0000e+00 - lr: 5.0000e-04
Evaluating the model...
1/1 [==============================] - 0s 121ms/step - loss: 3.4033 - accuracy: 0.1429
Test accuracy: 0.1428571492433548, Validation loss: 3.3286044597625732
Saving results to CSV...

Running training with params: (0.0005, 0.7, 64, 50, 0.2, 10)
Loading training data...
Found 60 images belonging to 6 classes.
Loading validation data...
Found 5 images belonging to 6 classes.
Loading test data...
Found 7 images belonging to 6 classes.
Number of classes: 6
Computing class weights...
Class weights: {0: 1.0, 1: 1.0, 2: 1.0, 3: 1.0, 4: 1.0, 5: 1.0}
Creating model with learning rate: 0.0005, dropout: 0.7, filters: 64
Model created and compiled.
Training the model...
Epoch 1/10
2/2 [==============================] - 3s 1s/step - loss: 13.2037 - accuracy: 0.1833 - val_loss: 3.3341 - val_accuracy: 0.4000 - lr: 5.0000e-04
Epoch 2/10
2/2 [==============================] - 2s 726ms/step - loss: 14.3337 - accuracy: 0.1500 - val_loss: 3.2540 - val_accuracy: 0.2000 - lr: 5.0000e-04
Epoch 3/10
2/2 [==============================] - 2s 858ms/step - loss: 10.9415 - accuracy: 0.3500 - val_loss: 3.1820 - val_accuracy: 0.6000 - lr: 5.0000e-04
Epoch 4/10
2/2 [==============================] - 2s 835ms/step - loss: 16.5736 - accuracy: 0.2000 - val_loss: 3.2568 - val_accuracy: 0.6000 - lr: 5.0000e-04
Epoch 5/10
2/2 [==============================] - 2s 882ms/step - loss: 16.7748 - accuracy: 0.1833 - val_loss: 3.5505 - val_accuracy: 0.4000 - lr: 5.0000e-04
Evaluating the model...
1/1 [==============================] - 0s 122ms/step - loss: 3.2105 - accuracy: 0.4286
Test accuracy: 0.4285714328289032, Validation loss: 3.182001829147339
Saving results to CSV...

Running training with params: (0.0005, 0.7, 64, 50, 0.2, 15)
Loading training data...
Found 60 images belonging to 6 classes.
Loading validation data...
Found 5 images belonging to 6 classes.
Loading test data...
Found 7 images belonging to 6 classes.
Number of classes: 6
Computing class weights...
Class weights: {0: 1.0, 1: 1.0, 2: 1.0, 3: 1.0, 4: 1.0, 5: 1.0}
Creating model with learning rate: 0.0005, dropout: 0.7, filters: 64
Model created and compiled.
Training the model...
Epoch 1/15
2/2 [==============================] - 3s 1s/step - loss: 10.6891 - accuracy: 0.1500 - val_loss: 3.2273 - val_accuracy: 0.2000 - lr: 5.0000e-04
Epoch 2/15
2/2 [==============================] - 2s 833ms/step - loss: 14.6695 - accuracy: 0.3000 - val_loss: 3.2153 - val_accuracy: 0.2000 - lr: 5.0000e-04
Epoch 3/15
2/2 [==============================] - 2s 838ms/step - loss: 14.6295 - accuracy: 0.2000 - val_loss: 3.3204 - val_accuracy: 0.0000e+00 - lr: 5.0000e-04
Epoch 4/15
2/2 [==============================] - 2s 739ms/step - loss: 12.9417 - accuracy: 0.3000 - val_loss: 3.4030 - val_accuracy: 0.2000 - lr: 5.0000e-04
Evaluating the model...
1/1 [==============================] - 0s 128ms/step - loss: 3.2156 - accuracy: 0.1429
Test accuracy: 0.1428571492433548, Validation loss: 3.215264081954956
Saving results to CSV...

Running training with params: (0.0005, 0.7, 64, 50, 0.3, 10)
Loading training data...
Found 60 images belonging to 6 classes.
Loading validation data...
Found 5 images belonging to 6 classes.
Loading test data...
Found 7 images belonging to 6 classes.
Number of classes: 6
Computing class weights...
Class weights: {0: 1.0, 1: 1.0, 2: 1.0, 3: 1.0, 4: 1.0, 5: 1.0}
Creating model with learning rate: 0.0005, dropout: 0.7, filters: 64
Model created and compiled.
Training the model...
Epoch 1/10
2/2 [==============================] - 3s 1s/step - loss: 12.4688 - accuracy: 0.1833 - val_loss: 3.2215 - val_accuracy: 0.2000 - lr: 5.0000e-04
Epoch 2/10
2/2 [==============================] - 2s 819ms/step - loss: 17.8437 - accuracy: 0.1000 - val_loss: 3.3012 - val_accuracy: 0.2000 - lr: 5.0000e-04
Epoch 3/10
2/2 [==============================] - 2s 718ms/step - loss: 16.2600 - accuracy: 0.2167 - val_loss: 3.3012 - val_accuracy: 0.2000 - lr: 5.0000e-04
Evaluating the model...
1/1 [==============================] - 0s 127ms/step - loss: 3.2966 - accuracy: 0.1429
Test accuracy: 0.1428571492433548, Validation loss: 3.221477508544922
Saving results to CSV...

Running training with params: (0.0005, 0.7, 64, 50, 0.3, 15)
Loading training data...
Found 60 images belonging to 6 classes.
Loading validation data...
Found 5 images belonging to 6 classes.
Loading test data...
Found 7 images belonging to 6 classes.
Number of classes: 6
Computing class weights...
Class weights: {0: 1.0, 1: 1.0, 2: 1.0, 3: 1.0, 4: 1.0, 5: 1.0}
Creating model with learning rate: 0.0005, dropout: 0.7, filters: 64
Model created and compiled.
Training the model...
Epoch 1/15
2/2 [==============================] - 3s 876ms/step - loss: 11.7359 - accuracy: 0.2000 - val_loss: 3.2210 - val_accuracy: 0.4000 - lr: 5.0000e-04
Epoch 2/15
2/2 [==============================] - 2s 706ms/step - loss: 16.5226 - accuracy: 0.2000 - val_loss: 3.1766 - val_accuracy: 0.6000 - lr: 5.0000e-04
Epoch 3/15
2/2 [==============================] - 2s 672ms/step - loss: 17.9600 - accuracy: 0.1667 - val_loss: 3.3075 - val_accuracy: 0.4000 - lr: 5.0000e-04
Epoch 4/15
2/2 [==============================] - 2s 887ms/step - loss: 12.1778 - accuracy: 0.2167 - val_loss: 3.5648 - val_accuracy: 0.2000 - lr: 5.0000e-04
Evaluating the model...
1/1 [==============================] - 0s 126ms/step - loss: 3.3386 - accuracy: 0.1429
Test accuracy: 0.1428571492433548, Validation loss: 3.1766433715820312
Saving results to CSV...

Running training with params: (0.0001, 0.4, 32, 40, 0.2, 10)
Loading training data...
Found 60 images belonging to 6 classes.
Loading validation data...
Found 5 images belonging to 6 classes.
Loading test data...
Found 7 images belonging to 6 classes.
Number of classes: 6
Computing class weights...
Class weights: {0: 1.0, 1: 1.0, 2: 1.0, 3: 1.0, 4: 1.0, 5: 1.0}
Creating model with learning rate: 0.0001, dropout: 0.4, filters: 32
Model created and compiled.
Training the model...
Epoch 1/10
2/2 [==============================] - 2s 675ms/step - loss: 5.6304 - accuracy: 0.2000 - val_loss: 3.0061 - val_accuracy: 0.4000 - lr: 1.0000e-04
Epoch 2/10
2/2 [==============================] - 1s 600ms/step - loss: 4.8380 - accuracy: 0.3000 - val_loss: 3.0143 - val_accuracy: 0.4000 - lr: 1.0000e-04
Epoch 3/10
2/2 [==============================] - 1s 478ms/step - loss: 6.0012 - accuracy: 0.2167 - val_loss: 3.0179 - val_accuracy: 0.4000 - lr: 1.0000e-04
Evaluating the model...
1/1 [==============================] - 0s 96ms/step - loss: 3.0372 - accuracy: 0.1429
Test accuracy: 0.1428571492433548, Validation loss: 3.0061421394348145
Saving results to CSV...

Running training with params: (0.0001, 0.4, 32, 40, 0.2, 15)
Loading training data...
Found 60 images belonging to 6 classes.
Loading validation data...
Found 5 images belonging to 6 classes.
Loading test data...
Found 7 images belonging to 6 classes.
Number of classes: 6
Computing class weights...
Class weights: {0: 1.0, 1: 1.0, 2: 1.0, 3: 1.0, 4: 1.0, 5: 1.0}
Creating model with learning rate: 0.0001, dropout: 0.4, filters: 32
Model created and compiled.
Training the model...
Epoch 1/15
2/2 [==============================] - 2s 756ms/step - loss: 5.7196 - accuracy: 0.2333 - val_loss: 3.0817 - val_accuracy: 0.2000 - lr: 1.0000e-04
Epoch 2/15
2/2 [==============================] - 1s 476ms/step - loss: 6.0938 - accuracy: 0.1667 - val_loss: 3.0846 - val_accuracy: 0.2000 - lr: 1.0000e-04
Epoch 3/15
2/2 [==============================] - 1s 554ms/step - loss: 5.3377 - accuracy: 0.2333 - val_loss: 3.0842 - val_accuracy: 0.2000 - lr: 1.0000e-04
Evaluating the model...
1/1 [==============================] - 0s 101ms/step - loss: 3.0546 - accuracy: 0.2857
Test accuracy: 0.2857142984867096, Validation loss: 3.08174467086792
Saving results to CSV...

Running training with params: (0.0001, 0.4, 32, 40, 0.3, 10)
Loading training data...
Found 60 images belonging to 6 classes.
Loading validation data...
Found 5 images belonging to 6 classes.
Loading test data...
Found 7 images belonging to 6 classes.
Number of classes: 6
Computing class weights...
Class weights: {0: 1.0, 1: 1.0, 2: 1.0, 3: 1.0, 4: 1.0, 5: 1.0}
Creating model with learning rate: 0.0001, dropout: 0.4, filters: 32
Model created and compiled.
Training the model...
Epoch 1/10
2/2 [==============================] - 2s 723ms/step - loss: 5.3734 - accuracy: 0.2167 - val_loss: 3.0897 - val_accuracy: 0.0000e+00 - lr: 1.0000e-04
Epoch 2/10
2/2 [==============================] - 1s 493ms/step - loss: 5.3062 - accuracy: 0.3000 - val_loss: 3.0748 - val_accuracy: 0.2000 - lr: 1.0000e-04
Epoch 3/10
2/2 [==============================] - 1s 492ms/step - loss: 5.2146 - accuracy: 0.2833 - val_loss: 3.0722 - val_accuracy: 0.4000 - lr: 1.0000e-04
Epoch 4/10
2/2 [==============================] - 1s 576ms/step - loss: 5.0047 - accuracy: 0.3000 - val_loss: 3.0978 - val_accuracy: 0.0000e+00 - lr: 1.0000e-04
Epoch 5/10
2/2 [==============================] - 1s 500ms/step - loss: 5.2029 - accuracy: 0.2833 - val_loss: 3.1280 - val_accuracy: 0.0000e+00 - lr: 1.0000e-04
Evaluating the model...
1/1 [==============================] - 0s 106ms/step - loss: 3.0818 - accuracy: 0.2857
Test accuracy: 0.2857142984867096, Validation loss: 3.072239875793457
Saving results to CSV...

Running training with params: (0.0001, 0.4, 32, 40, 0.3, 15)
Loading training data...
Found 60 images belonging to 6 classes.
Loading validation data...
Found 5 images belonging to 6 classes.
Loading test data...
Found 7 images belonging to 6 classes.
Number of classes: 6
Computing class weights...
Class weights: {0: 1.0, 1: 1.0, 2: 1.0, 3: 1.0, 4: 1.0, 5: 1.0}
Creating model with learning rate: 0.0001, dropout: 0.4, filters: 32
Model created and compiled.
Training the model...
Epoch 1/15
2/2 [==============================] - 2s 637ms/step - loss: 5.7886 - accuracy: 0.1333 - val_loss: 3.0718 - val_accuracy: 0.2000 - lr: 1.0000e-04
Epoch 2/15
2/2 [==============================] - 1s 543ms/step - loss: 5.3407 - accuracy: 0.2333 - val_loss: 3.0663 - val_accuracy: 0.2000 - lr: 1.0000e-04
Epoch 3/15
2/2 [==============================] - 1s 574ms/step - loss: 6.6562 - accuracy: 0.1833 - val_loss: 3.0682 - val_accuracy: 0.4000 - lr: 1.0000e-04
Epoch 4/15
2/2 [==============================] - 1s 601ms/step - loss: 6.5444 - accuracy: 0.2000 - val_loss: 3.0843 - val_accuracy: 0.4000 - lr: 1.0000e-04
Evaluating the model...
1/1 [==============================] - 0s 104ms/step - loss: 3.0555 - accuracy: 0.4286
Test accuracy: 0.4285714328289032, Validation loss: 3.0662877559661865
Saving results to CSV...

Running training with params: (0.0001, 0.4, 32, 50, 0.2, 10)
Loading training data...
Found 60 images belonging to 6 classes.
Loading validation data...
Found 5 images belonging to 6 classes.
Loading test data...
Found 7 images belonging to 6 classes.
Number of classes: 6
Computing class weights...
Class weights: {0: 1.0, 1: 1.0, 2: 1.0, 3: 1.0, 4: 1.0, 5: 1.0}
Creating model with learning rate: 0.0001, dropout: 0.4, filters: 32
Model created and compiled.
Training the model...
Epoch 1/10
2/2 [==============================] - 2s 758ms/step - loss: 5.8246 - accuracy: 0.1500 - val_loss: 3.0813 - val_accuracy: 0.0000e+00 - lr: 1.0000e-04
Epoch 2/10
2/2 [==============================] - 1s 579ms/step - loss: 5.7084 - accuracy: 0.2000 - val_loss: 3.0579 - val_accuracy: 0.2000 - lr: 1.0000e-04
Epoch 3/10
2/2 [==============================] - 1s 490ms/step - loss: 5.6505 - accuracy: 0.1667 - val_loss: 3.0327 - val_accuracy: 0.2000 - lr: 1.0000e-04
Epoch 4/10
2/2 [==============================] - 1s 474ms/step - loss: 5.3594 - accuracy: 0.1167 - val_loss: 3.0073 - val_accuracy: 0.6000 - lr: 1.0000e-04
Epoch 5/10
2/2 [==============================] - 1s 577ms/step - loss: 5.1045 - accuracy: 0.2500 - val_loss: 2.9835 - val_accuracy: 0.4000 - lr: 1.0000e-04
Epoch 6/10
2/2 [==============================] - 1s 490ms/step - loss: 4.4470 - accuracy: 0.3500 - val_loss: 2.9601 - val_accuracy: 0.6000 - lr: 1.0000e-04
Epoch 7/10
2/2 [==============================] - 1s 583ms/step - loss: 4.7843 - accuracy: 0.3500 - val_loss: 2.9382 - val_accuracy: 0.4000 - lr: 1.0000e-04
Epoch 8/10
2/2 [==============================] - 1s 511ms/step - loss: 4.3032 - accuracy: 0.3333 - val_loss: 2.9107 - val_accuracy: 0.4000 - lr: 1.0000e-04
Epoch 9/10
2/2 [==============================] - 1s 565ms/step - loss: 5.3262 - accuracy: 0.3000 - val_loss: 2.8866 - val_accuracy: 0.4000 - lr: 1.0000e-04
Epoch 10/10
2/2 [==============================] - 1s 575ms/step - loss: 4.5685 - accuracy: 0.2500 - val_loss: 2.8476 - val_accuracy: 0.4000 - lr: 1.0000e-04
Evaluating the model...
1/1 [==============================] - 0s 115ms/step - loss: 2.9206 - accuracy: 0.4286
Test accuracy: 0.4285714328289032, Validation loss: 2.8475775718688965
Saving results to CSV...

Running training with params: (0.0001, 0.4, 32, 50, 0.2, 15)
Loading training data...
Found 60 images belonging to 6 classes.
Loading validation data...
Found 5 images belonging to 6 classes.
Loading test data...
Found 7 images belonging to 6 classes.
Number of classes: 6
Computing class weights...
Class weights: {0: 1.0, 1: 1.0, 2: 1.0, 3: 1.0, 4: 1.0, 5: 1.0}
Creating model with learning rate: 0.0001, dropout: 0.4, filters: 32
Model created and compiled.
Training the model...
Epoch 1/15
2/2 [==============================] - 2s 655ms/step - loss: 5.6763 - accuracy: 0.2000 - val_loss: 3.0852 - val_accuracy: 0.0000e+00 - lr: 1.0000e-04
Epoch 2/15
2/2 [==============================] - 1s 494ms/step - loss: 5.4271 - accuracy: 0.2500 - val_loss: 3.0439 - val_accuracy: 0.2000 - lr: 1.0000e-04
Epoch 3/15
2/2 [==============================] - 1s 540ms/step - loss: 4.9926 - accuracy: 0.2500 - val_loss: 3.0468 - val_accuracy: 0.4000 - lr: 1.0000e-04
Epoch 4/15
2/2 [==============================] - 1s 598ms/step - loss: 5.1534 - accuracy: 0.2500 - val_loss: 3.0711 - val_accuracy: 0.2000 - lr: 1.0000e-04
Evaluating the model...
1/1 [==============================] - 0s 100ms/step - loss: 3.0328 - accuracy: 0.5714
Test accuracy: 0.5714285969734192, Validation loss: 3.043912410736084
Saving results to CSV...

Running training with params: (0.0001, 0.4, 32, 50, 0.3, 10)
Loading training data...
Found 60 images belonging to 6 classes.
Loading validation data...
Found 5 images belonging to 6 classes.
Loading test data...
Found 7 images belonging to 6 classes.
Number of classes: 6
Computing class weights...
Class weights: {0: 1.0, 1: 1.0, 2: 1.0, 3: 1.0, 4: 1.0, 5: 1.0}
Creating model with learning rate: 0.0001, dropout: 0.4, filters: 32
Model created and compiled.
Training the model...
Epoch 1/10
2/2 [==============================] - 2s 728ms/step - loss: 7.1013 - accuracy: 0.1167 - val_loss: 3.0236 - val_accuracy: 0.4000 - lr: 1.0000e-04
Epoch 2/10
2/2 [==============================] - 1s 467ms/step - loss: 5.5472 - accuracy: 0.2333 - val_loss: 3.0321 - val_accuracy: 0.4000 - lr: 1.0000e-04
Epoch 3/10
2/2 [==============================] - 1s 503ms/step - loss: 4.4378 - accuracy: 0.2833 - val_loss: 3.0492 - val_accuracy: 0.4000 - lr: 1.0000e-04
Evaluating the model...
1/1 [==============================] - 0s 103ms/step - loss: 3.0569 - accuracy: 0.2857
Test accuracy: 0.2857142984867096, Validation loss: 3.023639678955078
Saving results to CSV...

Running training with params: (0.0001, 0.4, 32, 50, 0.3, 15)
Loading training data...
Found 60 images belonging to 6 classes.
Loading validation data...
Found 5 images belonging to 6 classes.
Loading test data...
Found 7 images belonging to 6 classes.
Number of classes: 6
Computing class weights...
Class weights: {0: 1.0, 1: 1.0, 2: 1.0, 3: 1.0, 4: 1.0, 5: 1.0}
Creating model with learning rate: 0.0001, dropout: 0.4, filters: 32
Model created and compiled.
Training the model...
Epoch 1/15
2/2 [==============================] - 2s 636ms/step - loss: 5.9258 - accuracy: 0.2500 - val_loss: 3.0854 - val_accuracy: 0.0000e+00 - lr: 1.0000e-04
Epoch 2/15
2/2 [==============================] - 1s 547ms/step - loss: 5.7365 - accuracy: 0.1833 - val_loss: 3.0959 - val_accuracy: 0.0000e+00 - lr: 1.0000e-04
Epoch 3/15
2/2 [==============================] - 1s 487ms/step - loss: 5.8136 - accuracy: 0.1833 - val_loss: 3.0848 - val_accuracy: 0.0000e+00 - lr: 1.0000e-04
Epoch 4/15
2/2 [==============================] - 1s 487ms/step - loss: 5.2756 - accuracy: 0.2000 - val_loss: 3.0660 - val_accuracy: 0.2000 - lr: 1.0000e-04
Epoch 5/15
2/2 [==============================] - 1s 509ms/step - loss: 4.9004 - accuracy: 0.3000 - val_loss: 3.0487 - val_accuracy: 0.2000 - lr: 1.0000e-04
Epoch 6/15
2/2 [==============================] - 1s 490ms/step - loss: 5.2217 - accuracy: 0.3000 - val_loss: 3.0365 - val_accuracy: 0.2000 - lr: 1.0000e-04
Epoch 7/15
2/2 [==============================] - 1s 549ms/step - loss: 4.8909 - accuracy: 0.2667 - val_loss: 3.0348 - val_accuracy: 0.2000 - lr: 1.0000e-04
Epoch 8/15
2/2 [==============================] - 1s 556ms/step - loss: 4.8921 - accuracy: 0.2833 - val_loss: 3.0402 - val_accuracy: 0.2000 - lr: 1.0000e-04
Epoch 9/15
2/2 [==============================] - 1s 487ms/step - loss: 4.7713 - accuracy: 0.2333 - val_loss: 3.0533 - val_accuracy: 0.2000 - lr: 1.0000e-04
Evaluating the model...
1/1 [==============================] - 0s 114ms/step - loss: 3.0825 - accuracy: 0.0000e+00
Test accuracy: 0.0, Validation loss: 3.0348105430603027
Saving results to CSV...

Running training with params: (0.0001, 0.4, 64, 40, 0.2, 10)
Loading training data...
Found 60 images belonging to 6 classes.
Loading validation data...
Found 5 images belonging to 6 classes.
Loading test data...
Found 7 images belonging to 6 classes.
Number of classes: 6
Computing class weights...
Class weights: {0: 1.0, 1: 1.0, 2: 1.0, 3: 1.0, 4: 1.0, 5: 1.0}
Creating model with learning rate: 0.0001, dropout: 0.4, filters: 64
Model created and compiled.
Training the model...
Epoch 1/10
2/2 [==============================] - 3s 886ms/step - loss: 6.6234 - accuracy: 0.1333 - val_loss: 3.3571 - val_accuracy: 0.0000e+00 - lr: 1.0000e-04
Epoch 2/10
2/2 [==============================] - 2s 710ms/step - loss: 7.0739 - accuracy: 0.2667 - val_loss: 3.3461 - val_accuracy: 0.2000 - lr: 1.0000e-04
Epoch 3/10
2/2 [==============================] - 2s 698ms/step - loss: 7.2621 - accuracy: 0.2167 - val_loss: 3.3551 - val_accuracy: 0.2000 - lr: 1.0000e-04
Epoch 4/10
2/2 [==============================] - 2s 864ms/step - loss: 5.6267 - accuracy: 0.2833 - val_loss: 3.3631 - val_accuracy: 0.2000 - lr: 1.0000e-04
Evaluating the model...
1/1 [==============================] - 0s 121ms/step - loss: 3.2986 - accuracy: 0.2857
Test accuracy: 0.2857142984867096, Validation loss: 3.3461380004882812
Saving results to CSV...

Running training with params: (0.0001, 0.4, 64, 40, 0.2, 15)
Loading training data...
Found 60 images belonging to 6 classes.
Loading validation data...
Found 5 images belonging to 6 classes.
Loading test data...
Found 7 images belonging to 6 classes.
Number of classes: 6
Computing class weights...
Class weights: {0: 1.0, 1: 1.0, 2: 1.0, 3: 1.0, 4: 1.0, 5: 1.0}
Creating model with learning rate: 0.0001, dropout: 0.4, filters: 64
Model created and compiled.
Training the model...
Epoch 1/15
2/2 [==============================] - 3s 882ms/step - loss: 6.9151 - accuracy: 0.2000 - val_loss: 3.3214 - val_accuracy: 0.0000e+00 - lr: 1.0000e-04
Epoch 2/15
2/2 [==============================] - 2s 838ms/step - loss: 6.3597 - accuracy: 0.3000 - val_loss: 3.3384 - val_accuracy: 0.2000 - lr: 1.0000e-04
Epoch 3/15
2/2 [==============================] - 2s 737ms/step - loss: 6.7173 - accuracy: 0.2333 - val_loss: 3.3439 - val_accuracy: 0.2000 - lr: 1.0000e-04
Evaluating the model...
1/1 [==============================] - 0s 145ms/step - loss: 3.3184 - accuracy: 0.4286
Test accuracy: 0.4285714328289032, Validation loss: 3.3213934898376465
Saving results to CSV...

Running training with params: (0.0001, 0.4, 64, 40, 0.3, 10)
Loading training data...
Found 60 images belonging to 6 classes.
Loading validation data...
Found 5 images belonging to 6 classes.
Loading test data...
Found 7 images belonging to 6 classes.
Number of classes: 6
Computing class weights...
Class weights: {0: 1.0, 1: 1.0, 2: 1.0, 3: 1.0, 4: 1.0, 5: 1.0}
Creating model with learning rate: 0.0001, dropout: 0.4, filters: 64
Model created and compiled.
Training the model...
Epoch 1/10
2/2 [==============================] - 3s 893ms/step - loss: 6.7635 - accuracy: 0.2000 - val_loss: 3.3394 - val_accuracy: 0.2000 - lr: 1.0000e-04
Epoch 2/10
2/2 [==============================] - 2s 855ms/step - loss: 7.5917 - accuracy: 0.1833 - val_loss: 3.3379 - val_accuracy: 0.0000e+00 - lr: 1.0000e-04
Epoch 3/10
2/2 [==============================] - 2s 886ms/step - loss: 5.5299 - accuracy: 0.2833 - val_loss: 3.3323 - val_accuracy: 0.0000e+00 - lr: 1.0000e-04
Epoch 4/10
2/2 [==============================] - 2s 909ms/step - loss: 6.7184 - accuracy: 0.1833 - val_loss: 3.3009 - val_accuracy: 0.2000 - lr: 1.0000e-04
Epoch 5/10
2/2 [==============================] - 2s 675ms/step - loss: 5.6272 - accuracy: 0.2333 - val_loss: 3.2636 - val_accuracy: 0.2000 - lr: 1.0000e-04
Epoch 6/10
2/2 [==============================] - 2s 713ms/step - loss: 5.7750 - accuracy: 0.3167 - val_loss: 3.2350 - val_accuracy: 0.4000 - lr: 1.0000e-04
Epoch 7/10
2/2 [==============================] - 2s 843ms/step - loss: 6.0244 - accuracy: 0.2500 - val_loss: 3.1943 - val_accuracy: 0.4000 - lr: 1.0000e-04
Epoch 8/10
2/2 [==============================] - 2s 743ms/step - loss: 4.9860 - accuracy: 0.3167 - val_loss: 3.1522 - val_accuracy: 0.4000 - lr: 1.0000e-04
Epoch 9/10
2/2 [==============================] - 2s 716ms/step - loss: 5.2461 - accuracy: 0.2833 - val_loss: 3.1079 - val_accuracy: 0.4000 - lr: 1.0000e-04
Epoch 10/10
2/2 [==============================] - 2s 885ms/step - loss: 4.5787 - accuracy: 0.3833 - val_loss: 3.0591 - val_accuracy: 0.4000 - lr: 1.0000e-04
Evaluating the model...
1/1 [==============================] - 0s 127ms/step - loss: 3.0741 - accuracy: 0.4286
Test accuracy: 0.4285714328289032, Validation loss: 3.0590500831604004
Saving results to CSV...

Running training with params: (0.0001, 0.4, 64, 40, 0.3, 15)
Loading training data...
Found 60 images belonging to 6 classes.
Loading validation data...
Found 5 images belonging to 6 classes.
Loading test data...
Found 7 images belonging to 6 classes.
Number of classes: 6
Computing class weights...
Class weights: {0: 1.0, 1: 1.0, 2: 1.0, 3: 1.0, 4: 1.0, 5: 1.0}
Creating model with learning rate: 0.0001, dropout: 0.4, filters: 64
Model created and compiled.
Training the model...
Epoch 1/15
2/2 [==============================] - 3s 1s/step - loss: 6.0961 - accuracy: 0.1667 - val_loss: 3.3518 - val_accuracy: 0.2000 - lr: 1.0000e-04
Epoch 2/15
2/2 [==============================] - 2s 1s/step - loss: 5.7194 - accuracy: 0.3167 - val_loss: 3.3131 - val_accuracy: 0.4000 - lr: 1.0000e-04
Epoch 3/15
2/2 [==============================] - 3s 2s/step - loss: 5.7915 - accuracy: 0.2833 - val_loss: 3.3028 - val_accuracy: 0.2000 - lr: 1.0000e-04
Epoch 4/15
2/2 [==============================] - 3s 2s/step - loss: 7.5659 - accuracy: 0.2167 - val_loss: 3.3157 - val_accuracy: 0.4000 - lr: 1.0000e-04
Epoch 5/15
2/2 [==============================] - 3s 1s/step - loss: 6.9723 - accuracy: 0.2833 - val_loss: 3.3179 - val_accuracy: 0.2000 - lr: 1.0000e-04
Evaluating the model...
1/1 [==============================] - 0s 233ms/step - loss: 3.3175 - accuracy: 0.1429
Test accuracy: 0.1428571492433548, Validation loss: 3.30281138420105
Saving results to CSV...

Running training with params: (0.0001, 0.4, 64, 50, 0.2, 10)
Loading training data...
Found 60 images belonging to 6 classes.
Loading validation data...
Found 5 images belonging to 6 classes.
Loading test data...
Found 7 images belonging to 6 classes.
Number of classes: 6
Computing class weights...
Class weights: {0: 1.0, 1: 1.0, 2: 1.0, 3: 1.0, 4: 1.0, 5: 1.0}
Creating model with learning rate: 0.0001, dropout: 0.4, filters: 64
Model created and compiled.
Training the model...
Epoch 1/10
2/2 [==============================] - 4s 2s/step - loss: 5.8153 - accuracy: 0.1833 - val_loss: 3.3391 - val_accuracy: 0.0000e+00 - lr: 1.0000e-04
Epoch 2/10
2/2 [==============================] - 3s 2s/step - loss: 7.2015 - accuracy: 0.2333 - val_loss: 3.3168 - val_accuracy: 0.2000 - lr: 1.0000e-04
Epoch 3/10
2/2 [==============================] - 3s 2s/step - loss: 7.2147 - accuracy: 0.2833 - val_loss: 3.3153 - val_accuracy: 0.2000 - lr: 1.0000e-04
Epoch 4/10
2/2 [==============================] - 3s 2s/step - loss: 6.9764 - accuracy: 0.2333 - val_loss: 3.3314 - val_accuracy: 0.2000 - lr: 1.0000e-04
Epoch 5/10
2/2 [==============================] - 3s 2s/step - loss: 6.8215 - accuracy: 0.2833 - val_loss: 3.3548 - val_accuracy: 0.2000 - lr: 1.0000e-04
Evaluating the model...
1/1 [==============================] - 0s 180ms/step - loss: 3.3888 - accuracy: 0.1429
Test accuracy: 0.1428571492433548, Validation loss: 3.315322160720825
Saving results to CSV...

Running training with params: (0.0001, 0.4, 64, 50, 0.2, 15)
Loading training data...
Found 60 images belonging to 6 classes.
Loading validation data...
Found 5 images belonging to 6 classes.
Loading test data...
Found 7 images belonging to 6 classes.
Number of classes: 6
Computing class weights...
Class weights: {0: 1.0, 1: 1.0, 2: 1.0, 3: 1.0, 4: 1.0, 5: 1.0}
Creating model with learning rate: 0.0001, dropout: 0.4, filters: 64
Model created and compiled.
Training the model...
Epoch 1/15
2/2 [==============================] - 4s 2s/step - loss: 6.0940 - accuracy: 0.1333 - val_loss: 3.3871 - val_accuracy: 0.0000e+00 - lr: 1.0000e-04
Epoch 2/15
2/2 [==============================] - 3s 1s/step - loss: 7.2373 - accuracy: 0.2833 - val_loss: 3.3678 - val_accuracy: 0.0000e+00 - lr: 1.0000e-04
Epoch 3/15
2/2 [==============================] - 3s 1s/step - loss: 5.4012 - accuracy: 0.2667 - val_loss: 3.3347 - val_accuracy: 0.2000 - lr: 1.0000e-04
Epoch 4/15
2/2 [==============================] - 3s 2s/step - loss: 6.8669 - accuracy: 0.1833 - val_loss: 3.3025 - val_accuracy: 0.2000 - lr: 1.0000e-04
Epoch 5/15
2/2 [==============================] - 3s 1s/step - loss: 6.4732 - accuracy: 0.2667 - val_loss: 3.2636 - val_accuracy: 0.2000 - lr: 1.0000e-04
Epoch 6/15
2/2 [==============================] - 3s 1s/step - loss: 7.0102 - accuracy: 0.2000 - val_loss: 3.2315 - val_accuracy: 0.2000 - lr: 1.0000e-04
Epoch 7/15
2/2 [==============================] - 3s 1s/step - loss: 6.6956 - accuracy: 0.2500 - val_loss: 3.2077 - val_accuracy: 0.4000 - lr: 1.0000e-04
Epoch 8/15
2/2 [==============================] - 3s 1s/step - loss: 5.4092 - accuracy: 0.2667 - val_loss: 3.1979 - val_accuracy: 0.4000 - lr: 1.0000e-04
Epoch 9/15
2/2 [==============================] - 3s 1s/step - loss: 5.5029 - accuracy: 0.2833 - val_loss: 3.1888 - val_accuracy: 0.4000 - lr: 1.0000e-04
Epoch 10/15
2/2 [==============================] - 3s 2s/step - loss: 4.9431 - accuracy: 0.4333 - val_loss: 3.1889 - val_accuracy: 0.4000 - lr: 1.0000e-04
Epoch 11/15
2/2 [==============================] - 3s 2s/step - loss: 5.4552 - accuracy: 0.3500 - val_loss: 3.2161 - val_accuracy: 0.4000 - lr: 1.0000e-04
Evaluating the model...
1/1 [==============================] - 0s 183ms/step - loss: 3.1943 - accuracy: 0.4286
Test accuracy: 0.4285714328289032, Validation loss: 3.188767910003662
Saving results to CSV...

Running training with params: (0.0001, 0.4, 64, 50, 0.3, 10)
Loading training data...
Found 60 images belonging to 6 classes.
Loading validation data...
Found 5 images belonging to 6 classes.
Loading test data...
Found 7 images belonging to 6 classes.
Number of classes: 6
Computing class weights...
Class weights: {0: 1.0, 1: 1.0, 2: 1.0, 3: 1.0, 4: 1.0, 5: 1.0}
Creating model with learning rate: 0.0001, dropout: 0.4, filters: 64
Model created and compiled.
Training the model...
Epoch 1/10
2/2 [==============================] - 4s 2s/step - loss: 7.4784 - accuracy: 0.0667 - val_loss: 3.3449 - val_accuracy: 0.2000 - lr: 1.0000e-04
Epoch 2/10
2/2 [==============================] - 3s 1s/step - loss: 6.7769 - accuracy: 0.1833 - val_loss: 3.3218 - val_accuracy: 0.2000 - lr: 1.0000e-04
Epoch 3/10
2/2 [==============================] - 3s 1s/step - loss: 6.2831 - accuracy: 0.3333 - val_loss: 3.3071 - val_accuracy: 0.6000 - lr: 1.0000e-04
Epoch 4/10
2/2 [==============================] - 3s 1s/step - loss: 6.5831 - accuracy: 0.1833 - val_loss: 3.3150 - val_accuracy: 0.4000 - lr: 1.0000e-04
Epoch 5/10
2/2 [==============================] - 2s 1s/step - loss: 6.3302 - accuracy: 0.2667 - val_loss: 3.3182 - val_accuracy: 0.4000 - lr: 1.0000e-04
Evaluating the model...
1/1 [==============================] - 0s 149ms/step - loss: 3.3344 - accuracy: 0.4286
Test accuracy: 0.4285714328289032, Validation loss: 3.3071255683898926
Saving results to CSV...

Running training with params: (0.0001, 0.4, 64, 50, 0.3, 15)
Loading training data...
Found 60 images belonging to 6 classes.
Loading validation data...
Found 5 images belonging to 6 classes.
Loading test data...
Found 7 images belonging to 6 classes.
Number of classes: 6
Computing class weights...
Class weights: {0: 1.0, 1: 1.0, 2: 1.0, 3: 1.0, 4: 1.0, 5: 1.0}
Creating model with learning rate: 0.0001, dropout: 0.4, filters: 64
Model created and compiled.
Training the model...
Epoch 1/15
2/2 [==============================] - 3s 1s/step - loss: 6.2712 - accuracy: 0.1333 - val_loss: 3.2649 - val_accuracy: 0.4000 - lr: 1.0000e-04
Epoch 2/15
2/2 [==============================] - 2s 1s/step - loss: 6.2739 - accuracy: 0.2667 - val_loss: 3.3162 - val_accuracy: 0.2000 - lr: 1.0000e-04
Epoch 3/15
2/2 [==============================] - 2s 1s/step - loss: 6.8671 - accuracy: 0.2667 - val_loss: 3.3506 - val_accuracy: 0.2000 - lr: 1.0000e-04
Evaluating the model...
1/1 [==============================] - 0s 139ms/step - loss: 3.2692 - accuracy: 0.4286
Test accuracy: 0.4285714328289032, Validation loss: 3.264915943145752
Saving results to CSV...

Running training with params: (0.0001, 0.7, 32, 40, 0.2, 10)
Loading training data...
Found 60 images belonging to 6 classes.
Loading validation data...
Found 5 images belonging to 6 classes.
Loading test data...
Found 7 images belonging to 6 classes.
Number of classes: 6
Computing class weights...
Class weights: {0: 1.0, 1: 1.0, 2: 1.0, 3: 1.0, 4: 1.0, 5: 1.0}
Creating model with learning rate: 0.0001, dropout: 0.7, filters: 32
Model created and compiled.
Training the model...
Epoch 1/10
2/2 [==============================] - 2s 844ms/step - loss: 9.2655 - accuracy: 0.1333 - val_loss: 3.0714 - val_accuracy: 0.2000 - lr: 1.0000e-04
Epoch 2/10
2/2 [==============================] - 1s 602ms/step - loss: 7.7782 - accuracy: 0.2500 - val_loss: 3.0776 - val_accuracy: 0.2000 - lr: 1.0000e-04
Epoch 3/10
2/2 [==============================] - 1s 703ms/step - loss: 10.7731 - accuracy: 0.1833 - val_loss: 3.0754 - val_accuracy: 0.0000e+00 - lr: 1.0000e-04
Evaluating the model...
1/1 [==============================] - 0s 104ms/step - loss: 3.0534 - accuracy: 0.4286
Test accuracy: 0.4285714328289032, Validation loss: 3.0714197158813477
Saving results to CSV...

Running training with params: (0.0001, 0.7, 32, 40, 0.2, 15)
Loading training data...
Found 60 images belonging to 6 classes.
Loading validation data...
Found 5 images belonging to 6 classes.
Loading test data...
Found 7 images belonging to 6 classes.
Number of classes: 6
Computing class weights...
Class weights: {0: 1.0, 1: 1.0, 2: 1.0, 3: 1.0, 4: 1.0, 5: 1.0}
Creating model with learning rate: 0.0001, dropout: 0.7, filters: 32
Model created and compiled.
Training the model...
Epoch 1/15
2/2 [==============================] - 2s 753ms/step - loss: 8.5925 - accuracy: 0.1500 - val_loss: 3.1015 - val_accuracy: 0.0000e+00 - lr: 1.0000e-04
Epoch 2/15
2/2 [==============================] - 1s 518ms/step - loss: 8.7622 - accuracy: 0.1500 - val_loss: 3.0884 - val_accuracy: 0.0000e+00 - lr: 1.0000e-04
Epoch 3/15
2/2 [==============================] - 1s 620ms/step - loss: 8.7320 - accuracy: 0.1500 - val_loss: 3.0732 - val_accuracy: 0.0000e+00 - lr: 1.0000e-04
Epoch 4/15
2/2 [==============================] - 1s 641ms/step - loss: 12.1850 - accuracy: 0.1167 - val_loss: 3.0667 - val_accuracy: 0.0000e+00 - lr: 1.0000e-04
Epoch 5/15
2/2 [==============================] - 1s 551ms/step - loss: 9.1746 - accuracy: 0.1667 - val_loss: 3.0683 - val_accuracy: 0.0000e+00 - lr: 1.0000e-04
Epoch 6/15
2/2 [==============================] - 1s 582ms/step - loss: 9.5135 - accuracy: 0.2167 - val_loss: 3.0738 - val_accuracy: 0.0000e+00 - lr: 1.0000e-04
Evaluating the model...
1/1 [==============================] - 0s 101ms/step - loss: 3.0739 - accuracy: 0.1429
Test accuracy: 0.1428571492433548, Validation loss: 3.066685676574707
Saving results to CSV...

Running training with params: (0.0001, 0.7, 32, 40, 0.3, 10)
Loading training data...
Found 60 images belonging to 6 classes.
Loading validation data...
Found 5 images belonging to 6 classes.
Loading test data...
Found 7 images belonging to 6 classes.
Number of classes: 6
Computing class weights...
Class weights: {0: 1.0, 1: 1.0, 2: 1.0, 3: 1.0, 4: 1.0, 5: 1.0}
Creating model with learning rate: 0.0001, dropout: 0.7, filters: 32
Model created and compiled.
Training the model...
Epoch 1/10
2/2 [==============================] - 2s 655ms/step - loss: 9.7542 - accuracy: 0.1667 - val_loss: 3.0501 - val_accuracy: 0.2000 - lr: 1.0000e-04
Epoch 2/10
2/2 [==============================] - 1s 546ms/step - loss: 8.7426 - accuracy: 0.2333 - val_loss: 3.0569 - val_accuracy: 0.2000 - lr: 1.0000e-04
Epoch 3/10
2/2 [==============================] - 1s 580ms/step - loss: 9.8383 - accuracy: 0.1500 - val_loss: 3.0636 - val_accuracy: 0.2000 - lr: 1.0000e-04
Evaluating the model...
1/1 [==============================] - 0s 103ms/step - loss: 3.0538 - accuracy: 0.2857
Test accuracy: 0.2857142984867096, Validation loss: 3.050065755844116
Saving results to CSV...

Running training with params: (0.0001, 0.7, 32, 40, 0.3, 15)
Loading training data...
Found 60 images belonging to 6 classes.
Loading validation data...
Found 5 images belonging to 6 classes.
Loading test data...
Found 7 images belonging to 6 classes.
Number of classes: 6
Computing class weights...
Class weights: {0: 1.0, 1: 1.0, 2: 1.0, 3: 1.0, 4: 1.0, 5: 1.0}
Creating model with learning rate: 0.0001, dropout: 0.7, filters: 32
Model created and compiled.
Training the model...
Epoch 1/15
2/2 [==============================] - 2s 646ms/step - loss: 10.0366 - accuracy: 0.2000 - val_loss: 3.0232 - val_accuracy: 0.6000 - lr: 1.0000e-04
Epoch 2/15
2/2 [==============================] - 1s 565ms/step - loss: 7.8234 - accuracy: 0.2667 - val_loss: 3.0373 - val_accuracy: 0.2000 - lr: 1.0000e-04
Epoch 3/15
2/2 [==============================] - 1s 578ms/step - loss: 10.3686 - accuracy: 0.1667 - val_loss: 3.0554 - val_accuracy: 0.2000 - lr: 1.0000e-04
Evaluating the model...
1/1 [==============================] - 0s 103ms/step - loss: 3.0507 - accuracy: 0.2857
Test accuracy: 0.2857142984867096, Validation loss: 3.0231833457946777
Saving results to CSV...

Running training with params: (0.0001, 0.7, 32, 50, 0.2, 10)
Loading training data...
Found 60 images belonging to 6 classes.
Loading validation data...
Found 5 images belonging to 6 classes.
Loading test data...
Found 7 images belonging to 6 classes.
Number of classes: 6
Computing class weights...
Class weights: {0: 1.0, 1: 1.0, 2: 1.0, 3: 1.0, 4: 1.0, 5: 1.0}
Creating model with learning rate: 0.0001, dropout: 0.7, filters: 32
Model created and compiled.
Training the model...
Epoch 1/10
2/2 [==============================] - 2s 709ms/step - loss: 7.9005 - accuracy: 0.3167 - val_loss: 3.0647 - val_accuracy: 0.0000e+00 - lr: 1.0000e-04
Epoch 2/10
2/2 [==============================] - 1s 607ms/step - loss: 9.9477 - accuracy: 0.1500 - val_loss: 3.0594 - val_accuracy: 0.0000e+00 - lr: 1.0000e-04
Epoch 3/10
2/2 [==============================] - 1s 477ms/step - loss: 8.0475 - accuracy: 0.1833 - val_loss: 3.0469 - val_accuracy: 0.4000 - lr: 1.0000e-04
Epoch 4/10
2/2 [==============================] - 1s 516ms/step - loss: 11.1139 - accuracy: 0.0833 - val_loss: 3.0397 - val_accuracy: 0.4000 - lr: 1.0000e-04
Epoch 5/10
2/2 [==============================] - 1s 517ms/step - loss: 8.8062 - accuracy: 0.1167 - val_loss: 3.0287 - val_accuracy: 0.4000 - lr: 1.0000e-04
Epoch 6/10
2/2 [==============================] - 1s 569ms/step - loss: 7.9494 - accuracy: 0.2833 - val_loss: 3.0196 - val_accuracy: 0.4000 - lr: 1.0000e-04
Epoch 7/10
2/2 [==============================] - 1s 581ms/step - loss: 7.0589 - accuracy: 0.3500 - val_loss: 3.0120 - val_accuracy: 0.6000 - lr: 1.0000e-04
Epoch 8/10
2/2 [==============================] - 1s 485ms/step - loss: 7.5605 - accuracy: 0.2667 - val_loss: 3.0091 - val_accuracy: 0.6000 - lr: 1.0000e-04
Epoch 9/10
2/2 [==============================] - 1s 506ms/step - loss: 8.7155 - accuracy: 0.2000 - val_loss: 3.0042 - val_accuracy: 0.6000 - lr: 1.0000e-04
Epoch 10/10
2/2 [==============================] - 1s 517ms/step - loss: 8.5767 - accuracy: 0.2167 - val_loss: 2.9955 - val_accuracy: 0.6000 - lr: 1.0000e-04
Evaluating the model...
1/1 [==============================] - 0s 99ms/step - loss: 2.9894 - accuracy: 0.4286
Test accuracy: 0.4285714328289032, Validation loss: 2.995454788208008
Saving results to CSV...

Running training with params: (0.0001, 0.7, 32, 50, 0.2, 15)
Loading training data...
Found 60 images belonging to 6 classes.
Loading validation data...
Found 5 images belonging to 6 classes.
Loading test data...
Found 7 images belonging to 6 classes.
Number of classes: 6
Computing class weights...
Class weights: {0: 1.0, 1: 1.0, 2: 1.0, 3: 1.0, 4: 1.0, 5: 1.0}
Creating model with learning rate: 0.0001, dropout: 0.7, filters: 32
Model created and compiled.
Training the model...
Epoch 1/15
2/2 [==============================] - 2s 795ms/step - loss: 8.2423 - accuracy: 0.2000 - val_loss: 3.0894 - val_accuracy: 0.0000e+00 - lr: 1.0000e-04
Epoch 2/15
2/2 [==============================] - 1s 667ms/step - loss: 8.8700 - accuracy: 0.2667 - val_loss: 3.0859 - val_accuracy: 0.0000e+00 - lr: 1.0000e-04
Epoch 3/15
2/2 [==============================] - 1s 522ms/step - loss: 9.7879 - accuracy: 0.1500 - val_loss: 3.0918 - val_accuracy: 0.0000e+00 - lr: 1.0000e-04
Epoch 4/15
2/2 [==============================] - 1s 552ms/step - loss: 9.4044 - accuracy: 0.2000 - val_loss: 3.0983 - val_accuracy: 0.0000e+00 - lr: 1.0000e-04
Evaluating the model...
1/1 [==============================] - 0s 93ms/step - loss: 3.0890 - accuracy: 0.0000e+00
Test accuracy: 0.0, Validation loss: 3.08591890335083
Saving results to CSV...

Running training with params: (0.0001, 0.7, 32, 50, 0.3, 10)
Loading training data...
Found 60 images belonging to 6 classes.
Loading validation data...
Found 5 images belonging to 6 classes.
Loading test data...
Found 7 images belonging to 6 classes.
Number of classes: 6
Computing class weights...
Class weights: {0: 1.0, 1: 1.0, 2: 1.0, 3: 1.0, 4: 1.0, 5: 1.0}
Creating model with learning rate: 0.0001, dropout: 0.7, filters: 32
Model created and compiled.
Training the model...
Epoch 1/10
2/2 [==============================] - 2s 634ms/step - loss: 12.3096 - accuracy: 0.0833 - val_loss: 3.0618 - val_accuracy: 0.0000e+00 - lr: 1.0000e-04
Epoch 2/10
2/2 [==============================] - 1s 572ms/step - loss: 9.8890 - accuracy: 0.1833 - val_loss: 3.0644 - val_accuracy: 0.2000 - lr: 1.0000e-04
Epoch 3/10
2/2 [==============================] - 1s 459ms/step - loss: 8.5638 - accuracy: 0.2833 - val_loss: 3.0704 - val_accuracy: 0.2000 - lr: 1.0000e-04
Evaluating the model...
1/1 [==============================] - 0s 94ms/step - loss: 3.0631 - accuracy: 0.0000e+00
Test accuracy: 0.0, Validation loss: 3.061781406402588
Saving results to CSV...

Running training with params: (0.0001, 0.7, 32, 50, 0.3, 15)
Loading training data...
Found 60 images belonging to 6 classes.
Loading validation data...
Found 5 images belonging to 6 classes.
Loading test data...
Found 7 images belonging to 6 classes.
Number of classes: 6
Computing class weights...
Class weights: {0: 1.0, 1: 1.0, 2: 1.0, 3: 1.0, 4: 1.0, 5: 1.0}
Creating model with learning rate: 0.0001, dropout: 0.7, filters: 32
Model created and compiled.
Training the model...
Epoch 1/15
2/2 [==============================] - 2s 692ms/step - loss: 10.8582 - accuracy: 0.1667 - val_loss: 3.0609 - val_accuracy: 0.0000e+00 - lr: 1.0000e-04
Epoch 2/15
2/2 [==============================] - 1s 603ms/step - loss: 9.8878 - accuracy: 0.1667 - val_loss: 3.0662 - val_accuracy: 0.2000 - lr: 1.0000e-04
Epoch 3/15
2/2 [==============================] - 1s 474ms/step - loss: 9.1627 - accuracy: 0.2333 - val_loss: 3.0712 - val_accuracy: 0.2000 - lr: 1.0000e-04
Evaluating the model...
1/1 [==============================] - 0s 93ms/step - loss: 3.0630 - accuracy: 0.2857
Test accuracy: 0.2857142984867096, Validation loss: 3.06088924407959
Saving results to CSV...

Running training with params: (0.0001, 0.7, 64, 40, 0.2, 10)
Loading training data...
Found 60 images belonging to 6 classes.
Loading validation data...
Found 5 images belonging to 6 classes.
Loading test data...
Found 7 images belonging to 6 classes.
Number of classes: 6
Computing class weights...
Class weights: {0: 1.0, 1: 1.0, 2: 1.0, 3: 1.0, 4: 1.0, 5: 1.0}
Creating model with learning rate: 0.0001, dropout: 0.7, filters: 64
Model created and compiled.
Training the model...
Epoch 1/10
2/2 [==============================] - 3s 1s/step - loss: 10.7491 - accuracy: 0.1667 - val_loss: 3.3117 - val_accuracy: 0.2000 - lr: 1.0000e-04
Epoch 2/10
2/2 [==============================] - 2s 717ms/step - loss: 11.5213 - accuracy: 0.1167 - val_loss: 3.3234 - val_accuracy: 0.4000 - lr: 1.0000e-04
Epoch 3/10
2/2 [==============================] - 2s 848ms/step - loss: 8.4124 - accuracy: 0.3000 - val_loss: 3.3379 - val_accuracy: 0.0000e+00 - lr: 1.0000e-04
Evaluating the model...
1/1 [==============================] - 0s 118ms/step - loss: 3.3219 - accuracy: 0.1429
Test accuracy: 0.1428571492433548, Validation loss: 3.31170654296875
Saving results to CSV...

Running training with params: (0.0001, 0.7, 64, 40, 0.2, 15)
Loading training data...
Found 60 images belonging to 6 classes.
Loading validation data...
Found 5 images belonging to 6 classes.
Loading test data...
Found 7 images belonging to 6 classes.
Number of classes: 6
Computing class weights...
Class weights: {0: 1.0, 1: 1.0, 2: 1.0, 3: 1.0, 4: 1.0, 5: 1.0}
Creating model with learning rate: 0.0001, dropout: 0.7, filters: 64
Model created and compiled.
Training the model...
Epoch 1/15
2/2 [==============================] - 3s 1s/step - loss: 10.3357 - accuracy: 0.2000 - val_loss: 3.3307 - val_accuracy: 0.2000 - lr: 1.0000e-04
Epoch 2/15
2/2 [==============================] - 2s 861ms/step - loss: 8.6525 - accuracy: 0.2833 - val_loss: 3.3245 - val_accuracy: 0.0000e+00 - lr: 1.0000e-04
Epoch 3/15
2/2 [==============================] - 2s 865ms/step - loss: 10.4255 - accuracy: 0.2167 - val_loss: 3.3129 - val_accuracy: 0.0000e+00 - lr: 1.0000e-04
Epoch 4/15
2/2 [==============================] - 2s 840ms/step - loss: 10.5664 - accuracy: 0.1667 - val_loss: 3.2982 - val_accuracy: 0.2000 - lr: 1.0000e-04
Epoch 5/15
2/2 [==============================] - 2s 890ms/step - loss: 7.5621 - accuracy: 0.2500 - val_loss: 3.2864 - val_accuracy: 0.2000 - lr: 1.0000e-04
Epoch 6/15
2/2 [==============================] - 2s 867ms/step - loss: 9.3537 - accuracy: 0.2000 - val_loss: 3.2735 - val_accuracy: 0.2000 - lr: 1.0000e-04
Epoch 7/15
2/2 [==============================] - 2s 833ms/step - loss: 9.0809 - accuracy: 0.2167 - val_loss: 3.2639 - val_accuracy: 0.2000 - lr: 1.0000e-04
Epoch 8/15
2/2 [==============================] - 2s 714ms/step - loss: 9.3125 - accuracy: 0.2500 - val_loss: 3.2557 - val_accuracy: 0.2000 - lr: 1.0000e-04
Epoch 9/15
2/2 [==============================] - 2s 715ms/step - loss: 9.2902 - accuracy: 0.2000 - val_loss: 3.2566 - val_accuracy: 0.2000 - lr: 1.0000e-04
Epoch 10/15
2/2 [==============================] - 2s 880ms/step - loss: 11.4413 - accuracy: 0.2500 - val_loss: 3.2683 - val_accuracy: 0.2000 - lr: 1.0000e-04
Evaluating the model...
1/1 [==============================] - 0s 120ms/step - loss: 3.2922 - accuracy: 0.1429
Test accuracy: 0.1428571492433548, Validation loss: 3.2556769847869873
Saving results to CSV...

Running training with params: (0.0001, 0.7, 64, 40, 0.3, 10)
Loading training data...
Found 60 images belonging to 6 classes.
Loading validation data...
Found 5 images belonging to 6 classes.
Loading test data...
Found 7 images belonging to 6 classes.
Number of classes: 6
Computing class weights...
Class weights: {0: 1.0, 1: 1.0, 2: 1.0, 3: 1.0, 4: 1.0, 5: 1.0}
Creating model with learning rate: 0.0001, dropout: 0.7, filters: 64
Model created and compiled.
Training the model...
Epoch 1/10
2/2 [==============================] - 3s 880ms/step - loss: 8.0018 - accuracy: 0.2167 - val_loss: 3.3332 - val_accuracy: 0.0000e+00 - lr: 1.0000e-04
Epoch 2/10
2/2 [==============================] - 2s 909ms/step - loss: 10.1473 - accuracy: 0.2167 - val_loss: 3.3273 - val_accuracy: 0.0000e+00 - lr: 1.0000e-04
Epoch 3/10
2/2 [==============================] - 2s 912ms/step - loss: 9.9848 - accuracy: 0.1833 - val_loss: 3.3251 - val_accuracy: 0.0000e+00 - lr: 1.0000e-04
Epoch 4/10
2/2 [==============================] - 2s 878ms/step - loss: 11.5036 - accuracy: 0.1667 - val_loss: 3.3320 - val_accuracy: 0.0000e+00 - lr: 1.0000e-04
Epoch 5/10
2/2 [==============================] - 2s 730ms/step - loss: 9.1913 - accuracy: 0.2500 - val_loss: 3.3529 - val_accuracy: 0.0000e+00 - lr: 1.0000e-04
Evaluating the model...
1/1 [==============================] - 0s 144ms/step - loss: 3.3330 - accuracy: 0.1429
Test accuracy: 0.1428571492433548, Validation loss: 3.3251137733459473
Saving results to CSV...

Running training with params: (0.0001, 0.7, 64, 40, 0.3, 15)
Loading training data...
Found 60 images belonging to 6 classes.
Loading validation data...
Found 5 images belonging to 6 classes.
Loading test data...
Found 7 images belonging to 6 classes.
Number of classes: 6
Computing class weights...
Class weights: {0: 1.0, 1: 1.0, 2: 1.0, 3: 1.0, 4: 1.0, 5: 1.0}
Creating model with learning rate: 0.0001, dropout: 0.7, filters: 64
Model created and compiled.
Training the model...
Epoch 1/15
2/2 [==============================] - 3s 912ms/step - loss: 12.0877 - accuracy: 0.1333 - val_loss: 3.3050 - val_accuracy: 0.4000 - lr: 1.0000e-04
Epoch 2/15
2/2 [==============================] - 2s 734ms/step - loss: 9.4762 - accuracy: 0.1333 - val_loss: 3.2916 - val_accuracy: 0.4000 - lr: 1.0000e-04
Epoch 3/15
2/2 [==============================] - 2s 883ms/step - loss: 8.8871 - accuracy: 0.2333 - val_loss: 3.2846 - val_accuracy: 0.4000 - lr: 1.0000e-04
Epoch 4/15
2/2 [==============================] - 2s 732ms/step - loss: 9.7475 - accuracy: 0.2167 - val_loss: 3.2766 - val_accuracy: 0.4000 - lr: 1.0000e-04
Epoch 5/15
2/2 [==============================] - 2s 727ms/step - loss: 9.5993 - accuracy: 0.1667 - val_loss: 3.2722 - val_accuracy: 0.2000 - lr: 1.0000e-04
Epoch 6/15
2/2 [==============================] - 2s 714ms/step - loss: 9.3041 - accuracy: 0.1667 - val_loss: 3.2794 - val_accuracy: 0.2000 - lr: 1.0000e-04
Epoch 7/15
2/2 [==============================] - 2s 877ms/step - loss: 8.5072 - accuracy: 0.3000 - val_loss: 3.2944 - val_accuracy: 0.0000e+00 - lr: 1.0000e-04
Evaluating the model...
1/1 [==============================] - 0s 141ms/step - loss: 3.2800 - accuracy: 0.4286
Test accuracy: 0.4285714328289032, Validation loss: 3.2722229957580566
Saving results to CSV...

Running training with params: (0.0001, 0.7, 64, 50, 0.2, 10)
Loading training data...
Found 60 images belonging to 6 classes.
Loading validation data...
Found 5 images belonging to 6 classes.
Loading test data...
Found 7 images belonging to 6 classes.
Number of classes: 6
Computing class weights...
Class weights: {0: 1.0, 1: 1.0, 2: 1.0, 3: 1.0, 4: 1.0, 5: 1.0}
Creating model with learning rate: 0.0001, dropout: 0.7, filters: 64
Model created and compiled.
Training the model...
Epoch 1/10
2/2 [==============================] - 3s 902ms/step - loss: 8.5243 - accuracy: 0.2167 - val_loss: 3.3568 - val_accuracy: 0.0000e+00 - lr: 1.0000e-04
Epoch 2/10
2/2 [==============================] - 2s 929ms/step - loss: 10.8181 - accuracy: 0.1333 - val_loss: 3.3567 - val_accuracy: 0.2000 - lr: 1.0000e-04
Epoch 3/10
2/2 [==============================] - 2s 862ms/step - loss: 10.1775 - accuracy: 0.2333 - val_loss: 3.3624 - val_accuracy: 0.2000 - lr: 1.0000e-04
Epoch 4/10
2/2 [==============================] - 2s 925ms/step - loss: 9.8865 - accuracy: 0.2500 - val_loss: 3.3738 - val_accuracy: 0.4000 - lr: 1.0000e-04
Evaluating the model...
1/1 [==============================] - 0s 132ms/step - loss: 3.3479 - accuracy: 0.1429
Test accuracy: 0.1428571492433548, Validation loss: 3.356722593307495
Saving results to CSV...

Running training with params: (0.0001, 0.7, 64, 50, 0.2, 15)
Loading training data...
Found 60 images belonging to 6 classes.
Loading validation data...
Found 5 images belonging to 6 classes.
Loading test data...
Found 7 images belonging to 6 classes.
Number of classes: 6
Computing class weights...
Class weights: {0: 1.0, 1: 1.0, 2: 1.0, 3: 1.0, 4: 1.0, 5: 1.0}
Creating model with learning rate: 0.0001, dropout: 0.7, filters: 64
Model created and compiled.
Training the model...
Epoch 1/15
2/2 [==============================] - 3s 1s/step - loss: 11.2300 - accuracy: 0.1333 - val_loss: 3.3049 - val_accuracy: 0.2000 - lr: 1.0000e-04
Epoch 2/15
2/2 [==============================] - 2s 1s/step - loss: 8.5094 - accuracy: 0.2333 - val_loss: 3.3028 - val_accuracy: 0.6000 - lr: 1.0000e-04
Epoch 3/15
2/2 [==============================] - 2s 969ms/step - loss: 9.6843 - accuracy: 0.1167 - val_loss: 3.3034 - val_accuracy: 0.4000 - lr: 1.0000e-04
Epoch 4/15
2/2 [==============================] - 2s 1s/step - loss: 9.3376 - accuracy: 0.2000 - val_loss: 3.3224 - val_accuracy: 0.0000e+00 - lr: 1.0000e-04
Evaluating the model...
1/1 [==============================] - 0s 143ms/step - loss: 3.2965 - accuracy: 0.4286
Test accuracy: 0.4285714328289032, Validation loss: 3.3027546405792236
Saving results to CSV...

Running training with params: (0.0001, 0.7, 64, 50, 0.3, 10)
Loading training data...
Found 60 images belonging to 6 classes.
Loading validation data...
Found 5 images belonging to 6 classes.
Loading test data...
Found 7 images belonging to 6 classes.
Number of classes: 6
Computing class weights...
Class weights: {0: 1.0, 1: 1.0, 2: 1.0, 3: 1.0, 4: 1.0, 5: 1.0}
Creating model with learning rate: 0.0001, dropout: 0.7, filters: 64
Model created and compiled.
Training the model...
Epoch 1/10
2/2 [==============================] - 3s 1s/step - loss: 10.3624 - accuracy: 0.1667 - val_loss: 3.3259 - val_accuracy: 0.0000e+00 - lr: 1.0000e-04
Epoch 2/10
2/2 [==============================] - 2s 1s/step - loss: 11.1522 - accuracy: 0.1667 - val_loss: 3.3341 - val_accuracy: 0.2000 - lr: 1.0000e-04
Epoch 3/10
2/2 [==============================] - 3s 1s/step - loss: 10.1797 - accuracy: 0.2667 - val_loss: 3.3423 - val_accuracy: 0.2000 - lr: 1.0000e-04
Evaluating the model...
1/1 [==============================] - 0s 156ms/step - loss: 3.3231 - accuracy: 0.0000e+00
Test accuracy: 0.0, Validation loss: 3.3258719444274902
Saving results to CSV...

Running training with params: (0.0001, 0.7, 64, 50, 0.3, 15)
Loading training data...
Found 60 images belonging to 6 classes.
Loading validation data...
Found 5 images belonging to 6 classes.
Loading test data...
Found 7 images belonging to 6 classes.
Number of classes: 6
Computing class weights...
Class weights: {0: 1.0, 1: 1.0, 2: 1.0, 3: 1.0, 4: 1.0, 5: 1.0}
Creating model with learning rate: 0.0001, dropout: 0.7, filters: 64
Model created and compiled.
Training the model...
Epoch 1/15
2/2 [==============================] - 3s 1s/step - loss: 10.7883 - accuracy: 0.2000 - val_loss: 3.3190 - val_accuracy: 0.2000 - lr: 1.0000e-04
Epoch 2/15
2/2 [==============================] - 3s 1s/step - loss: 9.5171 - accuracy: 0.2000 - val_loss: 3.3246 - val_accuracy: 0.2000 - lr: 1.0000e-04
Epoch 3/15
2/2 [==============================] - 3s 2s/step - loss: 10.6054 - accuracy: 0.1000 - val_loss: 3.3202 - val_accuracy: 0.2000 - lr: 1.0000e-04
Evaluating the model...
1/1 [==============================] - 0s 184ms/step - loss: 3.3083 - accuracy: 0.2857
Test accuracy: 0.2857142984867096, Validation loss: 3.319025754928589
Saving results to CSV...
All experiments completed.

Process finished with exit code 0
