C:\Users\tom.zbc\PycharmProjects\fungis_bacterias_project\.venv\Scripts\python.exe C:\Users\tom.zbc\PycharmProjects\fungis_bacterias_project\3_model_training_and_evaluation_FNN_6_18pr.py
Checking data integrity...
Class 'Aero' meets the sample requirement.
Class 'Bacillus' meets the sample requirement.
Class 'Bor' meets the sample requirement.
Class 'E' meets the sample requirement.
Class 'Morganella' meets the sample requirement.
Class 'stapholococcus' meets the sample requirement.
Data check passed for directory: 'C:/Users/tom.zbc/PycharmProjects/fungis_bacterias_project/data/train'
Class 'Aero' meets the sample requirement.
Warning: Class 'Bacillus' has only 0 samples, expected at least 2.
Warning: Class 'Bor' has only 1 samples, expected at least 2.
Warning: Class 'E' has only 0 samples, expected at least 2.
Warning: Class 'Morganella' has only 1 samples, expected at least 2.
Warning: Class 'stapholococcus' has only 1 samples, expected at least 2.
Data check passed for directory: 'C:/Users/tom.zbc/PycharmProjects/fungis_bacterias_project/data/validation'
Class 'Aero' meets the sample requirement.
Warning: Class 'Bacillus' has only 1 samples, expected at least 2.
Warning: Class 'Bor' has only 0 samples, expected at least 2.
Warning: Class 'E' has only 0 samples, expected at least 2.
Warning: Class 'Morganella' has only 1 samples, expected at least 2.
Class 'stapholococcus' meets the sample requirement.
Data check passed for directory: 'C:/Users/tom.zbc/PycharmProjects/fungis_bacterias_project/data/test'
Data integrity check complete.

Running training with params: (0.0005, 0.4, 32, 40, 0.2, 10)
Loading training data...
Found 60 images belonging to 6 classes.
Loading validation data...
Found 5 images belonging to 6 classes.
Loading test data...
Found 7 images belonging to 6 classes.
Number of classes: 6
Computing class weights...
Class weights: {0: 1.0, 1: 1.0, 2: 1.0, 3: 1.0, 4: 1.0, 5: 1.0}
Creating model with learning rate: 0.0005, dropout: 0.4, filters: 32
2024-09-25 12:41:25.351074: I tensorflow/core/platform/cpu_feature_guard.cc:182] This TensorFlow binary is optimized to use available CPU instructions in performance-critical operations.
To enable the following instructions: SSE SSE2 SSE3 SSE4.1 SSE4.2 AVX AVX2 AVX_VNNI FMA, in other operations, rebuild TensorFlow with the appropriate compiler flags.
Model created and compiled.
Training the model...
Epoch 1/10
2/2 [==============================] - 2s 691ms/step - loss: 10.0013 - accuracy: 0.1333 - val_loss: 3.0767 - val_accuracy: 0.0000e+00 - lr: 5.0000e-04
Epoch 2/10
2/2 [==============================] - 1s 479ms/step - loss: 9.2006 - accuracy: 0.2000 - val_loss: 3.0918 - val_accuracy: 0.4000 - lr: 5.0000e-04
Epoch 3/10
2/2 [==============================] - 1s 568ms/step - loss: 9.5337 - accuracy: 0.1833 - val_loss: 3.2113 - val_accuracy: 0.0000e+00 - lr: 5.0000e-04
Evaluating the model...
1/1 [==============================] - 0s 95ms/step - loss: 2.9638 - accuracy: 0.2857
Test accuracy: 0.2857142984867096, Validation loss: 3.076707363128662
Saving results to CSV...

Running training with params: (0.0005, 0.4, 32, 40, 0.2, 15)
Loading training data...
Found 60 images belonging to 6 classes.
Loading validation data...
Found 5 images belonging to 6 classes.
Loading test data...
Found 7 images belonging to 6 classes.
Number of classes: 6
Computing class weights...
Class weights: {0: 1.0, 1: 1.0, 2: 1.0, 3: 1.0, 4: 1.0, 5: 1.0}
Creating model with learning rate: 0.0005, dropout: 0.4, filters: 32
Model created and compiled.
Training the model...
Epoch 1/15
2/2 [==============================] - 2s 735ms/step - loss: 9.0917 - accuracy: 0.1167 - val_loss: 3.0997 - val_accuracy: 0.0000e+00 - lr: 5.0000e-04
Epoch 2/15
2/2 [==============================] - 1s 549ms/step - loss: 8.2092 - accuracy: 0.2500 - val_loss: 3.0531 - val_accuracy: 0.2000 - lr: 5.0000e-04
Epoch 3/15
2/2 [==============================] - 1s 554ms/step - loss: 7.6243 - accuracy: 0.2667 - val_loss: 3.0515 - val_accuracy: 0.2000 - lr: 5.0000e-04
Epoch 4/15
2/2 [==============================] - 1s 489ms/step - loss: 6.7577 - accuracy: 0.2667 - val_loss: 2.9632 - val_accuracy: 0.4000 - lr: 5.0000e-04
Epoch 5/15
2/2 [==============================] - 1s 525ms/step - loss: 7.7824 - accuracy: 0.2000 - val_loss: 2.8963 - val_accuracy: 0.4000 - lr: 5.0000e-04
Epoch 6/15
2/2 [==============================] - 1s 513ms/step - loss: 6.7085 - accuracy: 0.2333 - val_loss: 2.8659 - val_accuracy: 0.4000 - lr: 5.0000e-04
Epoch 7/15
2/2 [==============================] - 1s 490ms/step - loss: 5.8121 - accuracy: 0.2833 - val_loss: 2.8599 - val_accuracy: 0.4000 - lr: 5.0000e-04
Epoch 8/15
2/2 [==============================] - 1s 526ms/step - loss: 5.6452 - accuracy: 0.4167 - val_loss: 2.8557 - val_accuracy: 0.4000 - lr: 5.0000e-04
Epoch 9/15
2/2 [==============================] - 1s 488ms/step - loss: 5.6011 - accuracy: 0.2667 - val_loss: 2.9013 - val_accuracy: 0.4000 - lr: 5.0000e-04
Epoch 10/15
2/2 [==============================] - 1s 528ms/step - loss: 5.7651 - accuracy: 0.2000 - val_loss: 2.9774 - val_accuracy: 0.4000 - lr: 5.0000e-04
Evaluating the model...
1/1 [==============================] - 0s 107ms/step - loss: 3.0318 - accuracy: 0.4286
Test accuracy: 0.4285714328289032, Validation loss: 2.8557162284851074
Saving results to CSV...

Running training with params: (0.0005, 0.4, 32, 40, 0.3, 10)
Loading training data...
Found 60 images belonging to 6 classes.
Loading validation data...
Found 5 images belonging to 6 classes.
Loading test data...
Found 7 images belonging to 6 classes.
Number of classes: 6
Computing class weights...
Class weights: {0: 1.0, 1: 1.0, 2: 1.0, 3: 1.0, 4: 1.0, 5: 1.0}
Creating model with learning rate: 0.0005, dropout: 0.4, filters: 32
Model created and compiled.
Training the model...
Epoch 1/10
2/2 [==============================] - 2s 807ms/step - loss: 9.4434 - accuracy: 0.1167 - val_loss: 3.0467 - val_accuracy: 0.0000e+00 - lr: 5.0000e-04
Epoch 2/10
2/2 [==============================] - 1s 617ms/step - loss: 10.3214 - accuracy: 0.2000 - val_loss: 3.0789 - val_accuracy: 0.2000 - lr: 5.0000e-04
Epoch 3/10
2/2 [==============================] - 1s 657ms/step - loss: 9.1169 - accuracy: 0.3000 - val_loss: 3.2128 - val_accuracy: 0.0000e+00 - lr: 5.0000e-04
Evaluating the model...
1/1 [==============================] - 0s 173ms/step - loss: 3.0495 - accuracy: 0.1429
Test accuracy: 0.1428571492433548, Validation loss: 3.046685218811035
Saving results to CSV...

Running training with params: (0.0005, 0.4, 32, 40, 0.3, 15)
Loading training data...
Found 60 images belonging to 6 classes.
Loading validation data...
Found 5 images belonging to 6 classes.
Loading test data...
Found 7 images belonging to 6 classes.
Number of classes: 6
Computing class weights...
Class weights: {0: 1.0, 1: 1.0, 2: 1.0, 3: 1.0, 4: 1.0, 5: 1.0}
Creating model with learning rate: 0.0005, dropout: 0.4, filters: 32
Model created and compiled.
Training the model...
Epoch 1/15
2/2 [==============================] - 2s 874ms/step - loss: 8.6433 - accuracy: 0.1167 - val_loss: 2.9218 - val_accuracy: 0.2000 - lr: 5.0000e-04
Epoch 2/15
2/2 [==============================] - 1s 633ms/step - loss: 8.1228 - accuracy: 0.2333 - val_loss: 3.1257 - val_accuracy: 0.2000 - lr: 5.0000e-04
Epoch 3/15
2/2 [==============================] - 1s 597ms/step - loss: 8.9662 - accuracy: 0.2833 - val_loss: 3.2487 - val_accuracy: 0.2000 - lr: 5.0000e-04
Evaluating the model...
1/1 [==============================] - 0s 100ms/step - loss: 3.0087 - accuracy: 0.1429
Test accuracy: 0.1428571492433548, Validation loss: 2.921780824661255
Saving results to CSV...

Running training with params: (0.0005, 0.4, 32, 50, 0.2, 10)
Loading training data...
Found 60 images belonging to 6 classes.
Loading validation data...
Found 5 images belonging to 6 classes.
Loading test data...
Found 7 images belonging to 6 classes.
Number of classes: 6
Computing class weights...
Class weights: {0: 1.0, 1: 1.0, 2: 1.0, 3: 1.0, 4: 1.0, 5: 1.0}
Creating model with learning rate: 0.0005, dropout: 0.4, filters: 32
Model created and compiled.
Training the model...
Epoch 1/10
2/2 [==============================] - 2s 705ms/step - loss: 9.2463 - accuracy: 0.2000 - val_loss: 3.0493 - val_accuracy: 0.0000e+00 - lr: 5.0000e-04
Epoch 2/10
2/2 [==============================] - 1s 577ms/step - loss: 9.7344 - accuracy: 0.2500 - val_loss: 2.9968 - val_accuracy: 0.2000 - lr: 5.0000e-04
Epoch 3/10
2/2 [==============================] - 1s 549ms/step - loss: 7.4646 - accuracy: 0.3500 - val_loss: 3.1110 - val_accuracy: 0.4000 - lr: 5.0000e-04
Epoch 4/10
2/2 [==============================] - 1s 571ms/step - loss: 9.1587 - accuracy: 0.2000 - val_loss: 3.1138 - val_accuracy: 0.2000 - lr: 5.0000e-04
Evaluating the model...
1/1 [==============================] - 0s 152ms/step - loss: 3.0069 - accuracy: 0.2857
Test accuracy: 0.2857142984867096, Validation loss: 2.996842861175537
Saving results to CSV...

Running training with params: (0.0005, 0.4, 32, 50, 0.2, 15)
Loading training data...
Found 60 images belonging to 6 classes.
Loading validation data...
Found 5 images belonging to 6 classes.
Loading test data...
Found 7 images belonging to 6 classes.
Number of classes: 6
Computing class weights...
Class weights: {0: 1.0, 1: 1.0, 2: 1.0, 3: 1.0, 4: 1.0, 5: 1.0}
Creating model with learning rate: 0.0005, dropout: 0.4, filters: 32
Model created and compiled.
Training the model...
Epoch 1/15
2/2 [==============================] - 2s 710ms/step - loss: 8.5387 - accuracy: 0.1167 - val_loss: 3.1223 - val_accuracy: 0.0000e+00 - lr: 5.0000e-04
Epoch 2/15
2/2 [==============================] - 1s 538ms/step - loss: 9.4419 - accuracy: 0.2333 - val_loss: 3.0491 - val_accuracy: 0.4000 - lr: 5.0000e-04
Epoch 3/15
2/2 [==============================] - 1s 586ms/step - loss: 9.2375 - accuracy: 0.2167 - val_loss: 3.0845 - val_accuracy: 0.4000 - lr: 5.0000e-04
Epoch 4/15
2/2 [==============================] - 1s 508ms/step - loss: 7.6598 - accuracy: 0.2500 - val_loss: 3.0851 - val_accuracy: 0.2000 - lr: 5.0000e-04
Evaluating the model...
1/1 [==============================] - 0s 132ms/step - loss: 3.0563 - accuracy: 0.2857
Test accuracy: 0.2857142984867096, Validation loss: 3.0491209030151367
Saving results to CSV...

Running training with params: (0.0005, 0.4, 32, 50, 0.3, 10)
Loading training data...
Found 60 images belonging to 6 classes.
Loading validation data...
Found 5 images belonging to 6 classes.
Loading test data...
Found 7 images belonging to 6 classes.
Number of classes: 6
Computing class weights...
Class weights: {0: 1.0, 1: 1.0, 2: 1.0, 3: 1.0, 4: 1.0, 5: 1.0}
Creating model with learning rate: 0.0005, dropout: 0.4, filters: 32
Model created and compiled.
Training the model...
Epoch 1/10
2/2 [==============================] - 2s 674ms/step - loss: 8.8198 - accuracy: 0.2000 - val_loss: 3.0621 - val_accuracy: 0.2000 - lr: 5.0000e-04
Epoch 2/10
2/2 [==============================] - 1s 526ms/step - loss: 10.5973 - accuracy: 0.2333 - val_loss: 3.1408 - val_accuracy: 0.0000e+00 - lr: 5.0000e-04
Epoch 3/10
2/2 [==============================] - 1s 627ms/step - loss: 8.7155 - accuracy: 0.1833 - val_loss: 3.2187 - val_accuracy: 0.0000e+00 - lr: 5.0000e-04
Evaluating the model...
1/1 [==============================] - 0s 106ms/step - loss: 3.1151 - accuracy: 0.2857
Test accuracy: 0.2857142984867096, Validation loss: 3.062145709991455
Saving results to CSV...

Running training with params: (0.0005, 0.4, 32, 50, 0.3, 15)
Loading training data...
Found 60 images belonging to 6 classes.
Loading validation data...
Found 5 images belonging to 6 classes.
Loading test data...
Found 7 images belonging to 6 classes.
Number of classes: 6
Computing class weights...
Class weights: {0: 1.0, 1: 1.0, 2: 1.0, 3: 1.0, 4: 1.0, 5: 1.0}
Creating model with learning rate: 0.0005, dropout: 0.4, filters: 32
Model created and compiled.
Training the model...
Epoch 1/15
2/2 [==============================] - 2s 651ms/step - loss: 9.0741 - accuracy: 0.0833 - val_loss: 3.0957 - val_accuracy: 0.0000e+00 - lr: 5.0000e-04
Epoch 2/15
2/2 [==============================] - 1s 516ms/step - loss: 9.9596 - accuracy: 0.1333 - val_loss: 3.2108 - val_accuracy: 0.0000e+00 - lr: 5.0000e-04
Epoch 3/15
2/2 [==============================] - 1s 504ms/step - loss: 7.7590 - accuracy: 0.2500 - val_loss: 3.2643 - val_accuracy: 0.0000e+00 - lr: 5.0000e-04
Evaluating the model...
1/1 [==============================] - 0s 111ms/step - loss: 3.0762 - accuracy: 0.1429
Test accuracy: 0.1428571492433548, Validation loss: 3.0957205295562744
Saving results to CSV...

Running training with params: (0.0005, 0.4, 64, 40, 0.2, 10)
Loading training data...
Found 60 images belonging to 6 classes.
Loading validation data...
Found 5 images belonging to 6 classes.
Loading test data...
Found 7 images belonging to 6 classes.
Number of classes: 6
Computing class weights...
Class weights: {0: 1.0, 1: 1.0, 2: 1.0, 3: 1.0, 4: 1.0, 5: 1.0}
Creating model with learning rate: 0.0005, dropout: 0.4, filters: 64
Model created and compiled.
Training the model...
Epoch 1/10
2/2 [==============================] - 3s 882ms/step - loss: 8.4638 - accuracy: 0.3333 - val_loss: 3.3631 - val_accuracy: 0.2000 - lr: 5.0000e-04
Epoch 2/10
2/2 [==============================] - 2s 711ms/step - loss: 16.1539 - accuracy: 0.2167 - val_loss: 3.3503 - val_accuracy: 0.2000 - lr: 5.0000e-04
Epoch 3/10
2/2 [==============================] - 2s 867ms/step - loss: 11.9160 - accuracy: 0.2500 - val_loss: 3.2245 - val_accuracy: 0.4000 - lr: 5.0000e-04
Epoch 4/10
2/2 [==============================] - 2s 698ms/step - loss: 10.9012 - accuracy: 0.2667 - val_loss: 3.2465 - val_accuracy: 0.4000 - lr: 5.0000e-04
Epoch 5/10
2/2 [==============================] - 2s 855ms/step - loss: 12.7455 - accuracy: 0.1833 - val_loss: 3.3317 - val_accuracy: 0.4000 - lr: 5.0000e-04
Evaluating the model...
1/1 [==============================] - 0s 128ms/step - loss: 3.2844 - accuracy: 0.4286
Test accuracy: 0.4285714328289032, Validation loss: 3.2244865894317627
Saving results to CSV...

Running training with params: (0.0005, 0.4, 64, 40, 0.2, 15)
Loading training data...
Found 60 images belonging to 6 classes.
Loading validation data...
Found 5 images belonging to 6 classes.
Loading test data...
Found 7 images belonging to 6 classes.
Number of classes: 6
Computing class weights...
Class weights: {0: 1.0, 1: 1.0, 2: 1.0, 3: 1.0, 4: 1.0, 5: 1.0}
Creating model with learning rate: 0.0005, dropout: 0.4, filters: 64
Model created and compiled.
Training the model...
Epoch 1/15
2/2 [==============================] - 3s 1s/step - loss: 12.8639 - accuracy: 0.1833 - val_loss: 3.4484 - val_accuracy: 0.0000e+00 - lr: 5.0000e-04
Epoch 2/15
2/2 [==============================] - 2s 750ms/step - loss: 15.1481 - accuracy: 0.1667 - val_loss: 3.3287 - val_accuracy: 0.4000 - lr: 5.0000e-04
Epoch 3/15
2/2 [==============================] - 2s 880ms/step - loss: 12.8966 - accuracy: 0.2500 - val_loss: 3.4261 - val_accuracy: 0.2000 - lr: 5.0000e-04
Epoch 4/15
2/2 [==============================] - 2s 891ms/step - loss: 12.8986 - accuracy: 0.1833 - val_loss: 3.5006 - val_accuracy: 0.4000 - lr: 5.0000e-04
Evaluating the model...
1/1 [==============================] - 0s 118ms/step - loss: 3.3384 - accuracy: 0.1429
Test accuracy: 0.1428571492433548, Validation loss: 3.3287482261657715
Saving results to CSV...

Running training with params: (0.0005, 0.4, 64, 40, 0.3, 10)
Loading training data...
Found 60 images belonging to 6 classes.
Loading validation data...
Found 5 images belonging to 6 classes.
Loading test data...
Found 7 images belonging to 6 classes.
Number of classes: 6
Computing class weights...
Class weights: {0: 1.0, 1: 1.0, 2: 1.0, 3: 1.0, 4: 1.0, 5: 1.0}
Creating model with learning rate: 0.0005, dropout: 0.4, filters: 64
Model created and compiled.
Training the model...
Epoch 1/10
2/2 [==============================] - 3s 871ms/step - loss: 14.9043 - accuracy: 0.1833 - val_loss: 3.2211 - val_accuracy: 0.4000 - lr: 5.0000e-04
Epoch 2/10
2/2 [==============================] - 2s 829ms/step - loss: 14.8812 - accuracy: 0.1667 - val_loss: 3.3337 - val_accuracy: 0.2000 - lr: 5.0000e-04
Epoch 3/10
2/2 [==============================] - 2s 711ms/step - loss: 12.5642 - accuracy: 0.1167 - val_loss: 3.4281 - val_accuracy: 0.2000 - lr: 5.0000e-04
Evaluating the model...
1/1 [==============================] - 0s 136ms/step - loss: 3.3395 - accuracy: 0.4286
Test accuracy: 0.4285714328289032, Validation loss: 3.2211151123046875
Saving results to CSV...

Running training with params: (0.0005, 0.4, 64, 40, 0.3, 15)
Loading training data...
Found 60 images belonging to 6 classes.
Loading validation data...
Found 5 images belonging to 6 classes.
Loading test data...
Found 7 images belonging to 6 classes.
Number of classes: 6
Computing class weights...
Class weights: {0: 1.0, 1: 1.0, 2: 1.0, 3: 1.0, 4: 1.0, 5: 1.0}
Creating model with learning rate: 0.0005, dropout: 0.4, filters: 64
Model created and compiled.
Training the model...
Epoch 1/15
2/2 [==============================] - 3s 1s/step - loss: 10.4469 - accuracy: 0.2333 - val_loss: 3.3939 - val_accuracy: 0.2000 - lr: 5.0000e-04
Epoch 2/15
2/2 [==============================] - 2s 685ms/step - loss: 17.6781 - accuracy: 0.1667 - val_loss: 3.4316 - val_accuracy: 0.4000 - lr: 5.0000e-04
Epoch 3/15
2/2 [==============================] - 2s 726ms/step - loss: 13.5092 - accuracy: 0.1500 - val_loss: 3.5978 - val_accuracy: 0.2000 - lr: 5.0000e-04
Evaluating the model...
1/1 [==============================] - 0s 118ms/step - loss: 3.3967 - accuracy: 0.1429
Test accuracy: 0.1428571492433548, Validation loss: 3.393913745880127
Saving results to CSV...

Running training with params: (0.0005, 0.4, 64, 50, 0.2, 10)
Loading training data...
Found 60 images belonging to 6 classes.
Loading validation data...
Found 5 images belonging to 6 classes.
Loading test data...
Found 7 images belonging to 6 classes.
Number of classes: 6
Computing class weights...
Class weights: {0: 1.0, 1: 1.0, 2: 1.0, 3: 1.0, 4: 1.0, 5: 1.0}
Creating model with learning rate: 0.0005, dropout: 0.4, filters: 64
Model created and compiled.
Training the model...
Epoch 1/10
2/2 [==============================] - 3s 901ms/step - loss: 11.8546 - accuracy: 0.2000 - val_loss: 3.2977 - val_accuracy: 0.4000 - lr: 5.0000e-04
Epoch 2/10
2/2 [==============================] - 2s 888ms/step - loss: 17.6335 - accuracy: 0.2000 - val_loss: 3.2218 - val_accuracy: 0.2000 - lr: 5.0000e-04
Epoch 3/10
2/2 [==============================] - 2s 860ms/step - loss: 13.6755 - accuracy: 0.1833 - val_loss: 3.4078 - val_accuracy: 0.2000 - lr: 5.0000e-04
Epoch 4/10
2/2 [==============================] - 2s 746ms/step - loss: 13.1537 - accuracy: 0.1833 - val_loss: 4.0666 - val_accuracy: 0.0000e+00 - lr: 5.0000e-04
Evaluating the model...
1/1 [==============================] - 0s 120ms/step - loss: 3.4127 - accuracy: 0.0000e+00
Test accuracy: 0.0, Validation loss: 3.2218241691589355
Saving results to CSV...

Running training with params: (0.0005, 0.4, 64, 50, 0.2, 15)
Loading training data...
Found 60 images belonging to 6 classes.
Loading validation data...
Found 5 images belonging to 6 classes.
Loading test data...
Found 7 images belonging to 6 classes.
Number of classes: 6
Computing class weights...
Class weights: {0: 1.0, 1: 1.0, 2: 1.0, 3: 1.0, 4: 1.0, 5: 1.0}
Creating model with learning rate: 0.0005, dropout: 0.4, filters: 64
Model created and compiled.
Training the model...
Epoch 1/15
2/2 [==============================] - 3s 1s/step - loss: 13.2652 - accuracy: 0.1500 - val_loss: 3.5002 - val_accuracy: 0.0000e+00 - lr: 5.0000e-04
Epoch 2/15
2/2 [==============================] - 2s 728ms/step - loss: 13.6128 - accuracy: 0.1500 - val_loss: 3.5205 - val_accuracy: 0.0000e+00 - lr: 5.0000e-04
Epoch 3/15
2/2 [==============================] - 2s 850ms/step - loss: 13.1209 - accuracy: 0.2167 - val_loss: 3.5898 - val_accuracy: 0.0000e+00 - lr: 5.0000e-04
Evaluating the model...
1/1 [==============================] - 0s 115ms/step - loss: 3.4564 - accuracy: 0.1429
Test accuracy: 0.1428571492433548, Validation loss: 3.5001838207244873
Saving results to CSV...

Running training with params: (0.0005, 0.4, 64, 50, 0.3, 10)
Loading training data...
Found 60 images belonging to 6 classes.
Loading validation data...
Found 5 images belonging to 6 classes.
Loading test data...
Found 7 images belonging to 6 classes.
Number of classes: 6
Computing class weights...
Class weights: {0: 1.0, 1: 1.0, 2: 1.0, 3: 1.0, 4: 1.0, 5: 1.0}
Creating model with learning rate: 0.0005, dropout: 0.4, filters: 64
Model created and compiled.
Training the model...
Epoch 1/10
2/2 [==============================] - 3s 893ms/step - loss: 12.5778 - accuracy: 0.1167 - val_loss: 3.4669 - val_accuracy: 0.0000e+00 - lr: 5.0000e-04
Epoch 2/10
2/2 [==============================] - 2s 739ms/step - loss: 18.0715 - accuracy: 0.1667 - val_loss: 3.3682 - val_accuracy: 0.2000 - lr: 5.0000e-04
Epoch 3/10
2/2 [==============================] - 2s 702ms/step - loss: 14.2316 - accuracy: 0.2333 - val_loss: 3.6612 - val_accuracy: 0.0000e+00 - lr: 5.0000e-04
Epoch 4/10
2/2 [==============================] - 2s 825ms/step - loss: 11.5374 - accuracy: 0.2333 - val_loss: 4.2761 - val_accuracy: 0.2000 - lr: 5.0000e-04
Evaluating the model...
1/1 [==============================] - 0s 119ms/step - loss: 3.3433 - accuracy: 0.1429
Test accuracy: 0.1428571492433548, Validation loss: 3.3682446479797363
Saving results to CSV...

Running training with params: (0.0005, 0.4, 64, 50, 0.3, 15)
Loading training data...
Found 60 images belonging to 6 classes.
Loading validation data...
Found 5 images belonging to 6 classes.
Loading test data...
Found 7 images belonging to 6 classes.
Number of classes: 6
Computing class weights...
Class weights: {0: 1.0, 1: 1.0, 2: 1.0, 3: 1.0, 4: 1.0, 5: 1.0}
Creating model with learning rate: 0.0005, dropout: 0.4, filters: 64
Model created and compiled.
Training the model...
Epoch 1/15
2/2 [==============================] - 2s 853ms/step - loss: 9.4482 - accuracy: 0.2167 - val_loss: 3.3263 - val_accuracy: 0.2000 - lr: 5.0000e-04
Epoch 2/15
2/2 [==============================] - 2s 811ms/step - loss: 11.3308 - accuracy: 0.2667 - val_loss: 3.4326 - val_accuracy: 0.0000e+00 - lr: 5.0000e-04
Epoch 3/15
2/2 [==============================] - 2s 862ms/step - loss: 11.9756 - accuracy: 0.2167 - val_loss: 3.5873 - val_accuracy: 0.0000e+00 - lr: 5.0000e-04
Evaluating the model...
1/1 [==============================] - 0s 121ms/step - loss: 3.3203 - accuracy: 0.4286
Test accuracy: 0.4285714328289032, Validation loss: 3.326331615447998
Saving results to CSV...

Running training with params: (0.0005, 0.7, 32, 40, 0.2, 10)
Loading training data...
Found 60 images belonging to 6 classes.
Loading validation data...
Found 5 images belonging to 6 classes.
Loading test data...
Found 7 images belonging to 6 classes.
Number of classes: 6
Computing class weights...
Class weights: {0: 1.0, 1: 1.0, 2: 1.0, 3: 1.0, 4: 1.0, 5: 1.0}
Creating model with learning rate: 0.0005, dropout: 0.7, filters: 32
Model created and compiled.
Training the model...
Epoch 1/10
2/2 [==============================] - 2s 694ms/step - loss: 10.4943 - accuracy: 0.1500 - val_loss: 3.1014 - val_accuracy: 0.0000e+00 - lr: 5.0000e-04
Epoch 2/10
2/2 [==============================] - 1s 514ms/step - loss: 10.2304 - accuracy: 0.1833 - val_loss: 3.0869 - val_accuracy: 0.0000e+00 - lr: 5.0000e-04
Epoch 3/10
2/2 [==============================] - 1s 510ms/step - loss: 11.0540 - accuracy: 0.2500 - val_loss: 3.0830 - val_accuracy: 0.4000 - lr: 5.0000e-04
Epoch 4/10
2/2 [==============================] - 1s 490ms/step - loss: 9.7359 - accuracy: 0.3167 - val_loss: 3.0840 - val_accuracy: 0.4000 - lr: 5.0000e-04
Epoch 5/10
2/2 [==============================] - 1s 587ms/step - loss: 11.7093 - accuracy: 0.2667 - val_loss: 3.0780 - val_accuracy: 0.2000 - lr: 5.0000e-04
Epoch 6/10
2/2 [==============================] - 1s 583ms/step - loss: 12.7943 - accuracy: 0.2000 - val_loss: 3.1676 - val_accuracy: 0.2000 - lr: 5.0000e-04
Epoch 7/10
2/2 [==============================] - 1s 599ms/step - loss: 7.7422 - accuracy: 0.3667 - val_loss: 3.2837 - val_accuracy: 0.2000 - lr: 5.0000e-04
Evaluating the model...
1/1 [==============================] - 0s 97ms/step - loss: 3.2372 - accuracy: 0.0000e+00
Test accuracy: 0.0, Validation loss: 3.0779905319213867
Saving results to CSV...

Running training with params: (0.0005, 0.7, 32, 40, 0.2, 15)
Loading training data...
Found 60 images belonging to 6 classes.
Loading validation data...
Found 5 images belonging to 6 classes.
Loading test data...
Found 7 images belonging to 6 classes.
Number of classes: 6
Computing class weights...
Class weights: {0: 1.0, 1: 1.0, 2: 1.0, 3: 1.0, 4: 1.0, 5: 1.0}
Creating model with learning rate: 0.0005, dropout: 0.7, filters: 32
Model created and compiled.
Training the model...
Epoch 1/15
2/2 [==============================] - 2s 630ms/step - loss: 12.0112 - accuracy: 0.2000 - val_loss: 2.9309 - val_accuracy: 0.6000 - lr: 5.0000e-04
Epoch 2/15
2/2 [==============================] - 1s 593ms/step - loss: 13.4810 - accuracy: 0.1667 - val_loss: 2.9242 - val_accuracy: 0.2000 - lr: 5.0000e-04
Epoch 3/15
2/2 [==============================] - 1s 576ms/step - loss: 12.7969 - accuracy: 0.2167 - val_loss: 2.9623 - val_accuracy: 0.6000 - lr: 5.0000e-04
Epoch 4/15
2/2 [==============================] - 1s 595ms/step - loss: 13.0700 - accuracy: 0.2500 - val_loss: 3.0773 - val_accuracy: 0.2000 - lr: 5.0000e-04
Evaluating the model...
1/1 [==============================] - 0s 93ms/step - loss: 2.9463 - accuracy: 0.1429
Test accuracy: 0.1428571492433548, Validation loss: 2.9242358207702637
Saving results to CSV...

Running training with params: (0.0005, 0.7, 32, 40, 0.3, 10)
Loading training data...
Found 60 images belonging to 6 classes.
Loading validation data...
Found 5 images belonging to 6 classes.
Loading test data...
Found 7 images belonging to 6 classes.
Number of classes: 6
Computing class weights...
Class weights: {0: 1.0, 1: 1.0, 2: 1.0, 3: 1.0, 4: 1.0, 5: 1.0}
Creating model with learning rate: 0.0005, dropout: 0.7, filters: 32
Model created and compiled.
Training the model...
Epoch 1/10
2/2 [==============================] - 2s 752ms/step - loss: 8.8653 - accuracy: 0.2667 - val_loss: 3.0291 - val_accuracy: 0.4000 - lr: 5.0000e-04
Epoch 2/10
2/2 [==============================] - 1s 604ms/step - loss: 13.0207 - accuracy: 0.1500 - val_loss: 3.0105 - val_accuracy: 0.2000 - lr: 5.0000e-04
Epoch 3/10
2/2 [==============================] - 1s 582ms/step - loss: 9.3609 - accuracy: 0.2833 - val_loss: 3.0412 - val_accuracy: 0.4000 - lr: 5.0000e-04
Epoch 4/10
2/2 [==============================] - 1s 499ms/step - loss: 8.2334 - accuracy: 0.3500 - val_loss: 3.1504 - val_accuracy: 0.2000 - lr: 5.0000e-04
Evaluating the model...
1/1 [==============================] - 0s 98ms/step - loss: 2.9891 - accuracy: 0.1429
Test accuracy: 0.1428571492433548, Validation loss: 3.0105392932891846
Saving results to CSV...

Running training with params: (0.0005, 0.7, 32, 40, 0.3, 15)
Loading training data...
Found 60 images belonging to 6 classes.
Loading validation data...
Found 5 images belonging to 6 classes.
Loading test data...
Found 7 images belonging to 6 classes.
Number of classes: 6
Computing class weights...
Class weights: {0: 1.0, 1: 1.0, 2: 1.0, 3: 1.0, 4: 1.0, 5: 1.0}
Creating model with learning rate: 0.0005, dropout: 0.7, filters: 32
Model created and compiled.
Training the model...
Epoch 1/15
2/2 [==============================] - 2s 664ms/step - loss: 8.7824 - accuracy: 0.1500 - val_loss: 2.9664 - val_accuracy: 0.4000 - lr: 5.0000e-04
Epoch 2/15
2/2 [==============================] - 1s 479ms/step - loss: 13.0411 - accuracy: 0.1833 - val_loss: 2.9908 - val_accuracy: 0.4000 - lr: 5.0000e-04
Epoch 3/15
2/2 [==============================] - 1s 589ms/step - loss: 12.7658 - accuracy: 0.1833 - val_loss: 3.0545 - val_accuracy: 0.2000 - lr: 5.0000e-04
Evaluating the model...
1/1 [==============================] - 0s 95ms/step - loss: 2.9772 - accuracy: 0.4286
Test accuracy: 0.4285714328289032, Validation loss: 2.96638822555542
Saving results to CSV...

Running training with params: (0.0005, 0.7, 32, 50, 0.2, 10)
Loading training data...
Found 60 images belonging to 6 classes.
Loading validation data...
Found 5 images belonging to 6 classes.
Loading test data...
Found 7 images belonging to 6 classes.
Number of classes: 6
Computing class weights...
Class weights: {0: 1.0, 1: 1.0, 2: 1.0, 3: 1.0, 4: 1.0, 5: 1.0}
Creating model with learning rate: 0.0005, dropout: 0.7, filters: 32
Model created and compiled.
Training the model...
Epoch 1/10
2/2 [==============================] - 2s 669ms/step - loss: 11.8654 - accuracy: 0.1667 - val_loss: 2.9758 - val_accuracy: 0.2000 - lr: 5.0000e-04
Epoch 2/10
2/2 [==============================] - 1s 606ms/step - loss: 10.3388 - accuracy: 0.2500 - val_loss: 3.0085 - val_accuracy: 0.2000 - lr: 5.0000e-04
Epoch 3/10
2/2 [==============================] - 1s 610ms/step - loss: 11.6819 - accuracy: 0.1833 - val_loss: 3.0318 - val_accuracy: 0.2000 - lr: 5.0000e-04
Evaluating the model...
1/1 [==============================] - 0s 98ms/step - loss: 3.0041 - accuracy: 0.2857
Test accuracy: 0.2857142984867096, Validation loss: 2.975767135620117
Saving results to CSV...

Running training with params: (0.0005, 0.7, 32, 50, 0.2, 15)
Loading training data...
Found 60 images belonging to 6 classes.
Loading validation data...
Found 5 images belonging to 6 classes.
Loading test data...
Found 7 images belonging to 6 classes.
Number of classes: 6
Computing class weights...
Class weights: {0: 1.0, 1: 1.0, 2: 1.0, 3: 1.0, 4: 1.0, 5: 1.0}
Creating model with learning rate: 0.0005, dropout: 0.7, filters: 32
Model created and compiled.
Training the model...
Epoch 1/15
2/2 [==============================] - 2s 756ms/step - loss: 10.8628 - accuracy: 0.1000 - val_loss: 3.0654 - val_accuracy: 0.2000 - lr: 5.0000e-04
Epoch 2/15
2/2 [==============================] - 1s 505ms/step - loss: 10.4411 - accuracy: 0.2333 - val_loss: 3.0586 - val_accuracy: 0.4000 - lr: 5.0000e-04
Epoch 3/15
2/2 [==============================] - 1s 602ms/step - loss: 11.4340 - accuracy: 0.1833 - val_loss: 3.0358 - val_accuracy: 0.2000 - lr: 5.0000e-04
Epoch 4/15
2/2 [==============================] - 1s 575ms/step - loss: 12.0927 - accuracy: 0.1667 - val_loss: 3.0429 - val_accuracy: 0.4000 - lr: 5.0000e-04
Epoch 5/15
2/2 [==============================] - 1s 505ms/step - loss: 11.2248 - accuracy: 0.1333 - val_loss: 3.0860 - val_accuracy: 0.2000 - lr: 5.0000e-04
Evaluating the model...
1/1 [==============================] - 0s 105ms/step - loss: 3.1028 - accuracy: 0.1429
Test accuracy: 0.1428571492433548, Validation loss: 3.035831928253174
Saving results to CSV...

Running training with params: (0.0005, 0.7, 32, 50, 0.3, 10)
Loading training data...
Found 60 images belonging to 6 classes.
Loading validation data...
Found 5 images belonging to 6 classes.
Loading test data...
Found 7 images belonging to 6 classes.
Number of classes: 6
Computing class weights...
Class weights: {0: 1.0, 1: 1.0, 2: 1.0, 3: 1.0, 4: 1.0, 5: 1.0}
Creating model with learning rate: 0.0005, dropout: 0.7, filters: 32
Model created and compiled.
Training the model...
Epoch 1/10
2/2 [==============================] - 2s 761ms/step - loss: 9.1247 - accuracy: 0.2000 - val_loss: 3.0014 - val_accuracy: 0.2000 - lr: 5.0000e-04
Epoch 2/10
2/2 [==============================] - 1s 485ms/step - loss: 11.4813 - accuracy: 0.2167 - val_loss: 3.0582 - val_accuracy: 0.2000 - lr: 5.0000e-04
Epoch 3/10
2/2 [==============================] - 1s 573ms/step - loss: 11.4571 - accuracy: 0.2167 - val_loss: 3.0618 - val_accuracy: 0.6000 - lr: 5.0000e-04
Evaluating the model...
1/1 [==============================] - 0s 99ms/step - loss: 3.0356 - accuracy: 0.4286
Test accuracy: 0.4285714328289032, Validation loss: 3.0014050006866455
Saving results to CSV...

Running training with params: (0.0005, 0.7, 32, 50, 0.3, 15)
Loading training data...
Found 60 images belonging to 6 classes.
Loading validation data...
Found 5 images belonging to 6 classes.
Loading test data...
Found 7 images belonging to 6 classes.
Number of classes: 6
Computing class weights...
Class weights: {0: 1.0, 1: 1.0, 2: 1.0, 3: 1.0, 4: 1.0, 5: 1.0}
Creating model with learning rate: 0.0005, dropout: 0.7, filters: 32
Model created and compiled.
Training the model...
Epoch 1/15
2/2 [==============================] - 2s 748ms/step - loss: 11.1932 - accuracy: 0.1500 - val_loss: 2.9692 - val_accuracy: 0.0000e+00 - lr: 5.0000e-04
Epoch 2/15
2/2 [==============================] - 1s 582ms/step - loss: 10.7197 - accuracy: 0.2333 - val_loss: 2.9746 - val_accuracy: 0.2000 - lr: 5.0000e-04
Epoch 3/15
2/2 [==============================] - 1s 504ms/step - loss: 14.5789 - accuracy: 0.1333 - val_loss: 2.9903 - val_accuracy: 0.2000 - lr: 5.0000e-04
Evaluating the model...
1/1 [==============================] - 0s 98ms/step - loss: 2.9635 - accuracy: 0.1429
Test accuracy: 0.1428571492433548, Validation loss: 2.9692158699035645
Saving results to CSV...

Running training with params: (0.0005, 0.7, 64, 40, 0.2, 10)
Loading training data...
Found 60 images belonging to 6 classes.
Loading validation data...
Found 5 images belonging to 6 classes.
Loading test data...
Found 7 images belonging to 6 classes.
Number of classes: 6
Computing class weights...
Class weights: {0: 1.0, 1: 1.0, 2: 1.0, 3: 1.0, 4: 1.0, 5: 1.0}
Creating model with learning rate: 0.0005, dropout: 0.7, filters: 64
Model created and compiled.
Training the model...
Epoch 1/10
2/2 [==============================] - 3s 881ms/step - loss: 10.9646 - accuracy: 0.1833 - val_loss: 3.2717 - val_accuracy: 0.2000 - lr: 5.0000e-04
Epoch 2/10
2/2 [==============================] - 2s 877ms/step - loss: 15.4375 - accuracy: 0.1000 - val_loss: 3.3573 - val_accuracy: 0.2000 - lr: 5.0000e-04
Epoch 3/10
2/2 [==============================] - 2s 718ms/step - loss: 16.9543 - accuracy: 0.2167 - val_loss: 3.3721 - val_accuracy: 0.2000 - lr: 5.0000e-04
Evaluating the model...
1/1 [==============================] - 0s 126ms/step - loss: 3.2539 - accuracy: 0.1429
Test accuracy: 0.1428571492433548, Validation loss: 3.2716846466064453
Saving results to CSV...

Running training with params: (0.0005, 0.7, 64, 40, 0.2, 15)
Loading training data...
Found 60 images belonging to 6 classes.
Loading validation data...
Found 5 images belonging to 6 classes.
Loading test data...
Found 7 images belonging to 6 classes.
Number of classes: 6
Computing class weights...
Class weights: {0: 1.0, 1: 1.0, 2: 1.0, 3: 1.0, 4: 1.0, 5: 1.0}
Creating model with learning rate: 0.0005, dropout: 0.7, filters: 64
Model created and compiled.
Training the model...
Epoch 1/15
2/2 [==============================] - 3s 996ms/step - loss: 11.0189 - accuracy: 0.1833 - val_loss: 3.3351 - val_accuracy: 0.2000 - lr: 5.0000e-04
Epoch 2/15
2/2 [==============================] - 2s 842ms/step - loss: 14.2713 - accuracy: 0.2500 - val_loss: 3.2670 - val_accuracy: 0.2000 - lr: 5.0000e-04
Epoch 3/15
2/2 [==============================] - 2s 860ms/step - loss: 16.7693 - accuracy: 0.1833 - val_loss: 3.2588 - val_accuracy: 0.2000 - lr: 5.0000e-04
Epoch 4/15
2/2 [==============================] - 2s 684ms/step - loss: 17.0534 - accuracy: 0.1000 - val_loss: 3.2769 - val_accuracy: 0.2000 - lr: 5.0000e-04
Epoch 5/15
2/2 [==============================] - 2s 742ms/step - loss: 15.4440 - accuracy: 0.2000 - val_loss: 3.3186 - val_accuracy: 0.2000 - lr: 5.0000e-04
Evaluating the model...
1/1 [==============================] - 0s 118ms/step - loss: 3.2985 - accuracy: 0.1429
Test accuracy: 0.1428571492433548, Validation loss: 3.258822202682495
Saving results to CSV...

Running training with params: (0.0005, 0.7, 64, 40, 0.3, 10)
Loading training data...
Found 60 images belonging to 6 classes.
Loading validation data...
Found 5 images belonging to 6 classes.
Loading test data...
Found 7 images belonging to 6 classes.
Number of classes: 6
Computing class weights...
Class weights: {0: 1.0, 1: 1.0, 2: 1.0, 3: 1.0, 4: 1.0, 5: 1.0}
Creating model with learning rate: 0.0005, dropout: 0.7, filters: 64
Model created and compiled.
Training the model...
Epoch 1/10
2/2 [==============================] - 3s 886ms/step - loss: 9.6998 - accuracy: 0.2500 - val_loss: 3.3624 - val_accuracy: 0.2000 - lr: 5.0000e-04
Epoch 2/10
2/2 [==============================] - 2s 739ms/step - loss: 14.3944 - accuracy: 0.1667 - val_loss: 3.3572 - val_accuracy: 0.2000 - lr: 5.0000e-04
Epoch 3/10
2/2 [==============================] - 2s 782ms/step - loss: 16.5369 - accuracy: 0.1667 - val_loss: 3.4247 - val_accuracy: 0.0000e+00 - lr: 5.0000e-04
Epoch 4/10
2/2 [==============================] - 2s 899ms/step - loss: 16.4143 - accuracy: 0.2333 - val_loss: 3.5456 - val_accuracy: 0.2000 - lr: 5.0000e-04
Evaluating the model...
1/1 [==============================] - 0s 131ms/step - loss: 3.2651 - accuracy: 0.2857
Test accuracy: 0.2857142984867096, Validation loss: 3.3572304248809814
Saving results to CSV...

Running training with params: (0.0005, 0.7, 64, 40, 0.3, 15)
Loading training data...
Found 60 images belonging to 6 classes.
Loading validation data...
Found 5 images belonging to 6 classes.
Loading test data...
Found 7 images belonging to 6 classes.
Number of classes: 6
Computing class weights...
Class weights: {0: 1.0, 1: 1.0, 2: 1.0, 3: 1.0, 4: 1.0, 5: 1.0}
Creating model with learning rate: 0.0005, dropout: 0.7, filters: 64
Model created and compiled.
Training the model...
Epoch 1/15
2/2 [==============================] - 3s 1s/step - loss: 14.9113 - accuracy: 0.1167 - val_loss: 3.2441 - val_accuracy: 0.2000 - lr: 5.0000e-04
Epoch 2/15
2/2 [==============================] - 2s 727ms/step - loss: 19.0621 - accuracy: 0.2000 - val_loss: 3.2619 - val_accuracy: 0.4000 - lr: 5.0000e-04
Epoch 3/15
2/2 [==============================] - 2s 770ms/step - loss: 16.4746 - accuracy: 0.2000 - val_loss: 3.4073 - val_accuracy: 0.4000 - lr: 5.0000e-04
Evaluating the model...
1/1 [==============================] - 0s 122ms/step - loss: 3.1764 - accuracy: 0.2857
Test accuracy: 0.2857142984867096, Validation loss: 3.2441272735595703
Saving results to CSV...

Running training with params: (0.0005, 0.7, 64, 50, 0.2, 10)
Loading training data...
Found 60 images belonging to 6 classes.
Loading validation data...
Found 5 images belonging to 6 classes.
Loading test data...
Found 7 images belonging to 6 classes.
Number of classes: 6
Computing class weights...
Class weights: {0: 1.0, 1: 1.0, 2: 1.0, 3: 1.0, 4: 1.0, 5: 1.0}
Creating model with learning rate: 0.0005, dropout: 0.7, filters: 64
Model created and compiled.
Training the model...
Epoch 1/10
2/2 [==============================] - 3s 925ms/step - loss: 13.3335 - accuracy: 0.1000 - val_loss: 3.3674 - val_accuracy: 0.2000 - lr: 5.0000e-04
Epoch 2/10
2/2 [==============================] - 2s 750ms/step - loss: 15.0662 - accuracy: 0.2333 - val_loss: 3.4130 - val_accuracy: 0.0000e+00 - lr: 5.0000e-04
Epoch 3/10
2/2 [==============================] - 2s 882ms/step - loss: 16.5615 - accuracy: 0.2333 - val_loss: 3.4514 - val_accuracy: 0.2000 - lr: 5.0000e-04
Evaluating the model...
1/1 [==============================] - 0s 138ms/step - loss: 3.3029 - accuracy: 0.1429
Test accuracy: 0.1428571492433548, Validation loss: 3.367440700531006
Saving results to CSV...

Running training with params: (0.0005, 0.7, 64, 50, 0.2, 15)
Loading training data...
Found 60 images belonging to 6 classes.
Loading validation data...
Found 5 images belonging to 6 classes.
Loading test data...
Found 7 images belonging to 6 classes.
Number of classes: 6
Computing class weights...
Class weights: {0: 1.0, 1: 1.0, 2: 1.0, 3: 1.0, 4: 1.0, 5: 1.0}
Creating model with learning rate: 0.0005, dropout: 0.7, filters: 64
Model created and compiled.
Training the model...
Epoch 1/15
2/2 [==============================] - 3s 908ms/step - loss: 10.8914 - accuracy: 0.1667 - val_loss: 3.2693 - val_accuracy: 0.0000e+00 - lr: 5.0000e-04
Epoch 2/15
2/2 [==============================] - 2s 886ms/step - loss: 12.0341 - accuracy: 0.2833 - val_loss: 3.3495 - val_accuracy: 0.4000 - lr: 5.0000e-04
Epoch 3/15
2/2 [==============================] - 2s 877ms/step - loss: 16.8247 - accuracy: 0.1833 - val_loss: 3.4229 - val_accuracy: 0.2000 - lr: 5.0000e-04
Evaluating the model...
1/1 [==============================] - 0s 134ms/step - loss: 3.1834 - accuracy: 0.2857
Test accuracy: 0.2857142984867096, Validation loss: 3.2693355083465576
Saving results to CSV...

Running training with params: (0.0005, 0.7, 64, 50, 0.3, 10)
Loading training data...
Found 60 images belonging to 6 classes.
Loading validation data...
Found 5 images belonging to 6 classes.
Loading test data...
Found 7 images belonging to 6 classes.
Number of classes: 6
Computing class weights...
Class weights: {0: 1.0, 1: 1.0, 2: 1.0, 3: 1.0, 4: 1.0, 5: 1.0}
Creating model with learning rate: 0.0005, dropout: 0.7, filters: 64
Model created and compiled.
Training the model...
Epoch 1/10
2/2 [==============================] - 3s 901ms/step - loss: 10.9167 - accuracy: 0.1667 - val_loss: 3.2995 - val_accuracy: 0.2000 - lr: 5.0000e-04
Epoch 2/10
2/2 [==============================] - 2s 883ms/step - loss: 15.1165 - accuracy: 0.1833 - val_loss: 3.3612 - val_accuracy: 0.2000 - lr: 5.0000e-04
Epoch 3/10
2/2 [==============================] - 2s 728ms/step - loss: 16.7500 - accuracy: 0.2000 - val_loss: 3.4676 - val_accuracy: 0.0000e+00 - lr: 5.0000e-04
Evaluating the model...
1/1 [==============================] - 0s 123ms/step - loss: 3.2386 - accuracy: 0.2857
Test accuracy: 0.2857142984867096, Validation loss: 3.2994778156280518
Saving results to CSV...

Running training with params: (0.0005, 0.7, 64, 50, 0.3, 15)
Loading training data...
Found 60 images belonging to 6 classes.
Loading validation data...
Found 5 images belonging to 6 classes.
Loading test data...
Found 7 images belonging to 6 classes.
Number of classes: 6
Computing class weights...
Class weights: {0: 1.0, 1: 1.0, 2: 1.0, 3: 1.0, 4: 1.0, 5: 1.0}
Creating model with learning rate: 0.0005, dropout: 0.7, filters: 64
Model created and compiled.
Training the model...
Epoch 1/15
2/2 [==============================] - 3s 914ms/step - loss: 12.3179 - accuracy: 0.2000 - val_loss: 3.3504 - val_accuracy: 0.0000e+00 - lr: 5.0000e-04
Epoch 2/15
2/2 [==============================] - 2s 887ms/step - loss: 15.5364 - accuracy: 0.1667 - val_loss: 3.4078 - val_accuracy: 0.0000e+00 - lr: 5.0000e-04
Epoch 3/15
2/2 [==============================] - 2s 868ms/step - loss: 16.4487 - accuracy: 0.2167 - val_loss: 3.4564 - val_accuracy: 0.0000e+00 - lr: 5.0000e-04
Evaluating the model...
1/1 [==============================] - 0s 142ms/step - loss: 3.3339 - accuracy: 0.1429
Test accuracy: 0.1428571492433548, Validation loss: 3.350353956222534
Saving results to CSV...

Running training with params: (0.0001, 0.4, 32, 40, 0.2, 10)
Loading training data...
Found 60 images belonging to 6 classes.
Loading validation data...
Found 5 images belonging to 6 classes.
Loading test data...
Found 7 images belonging to 6 classes.
Number of classes: 6
Computing class weights...
Class weights: {0: 1.0, 1: 1.0, 2: 1.0, 3: 1.0, 4: 1.0, 5: 1.0}
Creating model with learning rate: 0.0001, dropout: 0.4, filters: 32
Model created and compiled.
Training the model...
Epoch 1/10
2/2 [==============================] - 2s 786ms/step - loss: 5.7277 - accuracy: 0.1667 - val_loss: 3.0638 - val_accuracy: 0.2000 - lr: 1.0000e-04
Epoch 2/10
2/2 [==============================] - 1s 608ms/step - loss: 5.8643 - accuracy: 0.2167 - val_loss: 3.0535 - val_accuracy: 0.2000 - lr: 1.0000e-04
Epoch 3/10
2/2 [==============================] - 1s 609ms/step - loss: 5.5936 - accuracy: 0.2000 - val_loss: 3.0471 - val_accuracy: 0.4000 - lr: 1.0000e-04
Epoch 4/10
2/2 [==============================] - 1s 600ms/step - loss: 4.5777 - accuracy: 0.3000 - val_loss: 3.0420 - val_accuracy: 0.2000 - lr: 1.0000e-04
Epoch 5/10
2/2 [==============================] - 1s 505ms/step - loss: 5.3105 - accuracy: 0.2333 - val_loss: 3.0426 - val_accuracy: 0.4000 - lr: 1.0000e-04
Epoch 6/10
2/2 [==============================] - 1s 499ms/step - loss: 4.8995 - accuracy: 0.3333 - val_loss: 3.0467 - val_accuracy: 0.2000 - lr: 1.0000e-04
Evaluating the model...
1/1 [==============================] - 0s 119ms/step - loss: 3.0378 - accuracy: 0.2857
Test accuracy: 0.2857142984867096, Validation loss: 3.042025089263916
Saving results to CSV...

Running training with params: (0.0001, 0.4, 32, 40, 0.2, 15)
Loading training data...
Found 60 images belonging to 6 classes.
Loading validation data...
Found 5 images belonging to 6 classes.
Loading test data...
Found 7 images belonging to 6 classes.
Number of classes: 6
Computing class weights...
Class weights: {0: 1.0, 1: 1.0, 2: 1.0, 3: 1.0, 4: 1.0, 5: 1.0}
Creating model with learning rate: 0.0001, dropout: 0.4, filters: 32
Model created and compiled.
Training the model...
Epoch 1/15
2/2 [==============================] - 2s 754ms/step - loss: 5.3017 - accuracy: 0.2333 - val_loss: 3.0563 - val_accuracy: 0.2000 - lr: 1.0000e-04
Epoch 2/15
2/2 [==============================] - 1s 589ms/step - loss: 6.0513 - accuracy: 0.1667 - val_loss: 3.0477 - val_accuracy: 0.2000 - lr: 1.0000e-04
Epoch 3/15
2/2 [==============================] - 1s 477ms/step - loss: 5.4860 - accuracy: 0.2333 - val_loss: 3.0616 - val_accuracy: 0.2000 - lr: 1.0000e-04
Epoch 4/15
2/2 [==============================] - 1s 532ms/step - loss: 5.4496 - accuracy: 0.2167 - val_loss: 3.0843 - val_accuracy: 0.0000e+00 - lr: 1.0000e-04
Evaluating the model...
1/1 [==============================] - 0s 108ms/step - loss: 3.0493 - accuracy: 0.1429
Test accuracy: 0.1428571492433548, Validation loss: 3.0476670265197754
Saving results to CSV...

Running training with params: (0.0001, 0.4, 32, 40, 0.3, 10)
Loading training data...
Found 60 images belonging to 6 classes.
Loading validation data...
Found 5 images belonging to 6 classes.
Loading test data...
Found 7 images belonging to 6 classes.
Number of classes: 6
Computing class weights...
Class weights: {0: 1.0, 1: 1.0, 2: 1.0, 3: 1.0, 4: 1.0, 5: 1.0}
Creating model with learning rate: 0.0001, dropout: 0.4, filters: 32
Model created and compiled.
Training the model...
Epoch 1/10
2/2 [==============================] - 2s 759ms/step - loss: 6.0166 - accuracy: 0.1500 - val_loss: 3.0606 - val_accuracy: 0.4000 - lr: 1.0000e-04
Epoch 2/10
2/2 [==============================] - 1s 603ms/step - loss: 5.7166 - accuracy: 0.2333 - val_loss: 3.0617 - val_accuracy: 0.0000e+00 - lr: 1.0000e-04
Epoch 3/10
2/2 [==============================] - 1s 602ms/step - loss: 6.0742 - accuracy: 0.2000 - val_loss: 3.0524 - val_accuracy: 0.2000 - lr: 1.0000e-04
Epoch 4/10
2/2 [==============================] - 1s 594ms/step - loss: 5.7899 - accuracy: 0.2500 - val_loss: 3.0426 - val_accuracy: 0.4000 - lr: 1.0000e-04
Epoch 5/10
2/2 [==============================] - 1s 506ms/step - loss: 5.0800 - accuracy: 0.3333 - val_loss: 3.0293 - val_accuracy: 0.4000 - lr: 1.0000e-04
Epoch 6/10
2/2 [==============================] - 1s 516ms/step - loss: 5.3776 - accuracy: 0.2000 - val_loss: 3.0149 - val_accuracy: 0.4000 - lr: 1.0000e-04
Epoch 7/10
2/2 [==============================] - 1s 523ms/step - loss: 4.3957 - accuracy: 0.2833 - val_loss: 3.0054 - val_accuracy: 0.4000 - lr: 1.0000e-04
Epoch 8/10
2/2 [==============================] - 1s 636ms/step - loss: 4.1077 - accuracy: 0.2833 - val_loss: 3.0041 - val_accuracy: 0.4000 - lr: 1.0000e-04
Epoch 9/10
2/2 [==============================] - 1s 604ms/step - loss: 4.3617 - accuracy: 0.2667 - val_loss: 3.0048 - val_accuracy: 0.4000 - lr: 1.0000e-04
Epoch 10/10
2/2 [==============================] - 1s 586ms/step - loss: 4.9398 - accuracy: 0.3000 - val_loss: 3.0086 - val_accuracy: 0.4000 - lr: 1.0000e-04
Evaluating the model...
1/1 [==============================] - 0s 108ms/step - loss: 2.9364 - accuracy: 0.4286
Test accuracy: 0.4285714328289032, Validation loss: 3.0041139125823975
Saving results to CSV...

Running training with params: (0.0001, 0.4, 32, 40, 0.3, 15)
Loading training data...
Found 60 images belonging to 6 classes.
Loading validation data...
Found 5 images belonging to 6 classes.
Loading test data...
Found 7 images belonging to 6 classes.
Number of classes: 6
Computing class weights...
Class weights: {0: 1.0, 1: 1.0, 2: 1.0, 3: 1.0, 4: 1.0, 5: 1.0}
Creating model with learning rate: 0.0001, dropout: 0.4, filters: 32
Model created and compiled.
Training the model...
Epoch 1/15
2/2 [==============================] - 2s 669ms/step - loss: 5.8873 - accuracy: 0.2000 - val_loss: 3.0664 - val_accuracy: 0.2000 - lr: 1.0000e-04
Epoch 2/15
2/2 [==============================] - 1s 494ms/step - loss: 6.3945 - accuracy: 0.2167 - val_loss: 3.0570 - val_accuracy: 0.4000 - lr: 1.0000e-04
Epoch 3/15
2/2 [==============================] - 1s 528ms/step - loss: 5.7915 - accuracy: 0.1833 - val_loss: 3.0556 - val_accuracy: 0.2000 - lr: 1.0000e-04
Epoch 4/15
2/2 [==============================] - 1s 536ms/step - loss: 5.3360 - accuracy: 0.2667 - val_loss: 3.0651 - val_accuracy: 0.4000 - lr: 1.0000e-04
Epoch 5/15
2/2 [==============================] - 1s 529ms/step - loss: 4.7310 - accuracy: 0.2833 - val_loss: 3.0712 - val_accuracy: 0.2000 - lr: 1.0000e-04
Evaluating the model...
1/1 [==============================] - 0s 105ms/step - loss: 3.0784 - accuracy: 0.0000e+00
Test accuracy: 0.0, Validation loss: 3.0555758476257324
Saving results to CSV...

Running training with params: (0.0001, 0.4, 32, 50, 0.2, 10)
Loading training data...
Found 60 images belonging to 6 classes.
Loading validation data...
Found 5 images belonging to 6 classes.
Loading test data...
Found 7 images belonging to 6 classes.
Number of classes: 6
Computing class weights...
Class weights: {0: 1.0, 1: 1.0, 2: 1.0, 3: 1.0, 4: 1.0, 5: 1.0}
Creating model with learning rate: 0.0001, dropout: 0.4, filters: 32
Model created and compiled.
Training the model...
Epoch 1/10
2/2 [==============================] - 2s 782ms/step - loss: 6.4542 - accuracy: 0.1500 - val_loss: 3.1037 - val_accuracy: 0.2000 - lr: 1.0000e-04
Epoch 2/10
2/2 [==============================] - 1s 601ms/step - loss: 5.9017 - accuracy: 0.2167 - val_loss: 3.1114 - val_accuracy: 0.2000 - lr: 1.0000e-04
Epoch 3/10
2/2 [==============================] - 1s 584ms/step - loss: 5.0046 - accuracy: 0.2667 - val_loss: 3.0899 - val_accuracy: 0.2000 - lr: 1.0000e-04
Epoch 4/10
2/2 [==============================] - 1s 600ms/step - loss: 4.8296 - accuracy: 0.3000 - val_loss: 3.0736 - val_accuracy: 0.2000 - lr: 1.0000e-04
Epoch 5/10
2/2 [==============================] - 1s 509ms/step - loss: 4.8914 - accuracy: 0.2667 - val_loss: 3.0608 - val_accuracy: 0.2000 - lr: 1.0000e-04
Epoch 6/10
2/2 [==============================] - 1s 626ms/step - loss: 5.1146 - accuracy: 0.2333 - val_loss: 3.0456 - val_accuracy: 0.2000 - lr: 1.0000e-04
Epoch 7/10
2/2 [==============================] - 1s 587ms/step - loss: 4.9592 - accuracy: 0.2500 - val_loss: 3.0291 - val_accuracy: 0.2000 - lr: 1.0000e-04
Epoch 8/10
2/2 [==============================] - 1s 592ms/step - loss: 4.6639 - accuracy: 0.3000 - val_loss: 3.0219 - val_accuracy: 0.2000 - lr: 1.0000e-04
Epoch 9/10
2/2 [==============================] - 1s 602ms/step - loss: 3.5090 - accuracy: 0.4167 - val_loss: 3.0229 - val_accuracy: 0.2000 - lr: 1.0000e-04
Epoch 10/10
2/2 [==============================] - 1s 542ms/step - loss: 4.6890 - accuracy: 0.2167 - val_loss: 3.0270 - val_accuracy: 0.2000 - lr: 1.0000e-04
Evaluating the model...
1/1 [==============================] - 0s 109ms/step - loss: 3.1813 - accuracy: 0.0000e+00
Test accuracy: 0.0, Validation loss: 3.0218515396118164
Saving results to CSV...

Running training with params: (0.0001, 0.4, 32, 50, 0.2, 15)
Loading training data...
Found 60 images belonging to 6 classes.
Loading validation data...
Found 5 images belonging to 6 classes.
Loading test data...
Found 7 images belonging to 6 classes.
Number of classes: 6
Computing class weights...
Class weights: {0: 1.0, 1: 1.0, 2: 1.0, 3: 1.0, 4: 1.0, 5: 1.0}
Creating model with learning rate: 0.0001, dropout: 0.4, filters: 32
Model created and compiled.
Training the model...
Epoch 1/15
2/2 [==============================] - 2s 710ms/step - loss: 5.4142 - accuracy: 0.1333 - val_loss: 3.0515 - val_accuracy: 0.4000 - lr: 1.0000e-04
Epoch 2/15
2/2 [==============================] - 1s 502ms/step - loss: 5.1867 - accuracy: 0.2500 - val_loss: 3.0689 - val_accuracy: 0.2000 - lr: 1.0000e-04
Epoch 3/15
2/2 [==============================] - 1s 599ms/step - loss: 4.7527 - accuracy: 0.2333 - val_loss: 3.0896 - val_accuracy: 0.4000 - lr: 1.0000e-04
Evaluating the model...
1/1 [==============================] - 0s 107ms/step - loss: 3.0458 - accuracy: 0.4286
Test accuracy: 0.4285714328289032, Validation loss: 3.0514779090881348
Saving results to CSV...

Running training with params: (0.0001, 0.4, 32, 50, 0.3, 10)
Loading training data...
Found 60 images belonging to 6 classes.
Loading validation data...
Found 5 images belonging to 6 classes.
Loading test data...
Found 7 images belonging to 6 classes.
Number of classes: 6
Computing class weights...
Class weights: {0: 1.0, 1: 1.0, 2: 1.0, 3: 1.0, 4: 1.0, 5: 1.0}
Creating model with learning rate: 0.0001, dropout: 0.4, filters: 32
Model created and compiled.
Training the model...
Epoch 1/10
2/2 [==============================] - 2s 766ms/step - loss: 5.7747 - accuracy: 0.1333 - val_loss: 3.0694 - val_accuracy: 0.0000e+00 - lr: 1.0000e-04
Epoch 2/10
2/2 [==============================] - 1s 594ms/step - loss: 4.9017 - accuracy: 0.2500 - val_loss: 3.0696 - val_accuracy: 0.2000 - lr: 1.0000e-04
Epoch 3/10
2/2 [==============================] - 1s 505ms/step - loss: 6.1924 - accuracy: 0.1667 - val_loss: 3.0735 - val_accuracy: 0.2000 - lr: 1.0000e-04
Evaluating the model...
1/1 [==============================] - 0s 135ms/step - loss: 3.0803 - accuracy: 0.2857
Test accuracy: 0.2857142984867096, Validation loss: 3.0693774223327637
Saving results to CSV...

Running training with params: (0.0001, 0.4, 32, 50, 0.3, 15)
Loading training data...
Found 60 images belonging to 6 classes.
Loading validation data...
Found 5 images belonging to 6 classes.
Loading test data...
Found 7 images belonging to 6 classes.
Number of classes: 6
Computing class weights...
Class weights: {0: 1.0, 1: 1.0, 2: 1.0, 3: 1.0, 4: 1.0, 5: 1.0}
Creating model with learning rate: 0.0001, dropout: 0.4, filters: 32
Model created and compiled.
Training the model...
Epoch 1/15
2/2 [==============================] - 2s 751ms/step - loss: 5.2554 - accuracy: 0.1333 - val_loss: 3.0548 - val_accuracy: 0.4000 - lr: 1.0000e-04
Epoch 2/15
2/2 [==============================] - 1s 596ms/step - loss: 5.7253 - accuracy: 0.1500 - val_loss: 3.0444 - val_accuracy: 0.4000 - lr: 1.0000e-04
Epoch 3/15
2/2 [==============================] - 1s 503ms/step - loss: 5.5995 - accuracy: 0.1833 - val_loss: 3.0585 - val_accuracy: 0.4000 - lr: 1.0000e-04
Epoch 4/15
2/2 [==============================] - 1s 500ms/step - loss: 5.5211 - accuracy: 0.2167 - val_loss: 3.0679 - val_accuracy: 0.0000e+00 - lr: 1.0000e-04
Evaluating the model...
1/1 [==============================] - 0s 111ms/step - loss: 3.0932 - accuracy: 0.1429
Test accuracy: 0.1428571492433548, Validation loss: 3.044367790222168
Saving results to CSV...

Running training with params: (0.0001, 0.4, 64, 40, 0.2, 10)
Loading training data...
Found 60 images belonging to 6 classes.
Loading validation data...
Found 5 images belonging to 6 classes.
Loading test data...
Found 7 images belonging to 6 classes.
Number of classes: 6
Computing class weights...
Class weights: {0: 1.0, 1: 1.0, 2: 1.0, 3: 1.0, 4: 1.0, 5: 1.0}
Creating model with learning rate: 0.0001, dropout: 0.4, filters: 64
Model created and compiled.
Training the model...
Epoch 1/10
2/2 [==============================] - 4s 2s/step - loss: 7.4398 - accuracy: 0.0667 - val_loss: 3.3134 - val_accuracy: 0.2000 - lr: 1.0000e-04
Epoch 2/10
2/2 [==============================] - 3s 2s/step - loss: 7.6549 - accuracy: 0.1667 - val_loss: 3.3354 - val_accuracy: 0.0000e+00 - lr: 1.0000e-04
Epoch 3/10
2/2 [==============================] - 3s 2s/step - loss: 6.8976 - accuracy: 0.2333 - val_loss: 3.3574 - val_accuracy: 0.2000 - lr: 1.0000e-04
Evaluating the model...
1/1 [==============================] - 0s 198ms/step - loss: 3.3372 - accuracy: 0.2857
Test accuracy: 0.2857142984867096, Validation loss: 3.313427448272705
Saving results to CSV...

Running training with params: (0.0001, 0.4, 64, 40, 0.2, 15)
Loading training data...
Found 60 images belonging to 6 classes.
Loading validation data...
Found 5 images belonging to 6 classes.
Loading test data...
Found 7 images belonging to 6 classes.
Number of classes: 6
Computing class weights...
Class weights: {0: 1.0, 1: 1.0, 2: 1.0, 3: 1.0, 4: 1.0, 5: 1.0}
Creating model with learning rate: 0.0001, dropout: 0.4, filters: 64
Model created and compiled.
Training the model...
Epoch 1/15
2/2 [==============================] - 4s 2s/step - loss: 6.2624 - accuracy: 0.2000 - val_loss: 3.3559 - val_accuracy: 0.0000e+00 - lr: 1.0000e-04
Epoch 2/15
2/2 [==============================] - 3s 1s/step - loss: 6.0509 - accuracy: 0.2333 - val_loss: 3.3419 - val_accuracy: 0.0000e+00 - lr: 1.0000e-04
Epoch 3/15
2/2 [==============================] - 3s 2s/step - loss: 8.1655 - accuracy: 0.2000 - val_loss: 3.3243 - val_accuracy: 0.4000 - lr: 1.0000e-04
Epoch 4/15
2/2 [==============================] - 3s 1s/step - loss: 6.8605 - accuracy: 0.2500 - val_loss: 3.3152 - val_accuracy: 0.2000 - lr: 1.0000e-04
Epoch 5/15
2/2 [==============================] - 3s 1s/step - loss: 6.8765 - accuracy: 0.2667 - val_loss: 3.3200 - val_accuracy: 0.2000 - lr: 1.0000e-04
Epoch 6/15
2/2 [==============================] - 3s 1s/step - loss: 8.2207 - accuracy: 0.1667 - val_loss: 3.3242 - val_accuracy: 0.2000 - lr: 1.0000e-04
Evaluating the model...
1/1 [==============================] - 0s 193ms/step - loss: 3.3190 - accuracy: 0.2857
Test accuracy: 0.2857142984867096, Validation loss: 3.3152480125427246
Saving results to CSV...

Running training with params: (0.0001, 0.4, 64, 40, 0.3, 10)
Loading training data...
Found 60 images belonging to 6 classes.
Loading validation data...
Found 5 images belonging to 6 classes.
Loading test data...
Found 7 images belonging to 6 classes.
Number of classes: 6
Computing class weights...
Class weights: {0: 1.0, 1: 1.0, 2: 1.0, 3: 1.0, 4: 1.0, 5: 1.0}
Creating model with learning rate: 0.0001, dropout: 0.4, filters: 64
Model created and compiled.
Training the model...
Epoch 1/10
2/2 [==============================] - 4s 2s/step - loss: 6.8074 - accuracy: 0.1500 - val_loss: 3.3135 - val_accuracy: 0.2000 - lr: 1.0000e-04
Epoch 2/10
2/2 [==============================] - 3s 2s/step - loss: 6.8965 - accuracy: 0.2500 - val_loss: 3.2982 - val_accuracy: 0.2000 - lr: 1.0000e-04
Epoch 3/10
2/2 [==============================] - 3s 1s/step - loss: 7.8328 - accuracy: 0.2333 - val_loss: 3.2995 - val_accuracy: 0.2000 - lr: 1.0000e-04
Epoch 4/10
2/2 [==============================] - 3s 2s/step - loss: 7.4595 - accuracy: 0.2333 - val_loss: 3.2937 - val_accuracy: 0.2000 - lr: 1.0000e-04
Epoch 5/10
2/2 [==============================] - 3s 2s/step - loss: 6.1708 - accuracy: 0.3333 - val_loss: 3.2935 - val_accuracy: 0.2000 - lr: 1.0000e-04
Epoch 6/10
2/2 [==============================] - 3s 2s/step - loss: 7.1343 - accuracy: 0.2333 - val_loss: 3.3021 - val_accuracy: 0.2000 - lr: 1.0000e-04
Epoch 7/10
2/2 [==============================] - 3s 2s/step - loss: 5.3003 - accuracy: 0.2667 - val_loss: 3.3203 - val_accuracy: 0.2000 - lr: 1.0000e-04
Evaluating the model...
1/1 [==============================] - 0s 193ms/step - loss: 3.3550 - accuracy: 0.0000e+00
Test accuracy: 0.0, Validation loss: 3.293509006500244
Saving results to CSV...

Running training with params: (0.0001, 0.4, 64, 40, 0.3, 15)
Loading training data...
Found 60 images belonging to 6 classes.
Loading validation data...
Found 5 images belonging to 6 classes.
Loading test data...
Found 7 images belonging to 6 classes.
Number of classes: 6
Computing class weights...
Class weights: {0: 1.0, 1: 1.0, 2: 1.0, 3: 1.0, 4: 1.0, 5: 1.0}
Creating model with learning rate: 0.0001, dropout: 0.4, filters: 64
Model created and compiled.
Training the model...
Epoch 1/15
2/2 [==============================] - 4s 2s/step - loss: 6.7967 - accuracy: 0.1333 - val_loss: 3.3180 - val_accuracy: 0.4000 - lr: 1.0000e-04
Epoch 2/15
2/2 [==============================] - 3s 1s/step - loss: 8.3887 - accuracy: 0.2333 - val_loss: 3.3113 - val_accuracy: 0.2000 - lr: 1.0000e-04
Epoch 3/15
2/2 [==============================] - 3s 1s/step - loss: 7.1709 - accuracy: 0.2833 - val_loss: 3.2849 - val_accuracy: 0.2000 - lr: 1.0000e-04
Epoch 4/15
2/2 [==============================] - 3s 2s/step - loss: 5.4864 - accuracy: 0.2667 - val_loss: 3.3038 - val_accuracy: 0.2000 - lr: 1.0000e-04
Epoch 5/15
2/2 [==============================] - 3s 2s/step - loss: 5.8233 - accuracy: 0.2667 - val_loss: 3.3289 - val_accuracy: 0.2000 - lr: 1.0000e-04
Evaluating the model...
1/1 [==============================] - 0s 203ms/step - loss: 3.3415 - accuracy: 0.0000e+00
Test accuracy: 0.0, Validation loss: 3.284858226776123
Saving results to CSV...

Running training with params: (0.0001, 0.4, 64, 50, 0.2, 10)
Loading training data...
Found 60 images belonging to 6 classes.
Loading validation data...
Found 5 images belonging to 6 classes.
Loading test data...
Found 7 images belonging to 6 classes.
Number of classes: 6
Computing class weights...
Class weights: {0: 1.0, 1: 1.0, 2: 1.0, 3: 1.0, 4: 1.0, 5: 1.0}
Creating model with learning rate: 0.0001, dropout: 0.4, filters: 64
Model created and compiled.
Training the model...
Epoch 1/10
2/2 [==============================] - 4s 2s/step - loss: 6.3849 - accuracy: 0.1833 - val_loss: 3.3035 - val_accuracy: 0.2000 - lr: 1.0000e-04
Epoch 2/10
2/2 [==============================] - 3s 2s/step - loss: 7.8029 - accuracy: 0.2500 - val_loss: 3.3199 - val_accuracy: 0.4000 - lr: 1.0000e-04
Epoch 3/10
2/2 [==============================] - 3s 1s/step - loss: 6.8386 - accuracy: 0.3000 - val_loss: 3.3371 - val_accuracy: 0.0000e+00 - lr: 1.0000e-04
Evaluating the model...
1/1 [==============================] - 0s 168ms/step - loss: 3.3360 - accuracy: 0.1429
Test accuracy: 0.1428571492433548, Validation loss: 3.303473711013794
Saving results to CSV...

Running training with params: (0.0001, 0.4, 64, 50, 0.2, 15)
Loading training data...
Found 60 images belonging to 6 classes.
Loading validation data...
Found 5 images belonging to 6 classes.
Loading test data...
Found 7 images belonging to 6 classes.
Number of classes: 6
Computing class weights...
Class weights: {0: 1.0, 1: 1.0, 2: 1.0, 3: 1.0, 4: 1.0, 5: 1.0}
Creating model with learning rate: 0.0001, dropout: 0.4, filters: 64
Model created and compiled.
Training the model...
Epoch 1/15
2/2 [==============================] - 3s 1s/step - loss: 7.3499 - accuracy: 0.1167 - val_loss: 3.3084 - val_accuracy: 0.2000 - lr: 1.0000e-04
Epoch 2/15
2/2 [==============================] - 2s 1s/step - loss: 6.8222 - accuracy: 0.3167 - val_loss: 3.3162 - val_accuracy: 0.2000 - lr: 1.0000e-04
Epoch 3/15
2/2 [==============================] - 2s 1s/step - loss: 6.8590 - accuracy: 0.2167 - val_loss: 3.2915 - val_accuracy: 0.2000 - lr: 1.0000e-04
Epoch 4/15
2/2 [==============================] - 2s 1s/step - loss: 5.7612 - accuracy: 0.2333 - val_loss: 3.2663 - val_accuracy: 0.4000 - lr: 1.0000e-04
Epoch 5/15
2/2 [==============================] - 2s 1s/step - loss: 7.4516 - accuracy: 0.2000 - val_loss: 3.2600 - val_accuracy: 0.4000 - lr: 1.0000e-04
Epoch 6/15
2/2 [==============================] - 2s 991ms/step - loss: 5.8316 - accuracy: 0.2833 - val_loss: 3.2602 - val_accuracy: 0.4000 - lr: 1.0000e-04
Epoch 7/15
2/2 [==============================] - 2s 1000ms/step - loss: 5.5972 - accuracy: 0.2500 - val_loss: 3.2788 - val_accuracy: 0.4000 - lr: 1.0000e-04
Evaluating the model...
1/1 [==============================] - 0s 139ms/step - loss: 3.3232 - accuracy: 0.4286
Test accuracy: 0.4285714328289032, Validation loss: 3.260038375854492
Saving results to CSV...

Running training with params: (0.0001, 0.4, 64, 50, 0.3, 10)
Loading training data...
Found 60 images belonging to 6 classes.
Loading validation data...
Found 5 images belonging to 6 classes.
Loading test data...
Found 7 images belonging to 6 classes.
Number of classes: 6
Computing class weights...
Class weights: {0: 1.0, 1: 1.0, 2: 1.0, 3: 1.0, 4: 1.0, 5: 1.0}
Creating model with learning rate: 0.0001, dropout: 0.4, filters: 64
Model created and compiled.
Training the model...
Epoch 1/10
2/2 [==============================] - 3s 1s/step - loss: 5.6911 - accuracy: 0.3167 - val_loss: 3.3410 - val_accuracy: 0.0000e+00 - lr: 1.0000e-04
Epoch 2/10
2/2 [==============================] - 2s 1s/step - loss: 6.8908 - accuracy: 0.2500 - val_loss: 3.3299 - val_accuracy: 0.2000 - lr: 1.0000e-04
Epoch 3/10
2/2 [==============================] - 2s 942ms/step - loss: 6.6399 - accuracy: 0.2167 - val_loss: 3.3282 - val_accuracy: 0.2000 - lr: 1.0000e-04
Epoch 4/10
2/2 [==============================] - 2s 886ms/step - loss: 6.5277 - accuracy: 0.2667 - val_loss: 3.3648 - val_accuracy: 0.0000e+00 - lr: 1.0000e-04
Epoch 5/10
2/2 [==============================] - 2s 1s/step - loss: 7.7021 - accuracy: 0.2167 - val_loss: 3.4439 - val_accuracy: 0.0000e+00 - lr: 1.0000e-04
Evaluating the model...
1/1 [==============================] - 0s 129ms/step - loss: 3.3366 - accuracy: 0.0000e+00
Test accuracy: 0.0, Validation loss: 3.328190565109253
Saving results to CSV...

Running training with params: (0.0001, 0.4, 64, 50, 0.3, 15)
Loading training data...
Found 60 images belonging to 6 classes.
Loading validation data...
Found 5 images belonging to 6 classes.
Loading test data...
Found 7 images belonging to 6 classes.
Number of classes: 6
Computing class weights...
Class weights: {0: 1.0, 1: 1.0, 2: 1.0, 3: 1.0, 4: 1.0, 5: 1.0}
Creating model with learning rate: 0.0001, dropout: 0.4, filters: 64
Model created and compiled.
Training the model...
Epoch 1/15
2/2 [==============================] - 3s 1s/step - loss: 6.3465 - accuracy: 0.1833 - val_loss: 3.3460 - val_accuracy: 0.0000e+00 - lr: 1.0000e-04
Epoch 2/15
2/2 [==============================] - 2s 838ms/step - loss: 7.0318 - accuracy: 0.2833 - val_loss: 3.3654 - val_accuracy: 0.0000e+00 - lr: 1.0000e-04
Epoch 3/15
2/2 [==============================] - 2s 972ms/step - loss: 7.3448 - accuracy: 0.1667 - val_loss: 3.3761 - val_accuracy: 0.0000e+00 - lr: 1.0000e-04
Evaluating the model...
1/1 [==============================] - 0s 121ms/step - loss: 3.3369 - accuracy: 0.0000e+00
Test accuracy: 0.0, Validation loss: 3.346008777618408
Saving results to CSV...

Running training with params: (0.0001, 0.7, 32, 40, 0.2, 10)
Loading training data...
Found 60 images belonging to 6 classes.
Loading validation data...
Found 5 images belonging to 6 classes.
Loading test data...
Found 7 images belonging to 6 classes.
Number of classes: 6
Computing class weights...
Class weights: {0: 1.0, 1: 1.0, 2: 1.0, 3: 1.0, 4: 1.0, 5: 1.0}
Creating model with learning rate: 0.0001, dropout: 0.7, filters: 32
Model created and compiled.
Training the model...
Epoch 1/10
2/2 [==============================] - 2s 620ms/step - loss: 9.4458 - accuracy: 0.1167 - val_loss: 3.0499 - val_accuracy: 0.4000 - lr: 1.0000e-04
Epoch 2/10
2/2 [==============================] - 1s 549ms/step - loss: 10.4296 - accuracy: 0.1500 - val_loss: 3.0457 - val_accuracy: 0.2000 - lr: 1.0000e-04
Epoch 3/10
2/2 [==============================] - 1s 623ms/step - loss: 8.7905 - accuracy: 0.2167 - val_loss: 3.0463 - val_accuracy: 0.2000 - lr: 1.0000e-04
Epoch 4/10
2/2 [==============================] - 1s 550ms/step - loss: 8.7151 - accuracy: 0.2000 - val_loss: 3.0525 - val_accuracy: 0.4000 - lr: 1.0000e-04
Evaluating the model...
1/1 [==============================] - 0s 102ms/step - loss: 3.0384 - accuracy: 0.4286
Test accuracy: 0.4285714328289032, Validation loss: 3.045738697052002
Saving results to CSV...

Running training with params: (0.0001, 0.7, 32, 40, 0.2, 15)
Loading training data...
Found 60 images belonging to 6 classes.
Loading validation data...
Found 5 images belonging to 6 classes.
Loading test data...
Found 7 images belonging to 6 classes.
Number of classes: 6
Computing class weights...
Class weights: {0: 1.0, 1: 1.0, 2: 1.0, 3: 1.0, 4: 1.0, 5: 1.0}
Creating model with learning rate: 0.0001, dropout: 0.7, filters: 32
Model created and compiled.
Training the model...
Epoch 1/15
2/2 [==============================] - 2s 607ms/step - loss: 8.1666 - accuracy: 0.1833 - val_loss: 3.0730 - val_accuracy: 0.0000e+00 - lr: 1.0000e-04
Epoch 2/15
2/2 [==============================] - 1s 487ms/step - loss: 9.9910 - accuracy: 0.1500 - val_loss: 3.0653 - val_accuracy: 0.2000 - lr: 1.0000e-04
Epoch 3/15
2/2 [==============================] - 1s 479ms/step - loss: 8.4489 - accuracy: 0.1500 - val_loss: 3.0513 - val_accuracy: 0.2000 - lr: 1.0000e-04
Epoch 4/15
2/2 [==============================] - 1s 497ms/step - loss: 8.5618 - accuracy: 0.1667 - val_loss: 3.0464 - val_accuracy: 0.2000 - lr: 1.0000e-04
Epoch 5/15
2/2 [==============================] - 1s 482ms/step - loss: 8.2625 - accuracy: 0.1500 - val_loss: 3.0444 - val_accuracy: 0.2000 - lr: 1.0000e-04
Epoch 6/15
2/2 [==============================] - 1s 524ms/step - loss: 8.3992 - accuracy: 0.1667 - val_loss: 3.0424 - val_accuracy: 0.0000e+00 - lr: 1.0000e-04
Epoch 7/15
2/2 [==============================] - 1s 564ms/step - loss: 8.0062 - accuracy: 0.2000 - val_loss: 3.0377 - val_accuracy: 0.2000 - lr: 1.0000e-04
Epoch 8/15
2/2 [==============================] - 1s 615ms/step - loss: 9.2644 - accuracy: 0.1833 - val_loss: 3.0304 - val_accuracy: 0.2000 - lr: 1.0000e-04
Epoch 9/15
2/2 [==============================] - 1s 578ms/step - loss: 7.7280 - accuracy: 0.2167 - val_loss: 3.0160 - val_accuracy: 0.4000 - lr: 1.0000e-04
Epoch 10/15
2/2 [==============================] - 1s 596ms/step - loss: 8.0091 - accuracy: 0.2500 - val_loss: 3.0021 - val_accuracy: 0.4000 - lr: 1.0000e-04
Epoch 11/15
2/2 [==============================] - 1s 565ms/step - loss: 8.8465 - accuracy: 0.1500 - val_loss: 2.9940 - val_accuracy: 0.4000 - lr: 1.0000e-04
Epoch 12/15
2/2 [==============================] - 1s 488ms/step - loss: 7.8721 - accuracy: 0.2000 - val_loss: 2.9819 - val_accuracy: 0.4000 - lr: 1.0000e-04
Epoch 13/15
2/2 [==============================] - 1s 570ms/step - loss: 6.5135 - accuracy: 0.3167 - val_loss: 2.9727 - val_accuracy: 0.4000 - lr: 1.0000e-04
Epoch 14/15
2/2 [==============================] - 1s 597ms/step - loss: 7.4064 - accuracy: 0.2333 - val_loss: 2.9663 - val_accuracy: 0.4000 - lr: 1.0000e-04
Epoch 15/15
2/2 [==============================] - 1s 597ms/step - loss: 6.4502 - accuracy: 0.3167 - val_loss: 2.9645 - val_accuracy: 0.4000 - lr: 1.0000e-04
Evaluating the model...
1/1 [==============================] - 0s 102ms/step - loss: 2.9868 - accuracy: 0.4286
Test accuracy: 0.4285714328289032, Validation loss: 2.9645352363586426
Saving results to CSV...

Running training with params: (0.0001, 0.7, 32, 40, 0.3, 10)
Loading training data...
Found 60 images belonging to 6 classes.
Loading validation data...
Found 5 images belonging to 6 classes.
Loading test data...
Found 7 images belonging to 6 classes.
Number of classes: 6
Computing class weights...
Class weights: {0: 1.0, 1: 1.0, 2: 1.0, 3: 1.0, 4: 1.0, 5: 1.0}
Creating model with learning rate: 0.0001, dropout: 0.7, filters: 32
Model created and compiled.
Training the model...
Epoch 1/10
2/2 [==============================] - 2s 615ms/step - loss: 8.8952 - accuracy: 0.2500 - val_loss: 3.0764 - val_accuracy: 0.0000e+00 - lr: 1.0000e-04
Epoch 2/10
2/2 [==============================] - 1s 563ms/step - loss: 9.7350 - accuracy: 0.1667 - val_loss: 3.0724 - val_accuracy: 0.0000e+00 - lr: 1.0000e-04
Epoch 3/10
2/2 [==============================] - 1s 469ms/step - loss: 9.1423 - accuracy: 0.1667 - val_loss: 3.0736 - val_accuracy: 0.2000 - lr: 1.0000e-04
Epoch 4/10
2/2 [==============================] - 1s 573ms/step - loss: 8.9169 - accuracy: 0.2333 - val_loss: 3.0641 - val_accuracy: 0.2000 - lr: 1.0000e-04
Epoch 5/10
2/2 [==============================] - 1s 497ms/step - loss: 8.5563 - accuracy: 0.1667 - val_loss: 3.0524 - val_accuracy: 0.4000 - lr: 1.0000e-04
Epoch 6/10
2/2 [==============================] - 1s 558ms/step - loss: 7.6288 - accuracy: 0.2000 - val_loss: 3.0408 - val_accuracy: 0.2000 - lr: 1.0000e-04
Epoch 7/10
2/2 [==============================] - 1s 564ms/step - loss: 8.0735 - accuracy: 0.2167 - val_loss: 3.0283 - val_accuracy: 0.2000 - lr: 1.0000e-04
Epoch 8/10
2/2 [==============================] - 1s 535ms/step - loss: 7.5625 - accuracy: 0.3000 - val_loss: 3.0136 - val_accuracy: 0.2000 - lr: 1.0000e-04
Epoch 9/10
2/2 [==============================] - 1s 477ms/step - loss: 8.6708 - accuracy: 0.2667 - val_loss: 3.0070 - val_accuracy: 0.2000 - lr: 1.0000e-04
Epoch 10/10
2/2 [==============================] - 1s 598ms/step - loss: 8.4958 - accuracy: 0.1667 - val_loss: 3.0024 - val_accuracy: 0.2000 - lr: 1.0000e-04
Evaluating the model...
1/1 [==============================] - 0s 104ms/step - loss: 2.9723 - accuracy: 0.2857
Test accuracy: 0.2857142984867096, Validation loss: 3.002434730529785
Saving results to CSV...

Running training with params: (0.0001, 0.7, 32, 40, 0.3, 15)
Loading training data...
Found 60 images belonging to 6 classes.
Loading validation data...
Found 5 images belonging to 6 classes.
Loading test data...
Found 7 images belonging to 6 classes.
Number of classes: 6
Computing class weights...
Class weights: {0: 1.0, 1: 1.0, 2: 1.0, 3: 1.0, 4: 1.0, 5: 1.0}
Creating model with learning rate: 0.0001, dropout: 0.7, filters: 32
Model created and compiled.
Training the model...
Epoch 1/15
2/2 [==============================] - 2s 758ms/step - loss: 10.9180 - accuracy: 0.1500 - val_loss: 3.0916 - val_accuracy: 0.0000e+00 - lr: 1.0000e-04
Epoch 2/15
2/2 [==============================] - 1s 493ms/step - loss: 10.6064 - accuracy: 0.1833 - val_loss: 3.0930 - val_accuracy: 0.0000e+00 - lr: 1.0000e-04
Epoch 3/15
2/2 [==============================] - 1s 607ms/step - loss: 8.3715 - accuracy: 0.1667 - val_loss: 3.0802 - val_accuracy: 0.0000e+00 - lr: 1.0000e-04
Epoch 4/15
2/2 [==============================] - 1s 582ms/step - loss: 10.4815 - accuracy: 0.1333 - val_loss: 3.0751 - val_accuracy: 0.2000 - lr: 1.0000e-04
Epoch 5/15
2/2 [==============================] - 1s 468ms/step - loss: 8.1984 - accuracy: 0.1667 - val_loss: 3.0759 - val_accuracy: 0.4000 - lr: 1.0000e-04
Epoch 6/15
2/2 [==============================] - 1s 577ms/step - loss: 9.5134 - accuracy: 0.1667 - val_loss: 3.0749 - val_accuracy: 0.2000 - lr: 1.0000e-04
Epoch 7/15
2/2 [==============================] - 1s 599ms/step - loss: 8.4760 - accuracy: 0.2500 - val_loss: 3.0804 - val_accuracy: 0.2000 - lr: 1.0000e-04
Epoch 8/15
2/2 [==============================] - 1s 503ms/step - loss: 9.4502 - accuracy: 0.1833 - val_loss: 3.0850 - val_accuracy: 0.2000 - lr: 1.0000e-04
Evaluating the model...
1/1 [==============================] - 0s 103ms/step - loss: 3.0709 - accuracy: 0.1429
Test accuracy: 0.1428571492433548, Validation loss: 3.074936866760254
Saving results to CSV...

Running training with params: (0.0001, 0.7, 32, 50, 0.2, 10)
Loading training data...
Found 60 images belonging to 6 classes.
Loading validation data...
Found 5 images belonging to 6 classes.
Loading test data...
Found 7 images belonging to 6 classes.
Number of classes: 6
Computing class weights...
Class weights: {0: 1.0, 1: 1.0, 2: 1.0, 3: 1.0, 4: 1.0, 5: 1.0}
Creating model with learning rate: 0.0001, dropout: 0.7, filters: 32
Model created and compiled.
Training the model...
Epoch 1/10
2/2 [==============================] - 2s 744ms/step - loss: 8.3996 - accuracy: 0.2667 - val_loss: 3.0711 - val_accuracy: 0.0000e+00 - lr: 1.0000e-04
Epoch 2/10
2/2 [==============================] - 1s 588ms/step - loss: 9.5282 - accuracy: 0.2167 - val_loss: 3.0557 - val_accuracy: 0.4000 - lr: 1.0000e-04
Epoch 3/10
2/2 [==============================] - 1s 579ms/step - loss: 8.3060 - accuracy: 0.1833 - val_loss: 3.0452 - val_accuracy: 0.2000 - lr: 1.0000e-04
Epoch 4/10
2/2 [==============================] - 1s 591ms/step - loss: 9.5227 - accuracy: 0.1333 - val_loss: 3.0347 - val_accuracy: 0.2000 - lr: 1.0000e-04
Epoch 5/10
2/2 [==============================] - 1s 578ms/step - loss: 9.4061 - accuracy: 0.1833 - val_loss: 3.0255 - val_accuracy: 0.4000 - lr: 1.0000e-04
Epoch 6/10
2/2 [==============================] - 1s 569ms/step - loss: 8.6792 - accuracy: 0.1500 - val_loss: 3.0214 - val_accuracy: 0.4000 - lr: 1.0000e-04
Epoch 7/10
2/2 [==============================] - 1s 492ms/step - loss: 9.8670 - accuracy: 0.1500 - val_loss: 3.0165 - val_accuracy: 0.6000 - lr: 1.0000e-04
Epoch 8/10
2/2 [==============================] - 1s 508ms/step - loss: 9.8859 - accuracy: 0.2167 - val_loss: 3.0150 - val_accuracy: 0.6000 - lr: 1.0000e-04
Epoch 9/10
2/2 [==============================] - 1s 573ms/step - loss: 10.7200 - accuracy: 0.1833 - val_loss: 3.0164 - val_accuracy: 0.6000 - lr: 1.0000e-04
Epoch 10/10
2/2 [==============================] - 1s 499ms/step - loss: 8.3950 - accuracy: 0.3500 - val_loss: 3.0165 - val_accuracy: 0.6000 - lr: 1.0000e-04
Evaluating the model...
1/1 [==============================] - 0s 105ms/step - loss: 3.0413 - accuracy: 0.4286
Test accuracy: 0.4285714328289032, Validation loss: 3.0150020122528076
Saving results to CSV...

Running training with params: (0.0001, 0.7, 32, 50, 0.2, 15)
Loading training data...
Found 60 images belonging to 6 classes.
Loading validation data...
Found 5 images belonging to 6 classes.
Loading test data...
Found 7 images belonging to 6 classes.
Number of classes: 6
Computing class weights...
Class weights: {0: 1.0, 1: 1.0, 2: 1.0, 3: 1.0, 4: 1.0, 5: 1.0}
Creating model with learning rate: 0.0001, dropout: 0.7, filters: 32
Model created and compiled.
Training the model...
Epoch 1/15
2/2 [==============================] - 2s 741ms/step - loss: 10.0579 - accuracy: 0.1333 - val_loss: 3.0095 - val_accuracy: 0.2000 - lr: 1.0000e-04
Epoch 2/15
2/2 [==============================] - 1s 514ms/step - loss: 9.6268 - accuracy: 0.2000 - val_loss: 3.0002 - val_accuracy: 0.4000 - lr: 1.0000e-04
Epoch 3/15
2/2 [==============================] - 1s 577ms/step - loss: 11.0746 - accuracy: 0.1000 - val_loss: 3.0009 - val_accuracy: 0.4000 - lr: 1.0000e-04
Epoch 4/15
2/2 [==============================] - 1s 576ms/step - loss: 9.5143 - accuracy: 0.0667 - val_loss: 3.0060 - val_accuracy: 0.4000 - lr: 1.0000e-04
Evaluating the model...
1/1 [==============================] - 0s 111ms/step - loss: 3.0769 - accuracy: 0.0000e+00
Test accuracy: 0.0, Validation loss: 3.0002262592315674
Saving results to CSV...

Running training with params: (0.0001, 0.7, 32, 50, 0.3, 10)
Loading training data...
Found 60 images belonging to 6 classes.
Loading validation data...
Found 5 images belonging to 6 classes.
Loading test data...
Found 7 images belonging to 6 classes.
Number of classes: 6
Computing class weights...
Class weights: {0: 1.0, 1: 1.0, 2: 1.0, 3: 1.0, 4: 1.0, 5: 1.0}
Creating model with learning rate: 0.0001, dropout: 0.7, filters: 32
Model created and compiled.
Training the model...
Epoch 1/10
2/2 [==============================] - 2s 662ms/step - loss: 9.7712 - accuracy: 0.1000 - val_loss: 3.1027 - val_accuracy: 0.0000e+00 - lr: 1.0000e-04
Epoch 2/10
2/2 [==============================] - 1s 557ms/step - loss: 7.9465 - accuracy: 0.1833 - val_loss: 3.1003 - val_accuracy: 0.0000e+00 - lr: 1.0000e-04
Epoch 3/10
2/2 [==============================] - 1s 504ms/step - loss: 10.2726 - accuracy: 0.1000 - val_loss: 3.0994 - val_accuracy: 0.0000e+00 - lr: 1.0000e-04
Epoch 4/10
2/2 [==============================] - 1s 609ms/step - loss: 9.4888 - accuracy: 0.1167 - val_loss: 3.0887 - val_accuracy: 0.0000e+00 - lr: 1.0000e-04
Epoch 5/10
2/2 [==============================] - 1s 589ms/step - loss: 9.6876 - accuracy: 0.1000 - val_loss: 3.0722 - val_accuracy: 0.0000e+00 - lr: 1.0000e-04
Epoch 6/10
2/2 [==============================] - 1s 612ms/step - loss: 8.5335 - accuracy: 0.2333 - val_loss: 3.0495 - val_accuracy: 0.4000 - lr: 1.0000e-04
Epoch 7/10
2/2 [==============================] - 1s 587ms/step - loss: 9.4767 - accuracy: 0.1000 - val_loss: 3.0249 - val_accuracy: 0.4000 - lr: 1.0000e-04
Epoch 8/10
2/2 [==============================] - 1s 489ms/step - loss: 9.9664 - accuracy: 0.2167 - val_loss: 3.0049 - val_accuracy: 0.2000 - lr: 1.0000e-04
Epoch 9/10
2/2 [==============================] - 1s 607ms/step - loss: 9.2788 - accuracy: 0.1667 - val_loss: 2.9843 - val_accuracy: 0.2000 - lr: 1.0000e-04
Epoch 10/10
2/2 [==============================] - 1s 514ms/step - loss: 6.7136 - accuracy: 0.2000 - val_loss: 2.9640 - val_accuracy: 0.2000 - lr: 1.0000e-04
Evaluating the model...
1/1 [==============================] - 0s 108ms/step - loss: 3.0197 - accuracy: 0.0000e+00
Test accuracy: 0.0, Validation loss: 2.964003562927246
Saving results to CSV...

Running training with params: (0.0001, 0.7, 32, 50, 0.3, 15)
Loading training data...
Found 60 images belonging to 6 classes.
Loading validation data...
Found 5 images belonging to 6 classes.
Loading test data...
Found 7 images belonging to 6 classes.
Number of classes: 6
Computing class weights...
Class weights: {0: 1.0, 1: 1.0, 2: 1.0, 3: 1.0, 4: 1.0, 5: 1.0}
Creating model with learning rate: 0.0001, dropout: 0.7, filters: 32
Model created and compiled.
Training the model...
Epoch 1/15
2/2 [==============================] - 2s 811ms/step - loss: 8.5641 - accuracy: 0.2500 - val_loss: 3.0893 - val_accuracy: 0.2000 - lr: 1.0000e-04
Epoch 2/15
2/2 [==============================] - 1s 597ms/step - loss: 10.6267 - accuracy: 0.1667 - val_loss: 3.0831 - val_accuracy: 0.2000 - lr: 1.0000e-04
Epoch 3/15
2/2 [==============================] - 1s 612ms/step - loss: 8.3126 - accuracy: 0.2500 - val_loss: 3.0734 - val_accuracy: 0.2000 - lr: 1.0000e-04
Epoch 4/15
2/2 [==============================] - 1s 501ms/step - loss: 8.9368 - accuracy: 0.1833 - val_loss: 3.0644 - val_accuracy: 0.2000 - lr: 1.0000e-04
Epoch 5/15
2/2 [==============================] - 1s 507ms/step - loss: 9.0916 - accuracy: 0.2500 - val_loss: 3.0635 - val_accuracy: 0.2000 - lr: 1.0000e-04
Epoch 6/15
2/2 [==============================] - 1s 493ms/step - loss: 10.6183 - accuracy: 0.1667 - val_loss: 3.0713 - val_accuracy: 0.2000 - lr: 1.0000e-04
Epoch 7/15
2/2 [==============================] - 1s 603ms/step - loss: 8.5800 - accuracy: 0.2167 - val_loss: 3.0835 - val_accuracy: 0.2000 - lr: 1.0000e-04
Evaluating the model...
1/1 [==============================] - 0s 108ms/step - loss: 3.1102 - accuracy: 0.1429
Test accuracy: 0.1428571492433548, Validation loss: 3.063509941101074
Saving results to CSV...

Running training with params: (0.0001, 0.7, 64, 40, 0.2, 10)
Loading training data...
Found 60 images belonging to 6 classes.
Loading validation data...
Found 5 images belonging to 6 classes.
Loading test data...
Found 7 images belonging to 6 classes.
Number of classes: 6
Computing class weights...
Class weights: {0: 1.0, 1: 1.0, 2: 1.0, 3: 1.0, 4: 1.0, 5: 1.0}
Creating model with learning rate: 0.0001, dropout: 0.7, filters: 64
Model created and compiled.
Training the model...
Epoch 1/10
2/2 [==============================] - 3s 896ms/step - loss: 11.5121 - accuracy: 0.1167 - val_loss: 3.3132 - val_accuracy: 0.2000 - lr: 1.0000e-04
Epoch 2/10
2/2 [==============================] - 2s 1s/step - loss: 9.9082 - accuracy: 0.2333 - val_loss: 3.3018 - val_accuracy: 0.4000 - lr: 1.0000e-04
Epoch 3/10
2/2 [==============================] - 2s 1s/step - loss: 9.9170 - accuracy: 0.1667 - val_loss: 3.3022 - val_accuracy: 0.4000 - lr: 1.0000e-04
Epoch 4/10
2/2 [==============================] - 3s 1s/step - loss: 9.4070 - accuracy: 0.2667 - val_loss: 3.3149 - val_accuracy: 0.2000 - lr: 1.0000e-04
Evaluating the model...
1/1 [==============================] - 0s 160ms/step - loss: 3.3204 - accuracy: 0.2857
Test accuracy: 0.2857142984867096, Validation loss: 3.301776170730591
Saving results to CSV...

Running training with params: (0.0001, 0.7, 64, 40, 0.2, 15)
Loading training data...
Found 60 images belonging to 6 classes.
Loading validation data...
Found 5 images belonging to 6 classes.
Loading test data...
Found 7 images belonging to 6 classes.
Number of classes: 6
Computing class weights...
Class weights: {0: 1.0, 1: 1.0, 2: 1.0, 3: 1.0, 4: 1.0, 5: 1.0}
Creating model with learning rate: 0.0001, dropout: 0.7, filters: 64
Model created and compiled.
Training the model...
Epoch 1/15
2/2 [==============================] - 3s 1s/step - loss: 9.0386 - accuracy: 0.1000 - val_loss: 3.3281 - val_accuracy: 0.0000e+00 - lr: 1.0000e-04
Epoch 2/15
2/2 [==============================] - 3s 1s/step - loss: 9.5818 - accuracy: 0.2167 - val_loss: 3.3299 - val_accuracy: 0.0000e+00 - lr: 1.0000e-04
Epoch 3/15
2/2 [==============================] - 3s 1s/step - loss: 9.1581 - accuracy: 0.2333 - val_loss: 3.3477 - val_accuracy: 0.0000e+00 - lr: 1.0000e-04
Evaluating the model...
1/1 [==============================] - 0s 190ms/step - loss: 3.3297 - accuracy: 0.0000e+00
Test accuracy: 0.0, Validation loss: 3.328057050704956
Saving results to CSV...

Running training with params: (0.0001, 0.7, 64, 40, 0.3, 10)
Loading training data...
Found 60 images belonging to 6 classes.
Loading validation data...
Found 5 images belonging to 6 classes.
Loading test data...
Found 7 images belonging to 6 classes.
Number of classes: 6
Computing class weights...
Class weights: {0: 1.0, 1: 1.0, 2: 1.0, 3: 1.0, 4: 1.0, 5: 1.0}
Creating model with learning rate: 0.0001, dropout: 0.7, filters: 64
Model created and compiled.
Training the model...
Epoch 1/10
2/2 [==============================] - 4s 2s/step - loss: 8.8551 - accuracy: 0.1167 - val_loss: 3.3636 - val_accuracy: 0.0000e+00 - lr: 1.0000e-04
Epoch 2/10
2/2 [==============================] - 3s 2s/step - loss: 12.2296 - accuracy: 0.1167 - val_loss: 3.3627 - val_accuracy: 0.0000e+00 - lr: 1.0000e-04
Epoch 3/10
2/2 [==============================] - 3s 1s/step - loss: 9.4679 - accuracy: 0.3167 - val_loss: 3.3586 - val_accuracy: 0.0000e+00 - lr: 1.0000e-04
Epoch 4/10
2/2 [==============================] - 3s 1s/step - loss: 10.1863 - accuracy: 0.1833 - val_loss: 3.3617 - val_accuracy: 0.0000e+00 - lr: 1.0000e-04
Epoch 5/10
2/2 [==============================] - 3s 2s/step - loss: 10.5649 - accuracy: 0.2000 - val_loss: 3.3688 - val_accuracy: 0.0000e+00 - lr: 1.0000e-04
Evaluating the model...
1/1 [==============================] - 0s 175ms/step - loss: 3.3365 - accuracy: 0.0000e+00
Test accuracy: 0.0, Validation loss: 3.3586437702178955
Saving results to CSV...

Running training with params: (0.0001, 0.7, 64, 40, 0.3, 15)
Loading training data...
Found 60 images belonging to 6 classes.
Loading validation data...
Found 5 images belonging to 6 classes.
Loading test data...
Found 7 images belonging to 6 classes.
Number of classes: 6
Computing class weights...
Class weights: {0: 1.0, 1: 1.0, 2: 1.0, 3: 1.0, 4: 1.0, 5: 1.0}
Creating model with learning rate: 0.0001, dropout: 0.7, filters: 64
Model created and compiled.
Training the model...
Epoch 1/15
2/2 [==============================] - 4s 2s/step - loss: 10.8674 - accuracy: 0.2000 - val_loss: 3.3161 - val_accuracy: 0.2000 - lr: 1.0000e-04
Epoch 2/15
2/2 [==============================] - 3s 2s/step - loss: 9.7621 - accuracy: 0.2333 - val_loss: 3.3263 - val_accuracy: 0.2000 - lr: 1.0000e-04
Epoch 3/15
2/2 [==============================] - 3s 2s/step - loss: 10.5406 - accuracy: 0.2500 - val_loss: 3.3472 - val_accuracy: 0.2000 - lr: 1.0000e-04
Evaluating the model...
1/1 [==============================] - 0s 188ms/step - loss: 3.3232 - accuracy: 0.0000e+00
Test accuracy: 0.0, Validation loss: 3.316084623336792
Saving results to CSV...

Running training with params: (0.0001, 0.7, 64, 50, 0.2, 10)
Loading training data...
Found 60 images belonging to 6 classes.
Loading validation data...
Found 5 images belonging to 6 classes.
Loading test data...
Found 7 images belonging to 6 classes.
Number of classes: 6
Computing class weights...
Class weights: {0: 1.0, 1: 1.0, 2: 1.0, 3: 1.0, 4: 1.0, 5: 1.0}
Creating model with learning rate: 0.0001, dropout: 0.7, filters: 64
Model created and compiled.
Training the model...
Epoch 1/10
2/2 [==============================] - 4s 2s/step - loss: 11.0855 - accuracy: 0.1667 - val_loss: 3.2920 - val_accuracy: 0.2000 - lr: 1.0000e-04
Epoch 2/10
2/2 [==============================] - 3s 1s/step - loss: 9.7128 - accuracy: 0.2333 - val_loss: 3.2982 - val_accuracy: 0.4000 - lr: 1.0000e-04
Epoch 3/10
2/2 [==============================] - 3s 2s/step - loss: 10.3709 - accuracy: 0.1833 - val_loss: 3.3020 - val_accuracy: 0.4000 - lr: 1.0000e-04
Evaluating the model...
1/1 [==============================] - 0s 186ms/step - loss: 3.2716 - accuracy: 0.2857
Test accuracy: 0.2857142984867096, Validation loss: 3.291999101638794
Saving results to CSV...

Running training with params: (0.0001, 0.7, 64, 50, 0.2, 15)
Loading training data...
Found 60 images belonging to 6 classes.
Loading validation data...
Found 5 images belonging to 6 classes.
Loading test data...
Found 7 images belonging to 6 classes.
Number of classes: 6
Computing class weights...
Class weights: {0: 1.0, 1: 1.0, 2: 1.0, 3: 1.0, 4: 1.0, 5: 1.0}
Creating model with learning rate: 0.0001, dropout: 0.7, filters: 64
Model created and compiled.
Training the model...
Epoch 1/15
2/2 [==============================] - 4s 2s/step - loss: 12.3139 - accuracy: 0.0833 - val_loss: 3.2834 - val_accuracy: 0.2000 - lr: 1.0000e-04
Epoch 2/15
2/2 [==============================] - 3s 1s/step - loss: 8.9550 - accuracy: 0.2667 - val_loss: 3.2834 - val_accuracy: 0.2000 - lr: 1.0000e-04
Epoch 3/15
2/2 [==============================] - 3s 2s/step - loss: 10.5573 - accuracy: 0.2000 - val_loss: 3.2820 - val_accuracy: 0.2000 - lr: 1.0000e-04
Epoch 4/15
2/2 [==============================] - 3s 2s/step - loss: 9.6702 - accuracy: 0.1500 - val_loss: 3.2695 - val_accuracy: 0.4000 - lr: 1.0000e-04
Epoch 5/15
2/2 [==============================] - 3s 1s/step - loss: 9.7382 - accuracy: 0.1333 - val_loss: 3.2564 - val_accuracy: 0.4000 - lr: 1.0000e-04
Epoch 6/15
2/2 [==============================] - 3s 1s/step - loss: 8.5913 - accuracy: 0.2167 - val_loss: 3.2388 - val_accuracy: 0.4000 - lr: 1.0000e-04
Epoch 7/15
2/2 [==============================] - 3s 2s/step - loss: 8.9441 - accuracy: 0.2333 - val_loss: 3.2179 - val_accuracy: 0.4000 - lr: 1.0000e-04
Epoch 8/15
2/2 [==============================] - 3s 1s/step - loss: 10.1239 - accuracy: 0.2000 - val_loss: 3.1938 - val_accuracy: 0.4000 - lr: 1.0000e-04
Epoch 9/15
2/2 [==============================] - 3s 1s/step - loss: 10.1613 - accuracy: 0.2333 - val_loss: 3.1774 - val_accuracy: 0.4000 - lr: 1.0000e-04
Epoch 10/15
2/2 [==============================] - 3s 1s/step - loss: 8.8803 - accuracy: 0.2333 - val_loss: 3.1654 - val_accuracy: 0.4000 - lr: 1.0000e-04
Epoch 11/15
2/2 [==============================] - 2s 1s/step - loss: 7.5822 - accuracy: 0.2833 - val_loss: 3.1534 - val_accuracy: 0.4000 - lr: 1.0000e-04
Epoch 12/15
2/2 [==============================] - 2s 1s/step - loss: 8.8264 - accuracy: 0.1833 - val_loss: 3.1370 - val_accuracy: 0.4000 - lr: 1.0000e-04
Epoch 13/15
2/2 [==============================] - 2s 1s/step - loss: 8.4901 - accuracy: 0.2167 - val_loss: 3.1276 - val_accuracy: 0.4000 - lr: 1.0000e-04
Epoch 14/15
2/2 [==============================] - 2s 1s/step - loss: 8.2519 - accuracy: 0.2667 - val_loss: 3.1237 - val_accuracy: 0.4000 - lr: 1.0000e-04
Epoch 15/15
2/2 [==============================] - 2s 1s/step - loss: 7.4990 - accuracy: 0.2667 - val_loss: 3.1269 - val_accuracy: 0.4000 - lr: 1.0000e-04
Evaluating the model...
1/1 [==============================] - 0s 141ms/step - loss: 3.4465 - accuracy: 0.4286
Test accuracy: 0.4285714328289032, Validation loss: 3.1236891746520996
Saving results to CSV...

Running training with params: (0.0001, 0.7, 64, 50, 0.3, 10)
Loading training data...
Found 60 images belonging to 6 classes.
Loading validation data...
Found 5 images belonging to 6 classes.
Loading test data...
Found 7 images belonging to 6 classes.
Number of classes: 6
Computing class weights...
Class weights: {0: 1.0, 1: 1.0, 2: 1.0, 3: 1.0, 4: 1.0, 5: 1.0}
Creating model with learning rate: 0.0001, dropout: 0.7, filters: 64
Model created and compiled.
Training the model...
Epoch 1/10
2/2 [==============================] - 3s 1s/step - loss: 8.1293 - accuracy: 0.1833 - val_loss: 3.3489 - val_accuracy: 0.2000 - lr: 1.0000e-04
Epoch 2/10
2/2 [==============================] - 2s 1s/step - loss: 10.3925 - accuracy: 0.2167 - val_loss: 3.3450 - val_accuracy: 0.2000 - lr: 1.0000e-04
Epoch 3/10
2/2 [==============================] - 2s 1s/step - loss: 10.2812 - accuracy: 0.1833 - val_loss: 3.3339 - val_accuracy: 0.4000 - lr: 1.0000e-04
Epoch 4/10
2/2 [==============================] - 2s 1s/step - loss: 10.7025 - accuracy: 0.2000 - val_loss: 3.3162 - val_accuracy: 0.2000 - lr: 1.0000e-04
Epoch 5/10
2/2 [==============================] - 2s 846ms/step - loss: 11.6070 - accuracy: 0.2333 - val_loss: 3.2941 - val_accuracy: 0.2000 - lr: 1.0000e-04
Epoch 6/10
2/2 [==============================] - 2s 983ms/step - loss: 12.6495 - accuracy: 0.0833 - val_loss: 3.2670 - val_accuracy: 0.2000 - lr: 1.0000e-04
Epoch 7/10
2/2 [==============================] - 2s 1000ms/step - loss: 9.8828 - accuracy: 0.2333 - val_loss: 3.2513 - val_accuracy: 0.2000 - lr: 1.0000e-04
Epoch 8/10
2/2 [==============================] - 2s 1s/step - loss: 7.8929 - accuracy: 0.2667 - val_loss: 3.2325 - val_accuracy: 0.2000 - lr: 1.0000e-04
Epoch 9/10
2/2 [==============================] - 2s 1s/step - loss: 9.8048 - accuracy: 0.2667 - val_loss: 3.2200 - val_accuracy: 0.2000 - lr: 1.0000e-04
Epoch 10/10
2/2 [==============================] - 2s 1000ms/step - loss: 7.8097 - accuracy: 0.2167 - val_loss: 3.2098 - val_accuracy: 0.2000 - lr: 1.0000e-04
Evaluating the model...
1/1 [==============================] - 0s 134ms/step - loss: 3.3492 - accuracy: 0.2857
Test accuracy: 0.2857142984867096, Validation loss: 3.2097747325897217
Saving results to CSV...

Running training with params: (0.0001, 0.7, 64, 50, 0.3, 15)
Loading training data...
Found 60 images belonging to 6 classes.
Loading validation data...
Found 5 images belonging to 6 classes.
Loading test data...
Found 7 images belonging to 6 classes.
Number of classes: 6
Computing class weights...
Class weights: {0: 1.0, 1: 1.0, 2: 1.0, 3: 1.0, 4: 1.0, 5: 1.0}
Creating model with learning rate: 0.0001, dropout: 0.7, filters: 64
Model created and compiled.
Training the model...
Epoch 1/15
2/2 [==============================] - 2s 915ms/step - loss: 10.8515 - accuracy: 0.1667 - val_loss: 3.3047 - val_accuracy: 0.4000 - lr: 1.0000e-04
Epoch 2/15
2/2 [==============================] - 2s 766ms/step - loss: 9.4483 - accuracy: 0.1333 - val_loss: 3.3150 - val_accuracy: 0.4000 - lr: 1.0000e-04
Epoch 3/15
2/2 [==============================] - 2s 931ms/step - loss: 10.2594 - accuracy: 0.2333 - val_loss: 3.3320 - val_accuracy: 0.2000 - lr: 1.0000e-04
Evaluating the model...
1/1 [==============================] - 0s 130ms/step - loss: 3.3149 - accuracy: 0.0000e+00
Test accuracy: 0.0, Validation loss: 3.304720401763916
Saving results to CSV...
All experiments completed.

Process finished with exit code 0
