C:\Users\tom.zbc\PycharmProjects\fungis_bacterias_project\.venv\Scripts\python.exe C:\Users\tom.zbc\PycharmProjects\fungis_bacterias_project\3_model_training_and_evaluation_FNN_6_3pr.py
Class 'Aero' meets the sample requirement.
Class 'Bacillus' meets the sample requirement.
Class 'Bor' meets the sample requirement.
Class 'E' meets the sample requirement.
Class 'Morganella' meets the sample requirement.
Class 'stapholococcus' meets the sample requirement.
Data check passed for directory: 'C:/Users/tom.zbc/PycharmProjects/fungis_bacterias_project/data/train'
Class 'Aero' meets the sample requirement.
Warning: Class 'Bacillus' has only 0 samples, expected at least 2.
Warning: Class 'Bor' has only 1 samples, expected at least 2.
Warning: Class 'E' has only 0 samples, expected at least 2.
Warning: Class 'Morganella' has only 1 samples, expected at least 2.
Warning: Class 'stapholococcus' has only 1 samples, expected at least 2.
Data check passed for directory: 'C:/Users/tom.zbc/PycharmProjects/fungis_bacterias_project/data/validation'
Class 'Aero' meets the sample requirement.
Warning: Class 'Bacillus' has only 1 samples, expected at least 2.
Warning: Class 'Bor' has only 0 samples, expected at least 2.
Warning: Class 'E' has only 0 samples, expected at least 2.
Warning: Class 'Morganella' has only 1 samples, expected at least 2.
Class 'stapholococcus' meets the sample requirement.
Data check passed for directory: 'C:/Users/tom.zbc/PycharmProjects/fungis_bacterias_project/data/test'
Found 60 images belonging to 6 classes.
Found 5 images belonging to 6 classes.
Found 7 images belonging to 6 classes.
2024-09-24 11:36:29.863123: I tensorflow/core/platform/cpu_feature_guard.cc:182] This TensorFlow binary is optimized to use available CPU instructions in performance-critical operations.
To enable the following instructions: SSE SSE2 SSE3 SSE4.1 SSE4.2 AVX AVX2 AVX_VNNI FMA, in other operations, rebuild TensorFlow with the appropriate compiler flags.
Epoch 1/10
2/2 [==============================] - 2s 594ms/step - loss: 3.1403 - accuracy: 0.1333 - val_loss: 3.0772 - val_accuracy: 0.0000e+00 - lr: 0.0010
Epoch 2/10
2/2 [==============================] - 1s 512ms/step - loss: 2.8481 - accuracy: 0.1833 - val_loss: 2.8121 - val_accuracy: 0.2000 - lr: 0.0010
Epoch 3/10
2/2 [==============================] - 1s 429ms/step - loss: 2.6816 - accuracy: 0.2333 - val_loss: 2.6412 - val_accuracy: 0.2000 - lr: 0.0010
Epoch 4/10
2/2 [==============================] - 1s 444ms/step - loss: 2.5965 - accuracy: 0.2167 - val_loss: 2.5616 - val_accuracy: 0.2000 - lr: 0.0010
Epoch 5/10
2/2 [==============================] - 1s 503ms/step - loss: 2.5293 - accuracy: 0.2000 - val_loss: 2.5114 - val_accuracy: 0.2000 - lr: 0.0010
Epoch 6/10
2/2 [==============================] - 1s 415ms/step - loss: 2.4971 - accuracy: 0.1667 - val_loss: 2.4694 - val_accuracy: 0.2000 - lr: 0.0010
Epoch 7/10
2/2 [==============================] - 1s 497ms/step - loss: 2.4439 - accuracy: 0.2333 - val_loss: 2.4315 - val_accuracy: 0.2000 - lr: 0.0010
Epoch 8/10
2/2 [==============================] - 1s 437ms/step - loss: 2.4053 - accuracy: 0.1667 - val_loss: 2.4012 - val_accuracy: 0.2000 - lr: 0.0010
Epoch 9/10
2/2 [==============================] - 1s 429ms/step - loss: 2.3578 - accuracy: 0.2833 - val_loss: 2.3738 - val_accuracy: 0.2000 - lr: 0.0010
Epoch 10/10
2/2 [==============================] - 1s 430ms/step - loss: 2.3130 - accuracy: 0.3333 - val_loss: 2.3527 - val_accuracy: 0.2000 - lr: 0.0010
1/1 [==============================] - 0s 91ms/step - loss: 2.3769 - accuracy: 0.1429
Found 60 images belonging to 6 classes.
Found 5 images belonging to 6 classes.
Found 7 images belonging to 6 classes.
Epoch 1/30
2/2 [==============================] - 2s 636ms/step - loss: 3.0487 - accuracy: 0.0833 - val_loss: 2.8900 - val_accuracy: 0.0000e+00 - lr: 0.0010
Epoch 2/30
2/2 [==============================] - 1s 431ms/step - loss: 2.8032 - accuracy: 0.1667 - val_loss: 2.6038 - val_accuracy: 0.4000 - lr: 0.0010
Epoch 3/30
2/2 [==============================] - 1s 421ms/step - loss: 2.6373 - accuracy: 0.2000 - val_loss: 2.5092 - val_accuracy: 0.4000 - lr: 0.0010
Epoch 4/30
2/2 [==============================] - 1s 437ms/step - loss: 2.5529 - accuracy: 0.2500 - val_loss: 2.4492 - val_accuracy: 0.4000 - lr: 0.0010
Epoch 5/30
2/2 [==============================] - 1s 508ms/step - loss: 2.4731 - accuracy: 0.3000 - val_loss: 2.3920 - val_accuracy: 0.4000 - lr: 0.0010
Epoch 6/30
2/2 [==============================] - 1s 503ms/step - loss: 2.4120 - accuracy: 0.2833 - val_loss: 2.3322 - val_accuracy: 0.2000 - lr: 0.0010
Epoch 7/30
2/2 [==============================] - 1s 450ms/step - loss: 2.3423 - accuracy: 0.3667 - val_loss: 2.2798 - val_accuracy: 0.2000 - lr: 0.0010
Epoch 8/30
2/2 [==============================] - 1s 446ms/step - loss: 2.2962 - accuracy: 0.2333 - val_loss: 2.2044 - val_accuracy: 0.2000 - lr: 0.0010
Epoch 9/30
2/2 [==============================] - 1s 514ms/step - loss: 2.2737 - accuracy: 0.2667 - val_loss: 2.1137 - val_accuracy: 0.2000 - lr: 0.0010
Epoch 10/30
2/2 [==============================] - 1s 527ms/step - loss: 2.2138 - accuracy: 0.2833 - val_loss: 2.1509 - val_accuracy: 0.2000 - lr: 0.0010
1/1 [==============================] - 0s 89ms/step - loss: 2.2905 - accuracy: 0.1429
Found 60 images belonging to 6 classes.
Found 5 images belonging to 6 classes.
Found 7 images belonging to 6 classes.
Epoch 1/10
2/2 [==============================] - 2s 596ms/step - loss: 3.3505 - accuracy: 0.2167 - val_loss: 3.1176 - val_accuracy: 0.2000 - lr: 0.0010
Epoch 2/10
2/2 [==============================] - 1s 468ms/step - loss: 3.0200 - accuracy: 0.1667 - val_loss: 2.7133 - val_accuracy: 0.0000e+00 - lr: 0.0010
Epoch 3/10
2/2 [==============================] - 1s 525ms/step - loss: 2.7994 - accuracy: 0.2000 - val_loss: 2.7015 - val_accuracy: 0.0000e+00 - lr: 0.0010
Epoch 4/10
2/2 [==============================] - 1s 457ms/step - loss: 2.6935 - accuracy: 0.1333 - val_loss: 2.6516 - val_accuracy: 0.2000 - lr: 0.0010
Epoch 5/10
2/2 [==============================] - 1s 469ms/step - loss: 2.6484 - accuracy: 0.2167 - val_loss: 2.6263 - val_accuracy: 0.4000 - lr: 0.0010
Epoch 6/10
2/2 [==============================] - 1s 540ms/step - loss: 2.5983 - accuracy: 0.2667 - val_loss: 2.6014 - val_accuracy: 0.2000 - lr: 0.0010
Epoch 7/10
2/2 [==============================] - 1s 527ms/step - loss: 2.5968 - accuracy: 0.2500 - val_loss: 2.5000 - val_accuracy: 0.2000 - lr: 0.0010
Epoch 8/10
2/2 [==============================] - 1s 474ms/step - loss: 2.5175 - accuracy: 0.3000 - val_loss: 2.3854 - val_accuracy: 0.4000 - lr: 0.0010
Epoch 9/10
2/2 [==============================] - 1s 473ms/step - loss: 2.5423 - accuracy: 0.2167 - val_loss: 2.3042 - val_accuracy: 0.6000 - lr: 0.0010
Epoch 10/10
2/2 [==============================] - 1s 532ms/step - loss: 2.4931 - accuracy: 0.2167 - val_loss: 2.2844 - val_accuracy: 0.4000 - lr: 0.0010
1/1 [==============================] - 0s 89ms/step - loss: 2.5100 - accuracy: 0.2857
Found 60 images belonging to 6 classes.
Found 5 images belonging to 6 classes.
Found 7 images belonging to 6 classes.
Epoch 1/30
2/2 [==============================] - 2s 647ms/step - loss: 3.4205 - accuracy: 0.2000 - val_loss: 2.9577 - val_accuracy: 0.0000e+00 - lr: 0.0010
Epoch 2/30
2/2 [==============================] - 1s 505ms/step - loss: 2.7675 - accuracy: 0.2667 - val_loss: 2.8293 - val_accuracy: 0.2000 - lr: 0.0010
Epoch 3/30
2/2 [==============================] - 1s 434ms/step - loss: 2.6778 - accuracy: 0.2167 - val_loss: 2.6414 - val_accuracy: 0.2000 - lr: 0.0010
Epoch 4/30
2/2 [==============================] - 1s 443ms/step - loss: 2.6182 - accuracy: 0.1667 - val_loss: 2.5377 - val_accuracy: 0.2000 - lr: 0.0010
Epoch 5/30
2/2 [==============================] - 1s 436ms/step - loss: 2.5443 - accuracy: 0.2500 - val_loss: 2.4790 - val_accuracy: 0.4000 - lr: 0.0010
Epoch 6/30
2/2 [==============================] - 1s 446ms/step - loss: 2.4990 - accuracy: 0.2000 - val_loss: 2.4176 - val_accuracy: 0.4000 - lr: 0.0010
Epoch 7/30
2/2 [==============================] - 1s 457ms/step - loss: 2.4565 - accuracy: 0.2000 - val_loss: 2.3707 - val_accuracy: 0.2000 - lr: 0.0010
Epoch 8/30
2/2 [==============================] - 1s 459ms/step - loss: 2.4167 - accuracy: 0.2167 - val_loss: 2.3170 - val_accuracy: 0.2000 - lr: 0.0010
Epoch 9/30
2/2 [==============================] - 1s 516ms/step - loss: 2.3740 - accuracy: 0.2500 - val_loss: 2.2791 - val_accuracy: 0.2000 - lr: 0.0010
Epoch 10/30
2/2 [==============================] - 1s 508ms/step - loss: 2.3399 - accuracy: 0.2500 - val_loss: 2.2465 - val_accuracy: 0.6000 - lr: 0.0010
Epoch 11/30
2/2 [==============================] - 1s 516ms/step - loss: 2.3061 - accuracy: 0.2833 - val_loss: 2.2334 - val_accuracy: 0.6000 - lr: 0.0010
Epoch 12/30
2/2 [==============================] - 1s 516ms/step - loss: 2.2766 - accuracy: 0.3333 - val_loss: 2.2313 - val_accuracy: 0.4000 - lr: 0.0010
Epoch 13/30
2/2 [==============================] - 1s 524ms/step - loss: 2.2088 - accuracy: 0.2833 - val_loss: 2.1787 - val_accuracy: 0.6000 - lr: 0.0010
Epoch 14/30
2/2 [==============================] - 1s 464ms/step - loss: 2.2019 - accuracy: 0.2667 - val_loss: 2.1773 - val_accuracy: 0.4000 - lr: 0.0010
Epoch 15/30
2/2 [==============================] - 1s 525ms/step - loss: 2.1532 - accuracy: 0.2833 - val_loss: 2.2234 - val_accuracy: 0.4000 - lr: 0.0010
1/1 [==============================] - 0s 89ms/step - loss: 2.3527 - accuracy: 0.1429
Found 60 images belonging to 6 classes.
Found 5 images belonging to 6 classes.
Found 7 images belonging to 6 classes.
Epoch 1/10
2/2 [==============================] - 2s 599ms/step - loss: 3.2105 - accuracy: 0.1000 - val_loss: 2.9077 - val_accuracy: 0.2000 - lr: 0.0010
Epoch 2/10
2/2 [==============================] - 1s 473ms/step - loss: 2.8431 - accuracy: 0.1833 - val_loss: 2.7344 - val_accuracy: 0.2000 - lr: 0.0010
Epoch 3/10
2/2 [==============================] - 1s 483ms/step - loss: 2.6675 - accuracy: 0.2167 - val_loss: 2.5853 - val_accuracy: 0.2000 - lr: 0.0010
Epoch 4/10
2/2 [==============================] - 1s 538ms/step - loss: 2.6149 - accuracy: 0.1500 - val_loss: 2.5268 - val_accuracy: 0.4000 - lr: 0.0010
Epoch 5/10
2/2 [==============================] - 1s 476ms/step - loss: 2.5410 - accuracy: 0.1667 - val_loss: 2.4642 - val_accuracy: 0.4000 - lr: 0.0010
Epoch 6/10
2/2 [==============================] - 1s 535ms/step - loss: 2.4792 - accuracy: 0.2167 - val_loss: 2.4104 - val_accuracy: 0.4000 - lr: 0.0010
Epoch 7/10
2/2 [==============================] - 1s 561ms/step - loss: 2.4412 - accuracy: 0.1667 - val_loss: 2.3625 - val_accuracy: 0.2000 - lr: 0.0010
Epoch 8/10
2/2 [==============================] - 1s 525ms/step - loss: 2.3962 - accuracy: 0.2500 - val_loss: 2.3123 - val_accuracy: 0.4000 - lr: 0.0010
Epoch 9/10
2/2 [==============================] - 1s 534ms/step - loss: 2.3495 - accuracy: 0.3333 - val_loss: 2.2867 - val_accuracy: 0.4000 - lr: 0.0010
Epoch 10/10
2/2 [==============================] - 1s 437ms/step - loss: 2.2979 - accuracy: 0.2333 - val_loss: 2.2546 - val_accuracy: 0.4000 - lr: 0.0010
1/1 [==============================] - 0s 89ms/step - loss: 2.4346 - accuracy: 0.1429
Found 60 images belonging to 6 classes.
Found 5 images belonging to 6 classes.
Found 7 images belonging to 6 classes.
Epoch 1/30
2/2 [==============================] - 2s 672ms/step - loss: 3.1619 - accuracy: 0.1833 - val_loss: 2.7453 - val_accuracy: 0.2000 - lr: 0.0010
Epoch 2/30
2/2 [==============================] - 1s 554ms/step - loss: 2.8206 - accuracy: 0.1167 - val_loss: 2.6232 - val_accuracy: 0.4000 - lr: 0.0010
Epoch 3/30
2/2 [==============================] - 1s 526ms/step - loss: 2.6758 - accuracy: 0.1667 - val_loss: 2.5863 - val_accuracy: 0.2000 - lr: 0.0010
Epoch 4/30
2/2 [==============================] - 1s 485ms/step - loss: 2.5908 - accuracy: 0.1167 - val_loss: 2.5345 - val_accuracy: 0.4000 - lr: 0.0010
Epoch 5/30
2/2 [==============================] - 1s 541ms/step - loss: 2.5153 - accuracy: 0.1833 - val_loss: 2.4826 - val_accuracy: 0.2000 - lr: 0.0010
Epoch 6/30
2/2 [==============================] - 1s 551ms/step - loss: 2.4617 - accuracy: 0.2000 - val_loss: 2.4363 - val_accuracy: 0.2000 - lr: 0.0010
Epoch 7/30
2/2 [==============================] - 1s 477ms/step - loss: 2.4149 - accuracy: 0.2500 - val_loss: 2.3944 - val_accuracy: 0.2000 - lr: 0.0010
Epoch 8/30
2/2 [==============================] - 1s 491ms/step - loss: 2.3777 - accuracy: 0.2333 - val_loss: 2.3510 - val_accuracy: 0.2000 - lr: 0.0010
Epoch 9/30
2/2 [==============================] - 1s 471ms/step - loss: 2.3403 - accuracy: 0.2167 - val_loss: 2.2980 - val_accuracy: 0.2000 - lr: 0.0010
Epoch 10/30
2/2 [==============================] - 1s 542ms/step - loss: 2.2884 - accuracy: 0.2667 - val_loss: 2.2332 - val_accuracy: 0.4000 - lr: 0.0010
Epoch 11/30
2/2 [==============================] - 1s 537ms/step - loss: 2.2659 - accuracy: 0.2500 - val_loss: 2.1807 - val_accuracy: 0.2000 - lr: 0.0010
Epoch 12/30
2/2 [==============================] - 1s 538ms/step - loss: 2.2147 - accuracy: 0.2667 - val_loss: 2.0864 - val_accuracy: 0.6000 - lr: 0.0010
Epoch 13/30
2/2 [==============================] - 1s 523ms/step - loss: 2.1370 - accuracy: 0.2667 - val_loss: 2.0405 - val_accuracy: 0.4000 - lr: 0.0010
Epoch 14/30
2/2 [==============================] - 1s 557ms/step - loss: 2.1169 - accuracy: 0.2667 - val_loss: 2.0607 - val_accuracy: 0.2000 - lr: 0.0010
1/1 [==============================] - 0s 89ms/step - loss: 2.1664 - accuracy: 0.1429
Found 60 images belonging to 6 classes.
Found 5 images belonging to 6 classes.
Found 7 images belonging to 6 classes.
Epoch 1/10
2/2 [==============================] - 2s 616ms/step - loss: 3.1327 - accuracy: 0.2000 - val_loss: 2.6959 - val_accuracy: 0.2000 - lr: 0.0010
Epoch 2/10
2/2 [==============================] - 1s 578ms/step - loss: 2.8142 - accuracy: 0.1833 - val_loss: 2.7209 - val_accuracy: 0.2000 - lr: 0.0010
1/1 [==============================] - 0s 95ms/step - loss: 2.7548 - accuracy: 0.1429
Found 60 images belonging to 6 classes.
Found 5 images belonging to 6 classes.
Found 7 images belonging to 6 classes.
Epoch 1/30
2/2 [==============================] - 2s 722ms/step - loss: 2.9103 - accuracy: 0.1667 - val_loss: 2.9069 - val_accuracy: 0.2000 - lr: 0.0010
Epoch 2/30
2/2 [==============================] - 1s 554ms/step - loss: 2.7853 - accuracy: 0.2000 - val_loss: 2.7094 - val_accuracy: 0.2000 - lr: 0.0010
Epoch 3/30
2/2 [==============================] - 1s 562ms/step - loss: 2.6926 - accuracy: 0.2000 - val_loss: 2.5951 - val_accuracy: 0.4000 - lr: 0.0010
Epoch 4/30
2/2 [==============================] - 1s 486ms/step - loss: 2.6101 - accuracy: 0.1667 - val_loss: 2.5237 - val_accuracy: 0.2000 - lr: 0.0010
Epoch 5/30
2/2 [==============================] - 1s 566ms/step - loss: 2.5467 - accuracy: 0.2167 - val_loss: 2.4745 - val_accuracy: 0.2000 - lr: 0.0010
Epoch 6/30
2/2 [==============================] - 1s 571ms/step - loss: 2.4890 - accuracy: 0.2000 - val_loss: 2.4139 - val_accuracy: 0.6000 - lr: 0.0010
Epoch 7/30
2/2 [==============================] - 1s 506ms/step - loss: 2.4461 - accuracy: 0.2333 - val_loss: 2.3665 - val_accuracy: 0.2000 - lr: 0.0010
Epoch 8/30
2/2 [==============================] - 1s 505ms/step - loss: 2.3844 - accuracy: 0.2833 - val_loss: 2.2977 - val_accuracy: 0.4000 - lr: 0.0010
Epoch 9/30
2/2 [==============================] - 1s 562ms/step - loss: 2.3397 - accuracy: 0.2667 - val_loss: 2.2532 - val_accuracy: 0.2000 - lr: 0.0010
Epoch 10/30
2/2 [==============================] - 1s 546ms/step - loss: 2.2887 - accuracy: 0.3333 - val_loss: 2.2826 - val_accuracy: 0.2000 - lr: 0.0010
1/1 [==============================] - 0s 93ms/step - loss: 2.3576 - accuracy: 0.0000e+00
Found 60 images belonging to 6 classes.
Found 5 images belonging to 6 classes.
Found 7 images belonging to 6 classes.
Epoch 1/10
2/2 [==============================] - 2s 818ms/step - loss: 3.9976 - accuracy: 0.1000 - val_loss: 3.1066 - val_accuracy: 0.4000 - lr: 0.0010
Epoch 2/10
2/2 [==============================] - 2s 783ms/step - loss: 2.9849 - accuracy: 0.1333 - val_loss: 2.8123 - val_accuracy: 0.2000 - lr: 0.0010
Epoch 3/10
2/2 [==============================] - 2s 783ms/step - loss: 2.7856 - accuracy: 0.2000 - val_loss: 2.7364 - val_accuracy: 0.2000 - lr: 0.0010
Epoch 4/10
2/2 [==============================] - 2s 802ms/step - loss: 2.7181 - accuracy: 0.1667 - val_loss: 2.6991 - val_accuracy: 0.2000 - lr: 0.0010
Epoch 5/10
2/2 [==============================] - 2s 787ms/step - loss: 2.6867 - accuracy: 0.1667 - val_loss: 2.6684 - val_accuracy: 0.2000 - lr: 0.0010
Epoch 6/10
2/2 [==============================] - 2s 800ms/step - loss: 2.6579 - accuracy: 0.1833 - val_loss: 2.6444 - val_accuracy: 0.2000 - lr: 0.0010
Epoch 7/10
2/2 [==============================] - 2s 685ms/step - loss: 2.6342 - accuracy: 0.1333 - val_loss: 2.6218 - val_accuracy: 0.2000 - lr: 0.0010
Epoch 8/10
2/2 [==============================] - 2s 674ms/step - loss: 2.6111 - accuracy: 0.1833 - val_loss: 2.5926 - val_accuracy: 0.2000 - lr: 0.0010
Epoch 9/10
2/2 [==============================] - 2s 681ms/step - loss: 2.5677 - accuracy: 0.1667 - val_loss: 2.5617 - val_accuracy: 0.2000 - lr: 0.0010
Epoch 10/10
2/2 [==============================] - 2s 689ms/step - loss: 2.5370 - accuracy: 0.1833 - val_loss: 2.5346 - val_accuracy: 0.2000 - lr: 0.0010
1/1 [==============================] - 0s 109ms/step - loss: 2.6209 - accuracy: 0.0000e+00
Found 60 images belonging to 6 classes.
Found 5 images belonging to 6 classes.
Found 7 images belonging to 6 classes.
Epoch 1/30
2/2 [==============================] - 2s 937ms/step - loss: 3.4831 - accuracy: 0.1333 - val_loss: 3.2782 - val_accuracy: 0.2000 - lr: 0.0010
Epoch 2/30
2/2 [==============================] - 2s 827ms/step - loss: 2.9353 - accuracy: 0.1833 - val_loss: 2.7892 - val_accuracy: 0.0000e+00 - lr: 0.0010
Epoch 3/30
2/2 [==============================] - 2s 789ms/step - loss: 2.7685 - accuracy: 0.2167 - val_loss: 2.7087 - val_accuracy: 0.2000 - lr: 0.0010
Epoch 4/30
2/2 [==============================] - 2s 695ms/step - loss: 2.7121 - accuracy: 0.1333 - val_loss: 2.6507 - val_accuracy: 0.8000 - lr: 0.0010
Epoch 5/30
2/2 [==============================] - 2s 676ms/step - loss: 2.6639 - accuracy: 0.2333 - val_loss: 2.6119 - val_accuracy: 0.2000 - lr: 0.0010
Epoch 6/30
2/2 [==============================] - 2s 801ms/step - loss: 2.6080 - accuracy: 0.2500 - val_loss: 2.6246 - val_accuracy: 0.2000 - lr: 0.0010
1/1 [==============================] - 0s 108ms/step - loss: 2.6361 - accuracy: 0.1429
Found 60 images belonging to 6 classes.
Found 5 images belonging to 6 classes.
Found 7 images belonging to 6 classes.
Epoch 1/10
2/2 [==============================] - 2s 937ms/step - loss: 3.5397 - accuracy: 0.1667 - val_loss: 3.9313 - val_accuracy: 0.2000 - lr: 0.0010
Epoch 2/10
2/2 [==============================] - 2s 648ms/step - loss: 3.1333 - accuracy: 0.1833 - val_loss: 2.8984 - val_accuracy: 0.2000 - lr: 0.0010
Epoch 3/10
2/2 [==============================] - 2s 799ms/step - loss: 2.7685 - accuracy: 0.2667 - val_loss: 2.7613 - val_accuracy: 0.2000 - lr: 0.0010
Epoch 4/10
2/2 [==============================] - 2s 796ms/step - loss: 2.7230 - accuracy: 0.1833 - val_loss: 2.7204 - val_accuracy: 0.2000 - lr: 0.0010
Epoch 5/10
2/2 [==============================] - 2s 682ms/step - loss: 2.6939 - accuracy: 0.1333 - val_loss: 2.6872 - val_accuracy: 0.2000 - lr: 0.0010
Epoch 6/10
2/2 [==============================] - 2s 690ms/step - loss: 2.6640 - accuracy: 0.1833 - val_loss: 2.6608 - val_accuracy: 0.0000e+00 - lr: 0.0010
Epoch 7/10
2/2 [==============================] - 2s 705ms/step - loss: 2.6325 - accuracy: 0.2333 - val_loss: 2.6423 - val_accuracy: 0.2000 - lr: 0.0010
Epoch 8/10
2/2 [==============================] - 2s 806ms/step - loss: 2.6121 - accuracy: 0.2000 - val_loss: 2.6486 - val_accuracy: 0.2000 - lr: 0.0010
1/1 [==============================] - 0s 109ms/step - loss: 2.6355 - accuracy: 0.2857
Found 60 images belonging to 6 classes.
Found 5 images belonging to 6 classes.
Found 7 images belonging to 6 classes.
Epoch 1/30
2/2 [==============================] - 2s 853ms/step - loss: 4.8060 - accuracy: 0.1667 - val_loss: 3.6682 - val_accuracy: 0.2000 - lr: 0.0010
Epoch 2/30
2/2 [==============================] - 2s 703ms/step - loss: 3.2358 - accuracy: 0.2000 - val_loss: 2.8631 - val_accuracy: 0.0000e+00 - lr: 0.0010
Epoch 3/30
2/2 [==============================] - 2s 678ms/step - loss: 2.8155 - accuracy: 0.1667 - val_loss: 2.7700 - val_accuracy: 0.2000 - lr: 0.0010
Epoch 4/30
2/2 [==============================] - 2s 799ms/step - loss: 2.7594 - accuracy: 0.1833 - val_loss: 2.7394 - val_accuracy: 0.2000 - lr: 0.0010
Epoch 5/30
2/2 [==============================] - 2s 806ms/step - loss: 2.7304 - accuracy: 0.2167 - val_loss: 2.7183 - val_accuracy: 0.4000 - lr: 0.0010
Epoch 6/30
2/2 [==============================] - 2s 823ms/step - loss: 2.7042 - accuracy: 0.1833 - val_loss: 2.6865 - val_accuracy: 0.2000 - lr: 0.0010
Epoch 7/30
2/2 [==============================] - 2s 690ms/step - loss: 2.6870 - accuracy: 0.1167 - val_loss: 2.6399 - val_accuracy: 0.2000 - lr: 0.0010
Epoch 8/30
2/2 [==============================] - 2s 686ms/step - loss: 2.6442 - accuracy: 0.1667 - val_loss: 2.5637 - val_accuracy: 0.2000 - lr: 0.0010
Epoch 9/30
2/2 [==============================] - 2s 783ms/step - loss: 2.6120 - accuracy: 0.1667 - val_loss: 2.4806 - val_accuracy: 0.2000 - lr: 0.0010
Epoch 10/30
2/2 [==============================] - 2s 800ms/step - loss: 2.5884 - accuracy: 0.2167 - val_loss: 2.5012 - val_accuracy: 0.2000 - lr: 0.0010
1/1 [==============================] - 0s 109ms/step - loss: 2.5003 - accuracy: 0.2857
Found 60 images belonging to 6 classes.
Found 5 images belonging to 6 classes.
Found 7 images belonging to 6 classes.
Epoch 1/10
2/2 [==============================] - 2s 1s/step - loss: 3.6261 - accuracy: 0.1500 - val_loss: 2.8536 - val_accuracy: 0.2000 - lr: 0.0010
Epoch 2/10
2/2 [==============================] - 2s 807ms/step - loss: 2.9593 - accuracy: 0.1167 - val_loss: 2.8559 - val_accuracy: 0.0000e+00 - lr: 0.0010
1/1 [==============================] - 0s 113ms/step - loss: 2.8608 - accuracy: 0.0000e+00
Found 60 images belonging to 6 classes.
Found 5 images belonging to 6 classes.
Found 7 images belonging to 6 classes.
Epoch 1/30
2/2 [==============================] - 2s 842ms/step - loss: 3.5474 - accuracy: 0.1333 - val_loss: 3.6777 - val_accuracy: 0.2000 - lr: 0.0010
Epoch 2/30
2/2 [==============================] - 2s 781ms/step - loss: 3.0332 - accuracy: 0.1500 - val_loss: 2.8364 - val_accuracy: 0.0000e+00 - lr: 0.0010
Epoch 3/30
2/2 [==============================] - 2s 808ms/step - loss: 2.7677 - accuracy: 0.2000 - val_loss: 2.7368 - val_accuracy: 0.0000e+00 - lr: 0.0010
Epoch 4/30
2/2 [==============================] - 2s 680ms/step - loss: 2.7202 - accuracy: 0.1000 - val_loss: 2.6949 - val_accuracy: 0.0000e+00 - lr: 0.0010
Epoch 5/30
2/2 [==============================] - 2s 785ms/step - loss: 2.6792 - accuracy: 0.2333 - val_loss: 2.6902 - val_accuracy: 0.0000e+00 - lr: 0.0010
Epoch 6/30
2/2 [==============================] - 2s 823ms/step - loss: 2.6473 - accuracy: 0.2500 - val_loss: 2.6797 - val_accuracy: 0.2000 - lr: 0.0010
Epoch 7/30
2/2 [==============================] - 2s 775ms/step - loss: 2.6136 - accuracy: 0.1833 - val_loss: 2.6629 - val_accuracy: 0.2000 - lr: 0.0010
Epoch 8/30
2/2 [==============================] - 2s 683ms/step - loss: 2.6399 - accuracy: 0.0833 - val_loss: 2.5865 - val_accuracy: 0.2000 - lr: 0.0010
Epoch 9/30
2/2 [==============================] - 2s 716ms/step - loss: 2.5670 - accuracy: 0.2000 - val_loss: 2.5319 - val_accuracy: 0.2000 - lr: 0.0010
Epoch 10/30
2/2 [==============================] - 2s 662ms/step - loss: 2.5027 - accuracy: 0.2500 - val_loss: 2.4916 - val_accuracy: 0.4000 - lr: 0.0010
Epoch 11/30
2/2 [==============================] - 2s 711ms/step - loss: 2.4612 - accuracy: 0.2500 - val_loss: 2.4127 - val_accuracy: 0.4000 - lr: 0.0010
Epoch 12/30
2/2 [==============================] - 2s 709ms/step - loss: 2.3987 - accuracy: 0.3000 - val_loss: 2.3739 - val_accuracy: 0.2000 - lr: 0.0010
Epoch 13/30
2/2 [==============================] - 2s 663ms/step - loss: 2.4364 - accuracy: 0.2333 - val_loss: 2.4129 - val_accuracy: 0.2000 - lr: 0.0010
1/1 [==============================] - 0s 115ms/step - loss: 2.5462 - accuracy: 0.0000e+00
Found 60 images belonging to 6 classes.
Found 5 images belonging to 6 classes.
Found 7 images belonging to 6 classes.
Epoch 1/10
2/2 [==============================] - 2s 975ms/step - loss: 3.4868 - accuracy: 0.1500 - val_loss: 2.8355 - val_accuracy: 0.2000 - lr: 0.0010
Epoch 2/10
2/2 [==============================] - 2s 814ms/step - loss: 2.9717 - accuracy: 0.1833 - val_loss: 2.7547 - val_accuracy: 0.2000 - lr: 0.0010
Epoch 3/10
2/2 [==============================] - 2s 700ms/step - loss: 2.8244 - accuracy: 0.1667 - val_loss: 2.7572 - val_accuracy: 0.2000 - lr: 0.0010
1/1 [==============================] - 0s 118ms/step - loss: 2.8655 - accuracy: 0.0000e+00
Found 60 images belonging to 6 classes.
Found 5 images belonging to 6 classes.
Found 7 images belonging to 6 classes.
Epoch 1/30
2/2 [==============================] - 2s 839ms/step - loss: 3.6653 - accuracy: 0.1333 - val_loss: 3.2658 - val_accuracy: 0.2000 - lr: 0.0010
Epoch 2/30
2/2 [==============================] - 2s 714ms/step - loss: 3.0408 - accuracy: 0.1833 - val_loss: 2.8534 - val_accuracy: 0.2000 - lr: 0.0010
Epoch 3/30
2/2 [==============================] - 2s 713ms/step - loss: 2.8306 - accuracy: 0.2167 - val_loss: 2.7939 - val_accuracy: 0.2000 - lr: 0.0010
Epoch 4/30
2/2 [==============================] - 2s 676ms/step - loss: 2.7753 - accuracy: 0.1667 - val_loss: 2.7663 - val_accuracy: 0.0000e+00 - lr: 0.0010
Epoch 5/30
2/2 [==============================] - 2s 832ms/step - loss: 2.7624 - accuracy: 0.0667 - val_loss: 2.6950 - val_accuracy: 0.0000e+00 - lr: 0.0010
Epoch 6/30
2/2 [==============================] - 2s 729ms/step - loss: 2.7128 - accuracy: 0.1833 - val_loss: 2.6616 - val_accuracy: 0.4000 - lr: 0.0010
Epoch 7/30
2/2 [==============================] - 2s 806ms/step - loss: 2.6841 - accuracy: 0.2167 - val_loss: 2.6207 - val_accuracy: 0.4000 - lr: 0.0010
Epoch 8/30
2/2 [==============================] - 2s 699ms/step - loss: 2.6537 - accuracy: 0.2000 - val_loss: 2.5856 - val_accuracy: 0.4000 - lr: 0.0010
Epoch 9/30
2/2 [==============================] - 2s 818ms/step - loss: 2.5976 - accuracy: 0.3000 - val_loss: 2.5318 - val_accuracy: 0.2000 - lr: 0.0010
Epoch 10/30
2/2 [==============================] - 2s 724ms/step - loss: 2.5683 - accuracy: 0.1667 - val_loss: 2.4814 - val_accuracy: 0.2000 - lr: 0.0010
Epoch 11/30
2/2 [==============================] - 2s 820ms/step - loss: 2.4963 - accuracy: 0.2167 - val_loss: 2.4454 - val_accuracy: 0.4000 - lr: 0.0010
Epoch 12/30
2/2 [==============================] - 2s 679ms/step - loss: 2.4310 - accuracy: 0.2500 - val_loss: 2.4088 - val_accuracy: 0.4000 - lr: 0.0010
Epoch 13/30
2/2 [==============================] - 2s 717ms/step - loss: 2.4264 - accuracy: 0.2833 - val_loss: 2.3941 - val_accuracy: 0.4000 - lr: 0.0010
Epoch 14/30
2/2 [==============================] - 2s 711ms/step - loss: 2.4200 - accuracy: 0.2333 - val_loss: 2.3546 - val_accuracy: 0.2000 - lr: 0.0010
Epoch 15/30
2/2 [==============================] - 2s 829ms/step - loss: 2.3166 - accuracy: 0.2833 - val_loss: 2.2501 - val_accuracy: 0.2000 - lr: 0.0010
Epoch 16/30
2/2 [==============================] - 2s 702ms/step - loss: 2.3029 - accuracy: 0.2500 - val_loss: 2.1414 - val_accuracy: 0.2000 - lr: 0.0010
Epoch 17/30
2/2 [==============================] - 2s 687ms/step - loss: 2.2131 - accuracy: 0.2667 - val_loss: 2.1143 - val_accuracy: 0.2000 - lr: 0.0010
Epoch 18/30
2/2 [==============================] - 2s 709ms/step - loss: 2.1056 - accuracy: 0.4333 - val_loss: 2.0240 - val_accuracy: 0.4000 - lr: 0.0010
Epoch 19/30
2/2 [==============================] - 2s 852ms/step - loss: 2.1377 - accuracy: 0.3000 - val_loss: 2.0017 - val_accuracy: 0.4000 - lr: 0.0010
Epoch 20/30
2/2 [==============================] - 2s 788ms/step - loss: 2.1236 - accuracy: 0.2833 - val_loss: 1.9701 - val_accuracy: 0.4000 - lr: 0.0010
Epoch 21/30
2/2 [==============================] - 2s 831ms/step - loss: 2.1361 - accuracy: 0.2667 - val_loss: 1.8580 - val_accuracy: 0.4000 - lr: 0.0010
Epoch 22/30
2/2 [==============================] - 2s 718ms/step - loss: 2.1352 - accuracy: 0.3000 - val_loss: 2.1382 - val_accuracy: 0.2000 - lr: 0.0010
1/1 [==============================] - 0s 120ms/step - loss: 2.2193 - accuracy: 0.0000e+00
Found 60 images belonging to 6 classes.
Found 5 images belonging to 6 classes.
Found 7 images belonging to 6 classes.
Epoch 1/10
2/2 [==============================] - 2s 758ms/step - loss: 3.4510 - accuracy: 0.1500 - val_loss: 2.8824 - val_accuracy: 0.0000e+00 - lr: 0.0010
Epoch 2/10
2/2 [==============================] - 1s 512ms/step - loss: 2.9374 - accuracy: 0.1500 - val_loss: 2.6964 - val_accuracy: 0.4000 - lr: 0.0010
Epoch 3/10
2/2 [==============================] - 1s 591ms/step - loss: 2.6719 - accuracy: 0.1000 - val_loss: 2.6177 - val_accuracy: 0.0000e+00 - lr: 0.0010
Epoch 4/10
2/2 [==============================] - 1s 499ms/step - loss: 2.6095 - accuracy: 0.1333 - val_loss: 2.5705 - val_accuracy: 0.0000e+00 - lr: 0.0010
Epoch 5/10
2/2 [==============================] - 1s 497ms/step - loss: 2.5557 - accuracy: 0.2000 - val_loss: 2.5415 - val_accuracy: 0.0000e+00 - lr: 0.0010
Epoch 6/10
2/2 [==============================] - 1s 538ms/step - loss: 2.5327 - accuracy: 0.1667 - val_loss: 2.5245 - val_accuracy: 0.0000e+00 - lr: 0.0010
Epoch 7/10
2/2 [==============================] - 1s 533ms/step - loss: 2.5172 - accuracy: 0.1500 - val_loss: 2.5078 - val_accuracy: 0.0000e+00 - lr: 0.0010
Epoch 8/10
2/2 [==============================] - 1s 510ms/step - loss: 2.4982 - accuracy: 0.2000 - val_loss: 2.4941 - val_accuracy: 0.0000e+00 - lr: 0.0010
Epoch 9/10
2/2 [==============================] - 1s 583ms/step - loss: 2.4813 - accuracy: 0.1833 - val_loss: 2.4767 - val_accuracy: 0.2000 - lr: 0.0010
Epoch 10/10
2/2 [==============================] - 1s 533ms/step - loss: 2.4665 - accuracy: 0.1667 - val_loss: 2.4584 - val_accuracy: 0.2000 - lr: 0.0010
1/1 [==============================] - 0s 108ms/step - loss: 2.4993 - accuracy: 0.0000e+00
Found 60 images belonging to 6 classes.
Found 5 images belonging to 6 classes.
Found 7 images belonging to 6 classes.
Epoch 1/30
2/2 [==============================] - 2s 764ms/step - loss: 3.1343 - accuracy: 0.1500 - val_loss: 2.7455 - val_accuracy: 0.0000e+00 - lr: 0.0010
Epoch 2/30
2/2 [==============================] - 1s 599ms/step - loss: 2.7808 - accuracy: 0.1333 - val_loss: 2.6322 - val_accuracy: 0.2000 - lr: 0.0010
Epoch 3/30
2/2 [==============================] - 1s 577ms/step - loss: 2.6892 - accuracy: 0.1667 - val_loss: 2.5758 - val_accuracy: 0.4000 - lr: 0.0010
Epoch 4/30
2/2 [==============================] - 1s 499ms/step - loss: 2.5699 - accuracy: 0.2000 - val_loss: 2.5485 - val_accuracy: 0.2000 - lr: 0.0010
Epoch 5/30
2/2 [==============================] - 1s 584ms/step - loss: 2.5247 - accuracy: 0.1833 - val_loss: 2.5083 - val_accuracy: 0.2000 - lr: 0.0010
Epoch 6/30
2/2 [==============================] - 1s 508ms/step - loss: 2.4979 - accuracy: 0.2167 - val_loss: 2.4821 - val_accuracy: 0.0000e+00 - lr: 0.0010
Epoch 7/30
2/2 [==============================] - 1s 599ms/step - loss: 2.4611 - accuracy: 0.2333 - val_loss: 2.4549 - val_accuracy: 0.2000 - lr: 0.0010
Epoch 8/30
2/2 [==============================] - 1s 583ms/step - loss: 2.4460 - accuracy: 0.2000 - val_loss: 2.4165 - val_accuracy: 0.2000 - lr: 0.0010
Epoch 9/30
2/2 [==============================] - 1s 574ms/step - loss: 2.3758 - accuracy: 0.3167 - val_loss: 2.4021 - val_accuracy: 0.0000e+00 - lr: 0.0010
Epoch 10/30
2/2 [==============================] - 1s 571ms/step - loss: 2.4286 - accuracy: 0.2333 - val_loss: 2.3433 - val_accuracy: 0.4000 - lr: 0.0010
Epoch 11/30
2/2 [==============================] - 1s 587ms/step - loss: 2.3642 - accuracy: 0.3000 - val_loss: 2.3279 - val_accuracy: 0.2000 - lr: 0.0010
Epoch 12/30
2/2 [==============================] - 1s 567ms/step - loss: 2.3154 - accuracy: 0.2167 - val_loss: 2.2757 - val_accuracy: 0.2000 - lr: 0.0010
Epoch 13/30
2/2 [==============================] - 1s 584ms/step - loss: 2.2636 - accuracy: 0.3167 - val_loss: 2.1864 - val_accuracy: 0.2000 - lr: 0.0010
Epoch 14/30
2/2 [==============================] - 1s 493ms/step - loss: 2.2865 - accuracy: 0.2167 - val_loss: 2.1825 - val_accuracy: 0.2000 - lr: 0.0010
Epoch 15/30
2/2 [==============================] - 1s 508ms/step - loss: 2.2741 - accuracy: 0.2667 - val_loss: 2.2209 - val_accuracy: 0.2000 - lr: 0.0010
1/1 [==============================] - 0s 97ms/step - loss: 2.3688 - accuracy: 0.0000e+00
Found 60 images belonging to 6 classes.
Found 5 images belonging to 6 classes.
Found 7 images belonging to 6 classes.
Epoch 1/10
2/2 [==============================] - 2s 716ms/step - loss: 2.9419 - accuracy: 0.1167 - val_loss: 2.8000 - val_accuracy: 0.4000 - lr: 0.0010
Epoch 2/10
2/2 [==============================] - 1s 567ms/step - loss: 2.8771 - accuracy: 0.2000 - val_loss: 2.6903 - val_accuracy: 0.0000e+00 - lr: 0.0010
Epoch 3/10
2/2 [==============================] - 1s 482ms/step - loss: 2.6935 - accuracy: 0.0667 - val_loss: 2.6094 - val_accuracy: 0.0000e+00 - lr: 0.0010
Epoch 4/10
2/2 [==============================] - 1s 581ms/step - loss: 2.5840 - accuracy: 0.1500 - val_loss: 2.5561 - val_accuracy: 0.0000e+00 - lr: 0.0010
Epoch 5/10
2/2 [==============================] - 1s 499ms/step - loss: 2.5286 - accuracy: 0.2167 - val_loss: 2.5184 - val_accuracy: 0.0000e+00 - lr: 0.0010
Epoch 6/10
2/2 [==============================] - 1s 494ms/step - loss: 2.4985 - accuracy: 0.2500 - val_loss: 2.4902 - val_accuracy: 0.2000 - lr: 0.0010
Epoch 7/10
2/2 [==============================] - 1s 502ms/step - loss: 2.4786 - accuracy: 0.1333 - val_loss: 2.4680 - val_accuracy: 0.2000 - lr: 0.0010
Epoch 8/10
2/2 [==============================] - 1s 567ms/step - loss: 2.4580 - accuracy: 0.1333 - val_loss: 2.4481 - val_accuracy: 0.2000 - lr: 0.0010
Epoch 9/10
2/2 [==============================] - 1s 593ms/step - loss: 2.4316 - accuracy: 0.1667 - val_loss: 2.4332 - val_accuracy: 0.2000 - lr: 0.0010
Epoch 10/10
2/2 [==============================] - 1s 576ms/step - loss: 2.4120 - accuracy: 0.1500 - val_loss: 2.4172 - val_accuracy: 0.0000e+00 - lr: 0.0010
1/1 [==============================] - 0s 95ms/step - loss: 2.4580 - accuracy: 0.0000e+00
Found 60 images belonging to 6 classes.
Found 5 images belonging to 6 classes.
Found 7 images belonging to 6 classes.
Epoch 1/30
2/2 [==============================] - 2s 724ms/step - loss: 2.8899 - accuracy: 0.1333 - val_loss: 2.8336 - val_accuracy: 0.0000e+00 - lr: 0.0010
Epoch 2/30
2/2 [==============================] - 1s 518ms/step - loss: 2.7638 - accuracy: 0.2667 - val_loss: 2.7644 - val_accuracy: 0.2000 - lr: 0.0010
Epoch 3/30
2/2 [==============================] - 1s 599ms/step - loss: 2.6832 - accuracy: 0.1500 - val_loss: 2.6194 - val_accuracy: 0.4000 - lr: 0.0010
Epoch 4/30
2/2 [==============================] - 1s 520ms/step - loss: 2.5937 - accuracy: 0.2000 - val_loss: 2.5528 - val_accuracy: 0.4000 - lr: 0.0010
Epoch 5/30
2/2 [==============================] - 1s 520ms/step - loss: 2.5310 - accuracy: 0.2333 - val_loss: 2.5162 - val_accuracy: 0.4000 - lr: 0.0010
Epoch 6/30
2/2 [==============================] - 1s 533ms/step - loss: 2.5171 - accuracy: 0.1667 - val_loss: 2.4966 - val_accuracy: 0.4000 - lr: 0.0010
Epoch 7/30
2/2 [==============================] - 1s 606ms/step - loss: 2.4751 - accuracy: 0.2333 - val_loss: 2.4720 - val_accuracy: 0.2000 - lr: 0.0010
Epoch 8/30
2/2 [==============================] - 1s 527ms/step - loss: 2.4512 - accuracy: 0.2167 - val_loss: 2.4458 - val_accuracy: 0.2000 - lr: 0.0010
Epoch 9/30
2/2 [==============================] - 1s 559ms/step - loss: 2.4481 - accuracy: 0.1667 - val_loss: 2.4280 - val_accuracy: 0.2000 - lr: 0.0010
Epoch 10/30
2/2 [==============================] - 1s 523ms/step - loss: 2.4097 - accuracy: 0.2167 - val_loss: 2.4130 - val_accuracy: 0.2000 - lr: 0.0010
Epoch 11/30
2/2 [==============================] - 1s 600ms/step - loss: 2.3749 - accuracy: 0.2500 - val_loss: 2.3858 - val_accuracy: 0.2000 - lr: 0.0010
Epoch 12/30
2/2 [==============================] - 1s 597ms/step - loss: 2.3245 - accuracy: 0.2500 - val_loss: 2.4037 - val_accuracy: 0.2000 - lr: 0.0010
1/1 [==============================] - 0s 99ms/step - loss: 2.4507 - accuracy: 0.1429
Found 60 images belonging to 6 classes.
Found 5 images belonging to 6 classes.
Found 7 images belonging to 6 classes.
Epoch 1/10
2/2 [==============================] - 2s 751ms/step - loss: 3.0230 - accuracy: 0.0667 - val_loss: 2.8163 - val_accuracy: 0.2000 - lr: 0.0010
Epoch 2/10
2/2 [==============================] - 1s 518ms/step - loss: 2.7616 - accuracy: 0.1833 - val_loss: 2.7015 - val_accuracy: 0.2000 - lr: 0.0010
Epoch 3/10
2/2 [==============================] - 1s 482ms/step - loss: 2.6208 - accuracy: 0.2500 - val_loss: 2.6180 - val_accuracy: 0.2000 - lr: 0.0010
Epoch 4/10
2/2 [==============================] - 1s 593ms/step - loss: 2.5393 - accuracy: 0.1833 - val_loss: 2.5756 - val_accuracy: 0.2000 - lr: 0.0010
Epoch 5/10
2/2 [==============================] - 1s 513ms/step - loss: 2.4899 - accuracy: 0.2333 - val_loss: 2.5104 - val_accuracy: 0.2000 - lr: 0.0010
Epoch 6/10
2/2 [==============================] - 1s 534ms/step - loss: 2.4814 - accuracy: 0.1833 - val_loss: 2.3804 - val_accuracy: 0.2000 - lr: 0.0010
Epoch 7/10
2/2 [==============================] - 1s 525ms/step - loss: 2.4225 - accuracy: 0.2667 - val_loss: 2.3410 - val_accuracy: 0.6000 - lr: 0.0010
Epoch 8/10
2/2 [==============================] - 1s 505ms/step - loss: 2.4073 - accuracy: 0.2167 - val_loss: 2.3151 - val_accuracy: 0.4000 - lr: 0.0010
Epoch 9/10
2/2 [==============================] - 1s 628ms/step - loss: 2.3929 - accuracy: 0.2500 - val_loss: 2.3050 - val_accuracy: 0.4000 - lr: 0.0010
Epoch 10/10
2/2 [==============================] - 1s 512ms/step - loss: 2.3455 - accuracy: 0.3000 - val_loss: 2.2762 - val_accuracy: 0.4000 - lr: 0.0010
1/1 [==============================] - 0s 98ms/step - loss: 2.3301 - accuracy: 0.4286
Found 60 images belonging to 6 classes.
Found 5 images belonging to 6 classes.
Found 7 images belonging to 6 classes.
Epoch 1/30
2/2 [==============================] - 2s 744ms/step - loss: 2.9753 - accuracy: 0.1167 - val_loss: 2.8755 - val_accuracy: 0.2000 - lr: 0.0010
Epoch 2/30
2/2 [==============================] - 1s 580ms/step - loss: 2.8091 - accuracy: 0.1667 - val_loss: 2.7081 - val_accuracy: 0.4000 - lr: 0.0010
Epoch 3/30
2/2 [==============================] - 1s 600ms/step - loss: 2.6837 - accuracy: 0.1333 - val_loss: 2.6081 - val_accuracy: 0.2000 - lr: 0.0010
Epoch 4/30
2/2 [==============================] - 1s 546ms/step - loss: 2.6003 - accuracy: 0.1667 - val_loss: 2.5568 - val_accuracy: 0.2000 - lr: 0.0010
Epoch 5/30
2/2 [==============================] - 1s 526ms/step - loss: 2.5456 - accuracy: 0.1667 - val_loss: 2.5050 - val_accuracy: 0.2000 - lr: 0.0010
Epoch 6/30
2/2 [==============================] - 1s 493ms/step - loss: 2.5045 - accuracy: 0.1833 - val_loss: 2.4666 - val_accuracy: 0.2000 - lr: 0.0010
Epoch 7/30
2/2 [==============================] - 1s 605ms/step - loss: 2.4577 - accuracy: 0.2833 - val_loss: 2.4356 - val_accuracy: 0.2000 - lr: 0.0010
Epoch 8/30
2/2 [==============================] - 1s 541ms/step - loss: 2.4258 - accuracy: 0.2500 - val_loss: 2.3958 - val_accuracy: 0.2000 - lr: 0.0010
Epoch 9/30
2/2 [==============================] - 1s 518ms/step - loss: 2.4115 - accuracy: 0.2000 - val_loss: 2.3598 - val_accuracy: 0.2000 - lr: 0.0010
Epoch 10/30
2/2 [==============================] - 1s 607ms/step - loss: 2.3432 - accuracy: 0.3167 - val_loss: 2.3335 - val_accuracy: 0.2000 - lr: 0.0010
Epoch 11/30
2/2 [==============================] - 1s 583ms/step - loss: 2.3001 - accuracy: 0.3000 - val_loss: 2.2976 - val_accuracy: 0.0000e+00 - lr: 0.0010
Epoch 12/30
2/2 [==============================] - 1s 511ms/step - loss: 2.2753 - accuracy: 0.2000 - val_loss: 2.2564 - val_accuracy: 0.0000e+00 - lr: 0.0010
Epoch 13/30
2/2 [==============================] - 1s 608ms/step - loss: 2.2431 - accuracy: 0.2500 - val_loss: 2.1967 - val_accuracy: 0.2000 - lr: 0.0010
Epoch 14/30
2/2 [==============================] - 1s 593ms/step - loss: 2.2878 - accuracy: 0.1667 - val_loss: 2.1589 - val_accuracy: 0.0000e+00 - lr: 0.0010
Epoch 15/30
2/2 [==============================] - 1s 612ms/step - loss: 2.1817 - accuracy: 0.2500 - val_loss: 2.1248 - val_accuracy: 0.2000 - lr: 0.0010
Epoch 16/30
2/2 [==============================] - 1s 509ms/step - loss: 2.0464 - accuracy: 0.4000 - val_loss: 2.0884 - val_accuracy: 0.4000 - lr: 0.0010
Epoch 17/30
2/2 [==============================] - 1s 510ms/step - loss: 2.1227 - accuracy: 0.2500 - val_loss: 2.0302 - val_accuracy: 0.4000 - lr: 0.0010
Epoch 18/30
2/2 [==============================] - 1s 610ms/step - loss: 2.0587 - accuracy: 0.2833 - val_loss: 1.9496 - val_accuracy: 0.6000 - lr: 0.0010
Epoch 19/30
2/2 [==============================] - 2s 1s/step - loss: 1.9814 - accuracy: 0.2667 - val_loss: 1.8937 - val_accuracy: 0.4000 - lr: 0.0010
Epoch 20/30
2/2 [==============================] - 2s 1s/step - loss: 2.0775 - accuracy: 0.2667 - val_loss: 1.8059 - val_accuracy: 0.4000 - lr: 0.0010
Epoch 21/30
2/2 [==============================] - 2s 991ms/step - loss: 1.9403 - accuracy: 0.3667 - val_loss: 1.8114 - val_accuracy: 0.6000 - lr: 0.0010
1/1 [==============================] - 0s 179ms/step - loss: 2.0057 - accuracy: 0.1429
Found 60 images belonging to 6 classes.
Found 5 images belonging to 6 classes.
Found 7 images belonging to 6 classes.
Epoch 1/10
2/2 [==============================] - 2s 1s/step - loss: 3.0034 - accuracy: 0.2167 - val_loss: 3.2207 - val_accuracy: 0.2000 - lr: 0.0010
Epoch 2/10
2/2 [==============================] - 2s 903ms/step - loss: 2.8553 - accuracy: 0.1167 - val_loss: 2.8669 - val_accuracy: 0.0000e+00 - lr: 0.0010
Epoch 3/10
2/2 [==============================] - 2s 878ms/step - loss: 2.6720 - accuracy: 0.2167 - val_loss: 2.6752 - val_accuracy: 0.4000 - lr: 0.0010
Epoch 4/10
2/2 [==============================] - 2s 951ms/step - loss: 2.6322 - accuracy: 0.1667 - val_loss: 2.5984 - val_accuracy: 0.2000 - lr: 0.0010
Epoch 5/10
2/2 [==============================] - 2s 937ms/step - loss: 2.5916 - accuracy: 0.1333 - val_loss: 2.5638 - val_accuracy: 0.4000 - lr: 0.0010
Epoch 6/10
2/2 [==============================] - 2s 858ms/step - loss: 2.5546 - accuracy: 0.1667 - val_loss: 2.5413 - val_accuracy: 0.4000 - lr: 0.0010
Epoch 7/10
2/2 [==============================] - 2s 957ms/step - loss: 2.5374 - accuracy: 0.1833 - val_loss: 2.5064 - val_accuracy: 0.6000 - lr: 0.0010
Epoch 8/10
2/2 [==============================] - 2s 833ms/step - loss: 2.5139 - accuracy: 0.2000 - val_loss: 2.4685 - val_accuracy: 0.6000 - lr: 0.0010
Epoch 9/10
2/2 [==============================] - 2s 843ms/step - loss: 2.4953 - accuracy: 0.1333 - val_loss: 2.4471 - val_accuracy: 0.6000 - lr: 0.0010
Epoch 10/10
2/2 [==============================] - 2s 922ms/step - loss: 2.4480 - accuracy: 0.2833 - val_loss: 2.4153 - val_accuracy: 0.4000 - lr: 0.0010
1/1 [==============================] - 0s 148ms/step - loss: 2.4948 - accuracy: 0.0000e+00
Found 60 images belonging to 6 classes.
Found 5 images belonging to 6 classes.
Found 7 images belonging to 6 classes.
Epoch 1/30
2/2 [==============================] - 2s 1s/step - loss: 3.1429 - accuracy: 0.1667 - val_loss: 2.8499 - val_accuracy: 0.2000 - lr: 0.0010
Epoch 2/30
2/2 [==============================] - 2s 895ms/step - loss: 2.7969 - accuracy: 0.1833 - val_loss: 2.7195 - val_accuracy: 0.2000 - lr: 0.0010
Epoch 3/30
2/2 [==============================] - 2s 950ms/step - loss: 2.6912 - accuracy: 0.2167 - val_loss: 2.6079 - val_accuracy: 0.4000 - lr: 0.0010
Epoch 4/30
2/2 [==============================] - 2s 944ms/step - loss: 2.6277 - accuracy: 0.1667 - val_loss: 2.5720 - val_accuracy: 0.4000 - lr: 0.0010
Epoch 5/30
2/2 [==============================] - 2s 883ms/step - loss: 2.5957 - accuracy: 0.2667 - val_loss: 2.5608 - val_accuracy: 0.2000 - lr: 0.0010
Epoch 6/30
2/2 [==============================] - 2s 856ms/step - loss: 2.5756 - accuracy: 0.2000 - val_loss: 2.5515 - val_accuracy: 0.2000 - lr: 0.0010
Epoch 7/30
2/2 [==============================] - 2s 853ms/step - loss: 2.5487 - accuracy: 0.2000 - val_loss: 2.5382 - val_accuracy: 0.2000 - lr: 0.0010
Epoch 8/30
2/2 [==============================] - 2s 858ms/step - loss: 2.5290 - accuracy: 0.2333 - val_loss: 2.5191 - val_accuracy: 0.2000 - lr: 0.0010
Epoch 9/30
2/2 [==============================] - 2s 876ms/step - loss: 2.5109 - accuracy: 0.2000 - val_loss: 2.4739 - val_accuracy: 0.2000 - lr: 0.0010
Epoch 10/30
2/2 [==============================] - 2s 811ms/step - loss: 2.4587 - accuracy: 0.2833 - val_loss: 2.4418 - val_accuracy: 0.2000 - lr: 0.0010
Epoch 11/30
2/2 [==============================] - 2s 828ms/step - loss: 2.4814 - accuracy: 0.2333 - val_loss: 2.4423 - val_accuracy: 0.4000 - lr: 0.0010
1/1 [==============================] - 0s 149ms/step - loss: 2.4460 - accuracy: 0.4286
Found 60 images belonging to 6 classes.
Found 5 images belonging to 6 classes.
Found 7 images belonging to 6 classes.
Epoch 1/10
2/2 [==============================] - 3s 2s/step - loss: 3.1726 - accuracy: 0.1000 - val_loss: 2.9953 - val_accuracy: 0.2000 - lr: 0.0010
Epoch 2/10
2/2 [==============================] - 3s 1s/step - loss: 2.8430 - accuracy: 0.2000 - val_loss: 2.7572 - val_accuracy: 0.2000 - lr: 0.0010
Epoch 3/10
2/2 [==============================] - 3s 2s/step - loss: 2.7028 - accuracy: 0.2167 - val_loss: 2.6736 - val_accuracy: 0.2000 - lr: 0.0010
Epoch 4/10
2/2 [==============================] - 4s 2s/step - loss: 2.6454 - accuracy: 0.2500 - val_loss: 2.6561 - val_accuracy: 0.0000e+00 - lr: 0.0010
Epoch 5/10
2/2 [==============================] - 3s 2s/step - loss: 2.6204 - accuracy: 0.1833 - val_loss: 2.6237 - val_accuracy: 0.2000 - lr: 0.0010
Epoch 6/10
2/2 [==============================] - 3s 1s/step - loss: 2.5789 - accuracy: 0.2500 - val_loss: 2.5980 - val_accuracy: 0.2000 - lr: 0.0010
Epoch 7/10
2/2 [==============================] - 3s 1s/step - loss: 2.5716 - accuracy: 0.2333 - val_loss: 2.5592 - val_accuracy: 0.4000 - lr: 0.0010
Epoch 8/10
2/2 [==============================] - 3s 2s/step - loss: 2.5334 - accuracy: 0.1833 - val_loss: 2.5040 - val_accuracy: 0.4000 - lr: 0.0010
Epoch 9/10
2/2 [==============================] - 3s 2s/step - loss: 2.4721 - accuracy: 0.3167 - val_loss: 2.4480 - val_accuracy: 0.2000 - lr: 0.0010
Epoch 10/10
2/2 [==============================] - 3s 1s/step - loss: 2.4116 - accuracy: 0.2000 - val_loss: 2.3764 - val_accuracy: 0.4000 - lr: 0.0010
1/1 [==============================] - 0s 177ms/step - loss: 2.4405 - accuracy: 0.2857
Found 60 images belonging to 6 classes.
Found 5 images belonging to 6 classes.
Found 7 images belonging to 6 classes.
Epoch 1/30
2/2 [==============================] - 3s 2s/step - loss: 3.2594 - accuracy: 0.1333 - val_loss: 2.9788 - val_accuracy: 0.2000 - lr: 0.0010
Epoch 2/30
2/2 [==============================] - 3s 1s/step - loss: 3.0035 - accuracy: 0.1333 - val_loss: 2.6949 - val_accuracy: 0.2000 - lr: 0.0010
Epoch 3/30
2/2 [==============================] - 3s 1s/step - loss: 2.7446 - accuracy: 0.2000 - val_loss: 2.6734 - val_accuracy: 0.2000 - lr: 0.0010
Epoch 4/30
2/2 [==============================] - 2s 1s/step - loss: 2.6861 - accuracy: 0.1667 - val_loss: 2.6711 - val_accuracy: 0.2000 - lr: 0.0010
Epoch 5/30
2/2 [==============================] - 2s 1s/step - loss: 2.6673 - accuracy: 0.1833 - val_loss: 2.6593 - val_accuracy: 0.2000 - lr: 0.0010
Epoch 6/30
2/2 [==============================] - 2s 1s/step - loss: 2.6479 - accuracy: 0.2667 - val_loss: 2.6384 - val_accuracy: 0.2000 - lr: 0.0010
Epoch 7/30
2/2 [==============================] - 2s 1s/step - loss: 2.6371 - accuracy: 0.2333 - val_loss: 2.6248 - val_accuracy: 0.2000 - lr: 0.0010
Epoch 8/30
2/2 [==============================] - 2s 1s/step - loss: 2.6121 - accuracy: 0.1833 - val_loss: 2.5881 - val_accuracy: 0.0000e+00 - lr: 0.0010
Epoch 9/30
2/2 [==============================] - 2s 1s/step - loss: 2.5800 - accuracy: 0.1833 - val_loss: 2.5440 - val_accuracy: 0.2000 - lr: 0.0010
Epoch 10/30
2/2 [==============================] - 2s 1s/step - loss: 2.5379 - accuracy: 0.2167 - val_loss: 2.5035 - val_accuracy: 0.2000 - lr: 0.0010
Epoch 11/30
2/2 [==============================] - 2s 1s/step - loss: 2.5127 - accuracy: 0.2000 - val_loss: 2.4571 - val_accuracy: 0.2000 - lr: 0.0010
Epoch 12/30
2/2 [==============================] - 2s 903ms/step - loss: 2.4630 - accuracy: 0.2000 - val_loss: 2.4640 - val_accuracy: 0.2000 - lr: 0.0010
1/1 [==============================] - 0s 127ms/step - loss: 2.5030 - accuracy: 0.1429
Found 60 images belonging to 6 classes.
Found 5 images belonging to 6 classes.
Found 7 images belonging to 6 classes.
Epoch 1/10
2/2 [==============================] - 3s 1s/step - loss: 3.7767 - accuracy: 0.0333 - val_loss: 2.8655 - val_accuracy: 0.0000e+00 - lr: 0.0010
Epoch 2/10
2/2 [==============================] - 2s 1s/step - loss: 3.0250 - accuracy: 0.1333 - val_loss: 2.7669 - val_accuracy: 0.4000 - lr: 0.0010
Epoch 3/10
2/2 [==============================] - 2s 883ms/step - loss: 2.7777 - accuracy: 0.1500 - val_loss: 2.7173 - val_accuracy: 0.4000 - lr: 0.0010
Epoch 4/10
2/2 [==============================] - 2s 1s/step - loss: 2.7253 - accuracy: 0.2000 - val_loss: 2.6750 - val_accuracy: 0.2000 - lr: 0.0010
Epoch 5/10
2/2 [==============================] - 2s 837ms/step - loss: 2.7119 - accuracy: 0.1167 - val_loss: 2.6492 - val_accuracy: 0.2000 - lr: 0.0010
Epoch 6/10
2/2 [==============================] - 2s 823ms/step - loss: 2.6985 - accuracy: 0.1667 - val_loss: 2.6220 - val_accuracy: 0.2000 - lr: 0.0010
Epoch 7/10
2/2 [==============================] - 2s 974ms/step - loss: 2.6833 - accuracy: 0.1833 - val_loss: 2.5865 - val_accuracy: 0.2000 - lr: 0.0010
Epoch 8/10
2/2 [==============================] - 2s 991ms/step - loss: 2.6707 - accuracy: 0.2000 - val_loss: 2.5259 - val_accuracy: 0.2000 - lr: 0.0010
Epoch 9/10
2/2 [==============================] - 2s 832ms/step - loss: 2.6583 - accuracy: 0.2167 - val_loss: 2.4878 - val_accuracy: 0.2000 - lr: 0.0010
Epoch 10/10
2/2 [==============================] - 2s 807ms/step - loss: 2.6240 - accuracy: 0.2167 - val_loss: 2.4461 - val_accuracy: 0.4000 - lr: 0.0010
1/1 [==============================] - 0s 114ms/step - loss: 2.4938 - accuracy: 0.5714
Found 60 images belonging to 6 classes.
Found 5 images belonging to 6 classes.
Found 7 images belonging to 6 classes.
Epoch 1/30
2/2 [==============================] - 2s 1s/step - loss: 3.2908 - accuracy: 0.1167 - val_loss: 3.2681 - val_accuracy: 0.2000 - lr: 0.0010
Epoch 2/30
2/2 [==============================] - 2s 812ms/step - loss: 3.1177 - accuracy: 0.2000 - val_loss: 2.7939 - val_accuracy: 0.0000e+00 - lr: 0.0010
Epoch 3/30
2/2 [==============================] - 2s 923ms/step - loss: 2.7575 - accuracy: 0.1500 - val_loss: 2.7253 - val_accuracy: 0.2000 - lr: 0.0010
Epoch 4/30
2/2 [==============================] - 2s 916ms/step - loss: 2.7106 - accuracy: 0.1667 - val_loss: 2.7013 - val_accuracy: 0.2000 - lr: 0.0010
Epoch 5/30
2/2 [==============================] - 2s 768ms/step - loss: 2.6886 - accuracy: 0.1667 - val_loss: 2.6942 - val_accuracy: 0.2000 - lr: 0.0010
Epoch 6/30
2/2 [==============================] - 2s 873ms/step - loss: 2.6870 - accuracy: 0.1667 - val_loss: 2.6790 - val_accuracy: 0.2000 - lr: 0.0010
Epoch 7/30
2/2 [==============================] - 2s 716ms/step - loss: 2.6772 - accuracy: 0.1833 - val_loss: 2.6625 - val_accuracy: 0.2000 - lr: 0.0010
Epoch 8/30
2/2 [==============================] - 2s 745ms/step - loss: 2.6554 - accuracy: 0.2000 - val_loss: 2.6352 - val_accuracy: 0.2000 - lr: 0.0010
Epoch 9/30
2/2 [==============================] - 2s 752ms/step - loss: 2.6321 - accuracy: 0.1500 - val_loss: 2.5929 - val_accuracy: 0.4000 - lr: 0.0010
Epoch 10/30
2/2 [==============================] - 2s 719ms/step - loss: 2.5853 - accuracy: 0.2000 - val_loss: 2.5433 - val_accuracy: 0.4000 - lr: 0.0010
Epoch 11/30
2/2 [==============================] - 2s 675ms/step - loss: 2.5490 - accuracy: 0.2333 - val_loss: 2.5151 - val_accuracy: 0.4000 - lr: 0.0010
Epoch 12/30
2/2 [==============================] - 2s 730ms/step - loss: 2.5251 - accuracy: 0.2333 - val_loss: 2.4668 - val_accuracy: 0.4000 - lr: 0.0010
Epoch 13/30
2/2 [==============================] - 2s 798ms/step - loss: 2.4384 - accuracy: 0.3167 - val_loss: 2.4150 - val_accuracy: 0.4000 - lr: 0.0010
Epoch 14/30
2/2 [==============================] - 2s 690ms/step - loss: 2.4404 - accuracy: 0.2833 - val_loss: 2.3719 - val_accuracy: 0.4000 - lr: 0.0010
Epoch 15/30
2/2 [==============================] - 2s 730ms/step - loss: 2.3140 - accuracy: 0.3000 - val_loss: 2.2551 - val_accuracy: 0.4000 - lr: 0.0010
Epoch 16/30
2/2 [==============================] - 2s 695ms/step - loss: 2.4072 - accuracy: 0.2167 - val_loss: 2.2393 - val_accuracy: 0.4000 - lr: 0.0010
Epoch 17/30
2/2 [==============================] - 2s 694ms/step - loss: 2.3891 - accuracy: 0.3000 - val_loss: 2.2248 - val_accuracy: 0.2000 - lr: 0.0010
Epoch 18/30
2/2 [==============================] - 2s 723ms/step - loss: 2.3758 - accuracy: 0.1500 - val_loss: 2.2100 - val_accuracy: 0.4000 - lr: 0.0010
Epoch 19/30
2/2 [==============================] - 2s 683ms/step - loss: 2.2861 - accuracy: 0.2333 - val_loss: 2.2266 - val_accuracy: 0.4000 - lr: 0.0010
1/1 [==============================] - 0s 142ms/step - loss: 2.3644 - accuracy: 0.2857
Found 60 images belonging to 6 classes.
Found 5 images belonging to 6 classes.
Found 7 images belonging to 6 classes.
Epoch 1/10
2/2 [==============================] - 2s 1s/step - loss: 3.2211 - accuracy: 0.1167 - val_loss: 3.1641 - val_accuracy: 0.2000 - lr: 0.0010
Epoch 2/10
2/2 [==============================] - 2s 811ms/step - loss: 2.8664 - accuracy: 0.2167 - val_loss: 2.8391 - val_accuracy: 0.0000e+00 - lr: 0.0010
Epoch 3/10
2/2 [==============================] - 2s 713ms/step - loss: 2.7589 - accuracy: 0.1667 - val_loss: 2.7269 - val_accuracy: 0.2000 - lr: 0.0010
Epoch 4/10
2/2 [==============================] - 2s 717ms/step - loss: 2.7117 - accuracy: 0.1667 - val_loss: 2.7167 - val_accuracy: 0.0000e+00 - lr: 0.0010
Epoch 5/10
2/2 [==============================] - 2s 842ms/step - loss: 2.6809 - accuracy: 0.1667 - val_loss: 2.7030 - val_accuracy: 0.2000 - lr: 0.0010
Epoch 6/10
2/2 [==============================] - 2s 818ms/step - loss: 2.6631 - accuracy: 0.2667 - val_loss: 2.7232 - val_accuracy: 0.2000 - lr: 0.0010
1/1 [==============================] - 0s 120ms/step - loss: 2.6918 - accuracy: 0.1429
Found 60 images belonging to 6 classes.
Found 5 images belonging to 6 classes.
Found 7 images belonging to 6 classes.
Epoch 1/30
2/2 [==============================] - 2s 992ms/step - loss: 3.2030 - accuracy: 0.1333 - val_loss: 2.8936 - val_accuracy: 0.0000e+00 - lr: 0.0010
Epoch 2/30
2/2 [==============================] - 2s 737ms/step - loss: 2.8953 - accuracy: 0.1333 - val_loss: 2.8282 - val_accuracy: 0.2000 - lr: 0.0010
Epoch 3/30
2/2 [==============================] - 2s 810ms/step - loss: 2.7967 - accuracy: 0.1167 - val_loss: 2.7960 - val_accuracy: 0.0000e+00 - lr: 0.0010
Epoch 4/30
2/2 [==============================] - 2s 725ms/step - loss: 2.7638 - accuracy: 0.1500 - val_loss: 2.7660 - val_accuracy: 0.0000e+00 - lr: 0.0010
Epoch 5/30
2/2 [==============================] - 2s 823ms/step - loss: 2.7372 - accuracy: 0.2333 - val_loss: 2.7438 - val_accuracy: 0.0000e+00 - lr: 0.0010
Epoch 6/30
2/2 [==============================] - 2s 941ms/step - loss: 2.7331 - accuracy: 0.1500 - val_loss: 2.7297 - val_accuracy: 0.0000e+00 - lr: 0.0010
Epoch 7/30
2/2 [==============================] - 2s 826ms/step - loss: 2.7055 - accuracy: 0.2667 - val_loss: 2.7218 - val_accuracy: 0.0000e+00 - lr: 0.0010
Epoch 8/30
2/2 [==============================] - 2s 809ms/step - loss: 2.7027 - accuracy: 0.1000 - val_loss: 2.6869 - val_accuracy: 0.0000e+00 - lr: 0.0010
Epoch 9/30
2/2 [==============================] - 2s 864ms/step - loss: 2.6460 - accuracy: 0.2167 - val_loss: 2.6292 - val_accuracy: 0.0000e+00 - lr: 0.0010
Epoch 10/30
2/2 [==============================] - 2s 1s/step - loss: 2.6125 - accuracy: 0.2667 - val_loss: 2.5597 - val_accuracy: 0.2000 - lr: 0.0010
Epoch 11/30
2/2 [==============================] - 2s 1s/step - loss: 2.5111 - accuracy: 0.2333 - val_loss: 2.5444 - val_accuracy: 0.2000 - lr: 0.0010
Epoch 12/30
2/2 [==============================] - 2s 1s/step - loss: 2.5032 - accuracy: 0.2167 - val_loss: 2.4532 - val_accuracy: 0.0000e+00 - lr: 0.0010
Epoch 13/30
2/2 [==============================] - 2s 1s/step - loss: 2.3691 - accuracy: 0.3167 - val_loss: 2.3195 - val_accuracy: 0.2000 - lr: 0.0010
Epoch 14/30
2/2 [==============================] - 2s 959ms/step - loss: 2.4000 - accuracy: 0.2500 - val_loss: 2.3347 - val_accuracy: 0.0000e+00 - lr: 0.0010
1/1 [==============================] - 0s 167ms/step - loss: 2.5997 - accuracy: 0.0000e+00
Found 60 images belonging to 6 classes.
Found 5 images belonging to 6 classes.
Found 7 images belonging to 6 classes.
Epoch 1/10
2/2 [==============================] - 3s 1s/step - loss: 3.1947 - accuracy: 0.1333 - val_loss: 2.9136 - val_accuracy: 0.2000 - lr: 0.0010
Epoch 2/10
2/2 [==============================] - 2s 1s/step - loss: 2.8838 - accuracy: 0.2500 - val_loss: 2.7113 - val_accuracy: 0.2000 - lr: 0.0010
Epoch 3/10
2/2 [==============================] - 2s 1s/step - loss: 2.7349 - accuracy: 0.2000 - val_loss: 2.6444 - val_accuracy: 0.4000 - lr: 0.0010
Epoch 4/10
2/2 [==============================] - 2s 1s/step - loss: 2.6893 - accuracy: 0.2167 - val_loss: 2.6363 - val_accuracy: 0.2000 - lr: 0.0010
Epoch 5/10
2/2 [==============================] - 2s 1s/step - loss: 2.6562 - accuracy: 0.1833 - val_loss: 2.6010 - val_accuracy: 0.2000 - lr: 0.0010
Epoch 6/10
2/2 [==============================] - 2s 1s/step - loss: 2.6439 - accuracy: 0.1667 - val_loss: 2.5926 - val_accuracy: 0.2000 - lr: 0.0010
Epoch 7/10
2/2 [==============================] - 2s 1s/step - loss: 2.6308 - accuracy: 0.2167 - val_loss: 2.5958 - val_accuracy: 0.2000 - lr: 0.0010
1/1 [==============================] - 0s 159ms/step - loss: 2.5652 - accuracy: 0.4286
Found 60 images belonging to 6 classes.
Found 5 images belonging to 6 classes.
Found 7 images belonging to 6 classes.
Epoch 1/30
2/2 [==============================] - 3s 2s/step - loss: 3.7352 - accuracy: 0.1500 - val_loss: 2.8104 - val_accuracy: 0.2000 - lr: 0.0010
Epoch 2/30
2/2 [==============================] - 3s 1s/step - loss: 3.1363 - accuracy: 0.1667 - val_loss: 2.6995 - val_accuracy: 0.4000 - lr: 0.0010
Epoch 3/30
2/2 [==============================] - 3s 2s/step - loss: 2.7666 - accuracy: 0.1500 - val_loss: 2.7012 - val_accuracy: 0.4000 - lr: 0.0010
1/1 [==============================] - 0s 196ms/step - loss: 2.7421 - accuracy: 0.1429
Found 60 images belonging to 6 classes.
Found 5 images belonging to 6 classes.
Found 7 images belonging to 6 classes.
Epoch 1/10
