C:\Users\tom.zbc\PycharmProjects\fungis_bacterias_project\.venv\Scripts\python.exe C:\Users\tom.zbc\PycharmProjects\fungis_bacterias_project\3_model_training_and_evaluation_FNN_6_35pr.py
Class 'Aero' meets the sample requirement.
Class 'Bacillus' meets the sample requirement.
Class 'Bor' meets the sample requirement.
Class 'E' meets the sample requirement.
Class 'Morganella' meets the sample requirement.
Class 'stapholococcus' meets the sample requirement.
Data check passed for directory: 'C:/Users/tom.zbc/PycharmProjects/fungis_bacterias_project/data/train'
Class 'Aero' meets the sample requirement.
Warning: Class 'Bacillus' has only 0 samples, expected at least 2.
Warning: Class 'Bor' has only 1 samples, expected at least 2.
Warning: Class 'E' has only 0 samples, expected at least 2.
Warning: Class 'Morganella' has only 1 samples, expected at least 2.
Warning: Class 'stapholococcus' has only 1 samples, expected at least 2.
Data check passed for directory: 'C:/Users/tom.zbc/PycharmProjects/fungis_bacterias_project/data/validation'
Class 'Aero' meets the sample requirement.
Warning: Class 'Bacillus' has only 1 samples, expected at least 2.
Warning: Class 'Bor' has only 0 samples, expected at least 2.
Warning: Class 'E' has only 0 samples, expected at least 2.
Warning: Class 'Morganella' has only 1 samples, expected at least 2.
Class 'stapholococcus' meets the sample requirement.
Data check passed for directory: 'C:/Users/tom.zbc/PycharmProjects/fungis_bacterias_project/data/test'
Found 60 images belonging to 6 classes.
Found 5 images belonging to 6 classes.
Found 7 images belonging to 6 classes.
2024-09-26 19:36:07.705162: I tensorflow/core/platform/cpu_feature_guard.cc:182] This TensorFlow binary is optimized to use available CPU instructions in performance-critical operations.
To enable the following instructions: SSE SSE2 SSE3 SSE4.1 SSE4.2 AVX AVX2 AVX_VNNI FMA, in other operations, rebuild TensorFlow with the appropriate compiler flags.
Epoch 1/10
2/2 [==============================] - ETA: 0s - loss: 7.2040 - accuracy: 0.2167C:\Users\tom.zbc\PycharmProjects\fungis_bacterias_project\.venv\lib\site-packages\keras\src\engine\training.py:3000: UserWarning: You are saving your model as an HDF5 file via `model.save()`. This file format is considered legacy. We recommend using instead the native Keras format, e.g. `model.save('my_model.keras')`.
  saving_api.save_model(
2/2 [==============================] - 2s 929ms/step - loss: 7.2040 - accuracy: 0.2167 - val_loss: 6.4161 - val_accuracy: 0.2000 - lr: 5.0000e-04
Epoch 2/10
2/2 [==============================] - 1s 767ms/step - loss: 6.1832 - accuracy: 0.0667 - val_loss: 5.4131 - val_accuracy: 0.0000e+00 - lr: 5.0000e-04
Epoch 3/10
2/2 [==============================] - 1s 746ms/step - loss: 5.3154 - accuracy: 0.1167 - val_loss: 4.6980 - val_accuracy: 0.2000 - lr: 5.0000e-04
Epoch 4/10
2/2 [==============================] - 1s 784ms/step - loss: 4.6505 - accuracy: 0.2333 - val_loss: 4.2062 - val_accuracy: 0.4000 - lr: 5.0000e-04
Epoch 5/10
2/2 [==============================] - 1s 752ms/step - loss: 4.1255 - accuracy: 0.3000 - val_loss: 3.8261 - val_accuracy: 0.4000 - lr: 5.0000e-04
Epoch 6/10
2/2 [==============================] - 1s 769ms/step - loss: 3.7654 - accuracy: 0.2167 - val_loss: 3.5311 - val_accuracy: 0.2000 - lr: 5.0000e-04
Epoch 7/10
2/2 [==============================] - 1s 719ms/step - loss: 3.4615 - accuracy: 0.2000 - val_loss: 3.2715 - val_accuracy: 0.2000 - lr: 5.0000e-04
Epoch 8/10
2/2 [==============================] - 1s 790ms/step - loss: 3.2464 - accuracy: 0.2167 - val_loss: 3.0950 - val_accuracy: 0.2000 - lr: 5.0000e-04
Epoch 9/10
2/2 [==============================] - 1s 757ms/step - loss: 3.0358 - accuracy: 0.3833 - val_loss: 2.9335 - val_accuracy: 0.2000 - lr: 5.0000e-04
Epoch 10/10
2/2 [==============================] - 1s 757ms/step - loss: 2.9684 - accuracy: 0.1333 - val_loss: 2.8046 - val_accuracy: 0.2000 - lr: 5.0000e-04
1/1 [==============================] - 0s 98ms/step - loss: 2.7069 - accuracy: 0.2857
Found 60 images belonging to 6 classes.
Found 5 images belonging to 6 classes.
Found 7 images belonging to 6 classes.
Epoch 1/15
2/2 [==============================] - ETA: 0s - loss: 7.2844 - accuracy: 0.1167C:\Users\tom.zbc\PycharmProjects\fungis_bacterias_project\.venv\lib\site-packages\keras\src\engine\training.py:3000: UserWarning: You are saving your model as an HDF5 file via `model.save()`. This file format is considered legacy. We recommend using instead the native Keras format, e.g. `model.save('my_model.keras')`.
  saving_api.save_model(
2/2 [==============================] - 2s 893ms/step - loss: 7.2844 - accuracy: 0.1167 - val_loss: 6.3455 - val_accuracy: 0.0000e+00 - lr: 5.0000e-04
Epoch 2/15
2/2 [==============================] - 1s 751ms/step - loss: 6.6615 - accuracy: 0.0833 - val_loss: 5.4869 - val_accuracy: 0.2000 - lr: 5.0000e-04
Epoch 3/15
2/2 [==============================] - 1s 702ms/step - loss: 5.9190 - accuracy: 0.1500 - val_loss: 5.3704 - val_accuracy: 0.0000e+00 - lr: 5.0000e-04
Epoch 4/15
2/2 [==============================] - 1s 748ms/step - loss: 5.2297 - accuracy: 0.1667 - val_loss: 5.0434 - val_accuracy: 0.0000e+00 - lr: 5.0000e-04
Epoch 5/15
2/2 [==============================] - 1s 700ms/step - loss: 4.7157 - accuracy: 0.2333 - val_loss: 4.5607 - val_accuracy: 0.2000 - lr: 5.0000e-04
Epoch 6/15
2/2 [==============================] - 1s 695ms/step - loss: 4.3986 - accuracy: 0.2833 - val_loss: 4.1792 - val_accuracy: 0.2000 - lr: 5.0000e-04
Epoch 7/15
2/2 [==============================] - 1s 758ms/step - loss: 4.1140 - accuracy: 0.2167 - val_loss: 3.9163 - val_accuracy: 0.0000e+00 - lr: 5.0000e-04
Epoch 8/15
2/2 [==============================] - 1s 752ms/step - loss: 3.8475 - accuracy: 0.3333 - val_loss: 3.7252 - val_accuracy: 0.4000 - lr: 5.0000e-04
Epoch 9/15
2/2 [==============================] - 1s 682ms/step - loss: 3.7102 - accuracy: 0.2500 - val_loss: 3.5385 - val_accuracy: 0.4000 - lr: 5.0000e-04
Epoch 10/15
2/2 [==============================] - 1s 695ms/step - loss: 3.5753 - accuracy: 0.2000 - val_loss: 3.3721 - val_accuracy: 0.4000 - lr: 5.0000e-04
Epoch 11/15
2/2 [==============================] - 1s 678ms/step - loss: 3.4535 - accuracy: 0.2500 - val_loss: 3.2380 - val_accuracy: 0.4000 - lr: 5.0000e-04
Epoch 12/15
2/2 [==============================] - 1s 753ms/step - loss: 3.3264 - accuracy: 0.3000 - val_loss: 3.1453 - val_accuracy: 0.2000 - lr: 5.0000e-04
Epoch 13/15
2/2 [==============================] - 1s 757ms/step - loss: 3.2342 - accuracy: 0.2333 - val_loss: 3.0932 - val_accuracy: 0.4000 - lr: 5.0000e-04
Epoch 14/15
2/2 [==============================] - 1s 747ms/step - loss: 3.1432 - accuracy: 0.2833 - val_loss: 3.0578 - val_accuracy: 0.4000 - lr: 5.0000e-04
Epoch 15/15
2/2 [==============================] - 1s 794ms/step - loss: 3.0214 - accuracy: 0.3500 - val_loss: 2.9919 - val_accuracy: 0.2000 - lr: 5.0000e-04
1/1 [==============================] - 0s 85ms/step - loss: 3.1372 - accuracy: 0.0000e+00
Found 60 images belonging to 6 classes.
Found 5 images belonging to 6 classes.
Found 7 images belonging to 6 classes.
Epoch 1/10
2/2 [==============================] - ETA: 0s - loss: 7.3802 - accuracy: 0.1000C:\Users\tom.zbc\PycharmProjects\fungis_bacterias_project\.venv\lib\site-packages\keras\src\engine\training.py:3000: UserWarning: You are saving your model as an HDF5 file via `model.save()`. This file format is considered legacy. We recommend using instead the native Keras format, e.g. `model.save('my_model.keras')`.
  saving_api.save_model(
2/2 [==============================] - 2s 808ms/step - loss: 7.3802 - accuracy: 0.1000 - val_loss: 6.3662 - val_accuracy: 0.4000 - lr: 5.0000e-04
Epoch 2/10
2/2 [==============================] - 1s 691ms/step - loss: 6.5922 - accuracy: 0.2667 - val_loss: 5.6533 - val_accuracy: 0.2000 - lr: 5.0000e-04
Epoch 3/10
2/2 [==============================] - 1s 792ms/step - loss: 5.8714 - accuracy: 0.2333 - val_loss: 5.1981 - val_accuracy: 0.4000 - lr: 5.0000e-04
Epoch 4/10
2/2 [==============================] - 1s 687ms/step - loss: 5.4681 - accuracy: 0.3000 - val_loss: 4.8734 - val_accuracy: 0.4000 - lr: 5.0000e-04
Epoch 5/10
2/2 [==============================] - 1s 776ms/step - loss: 4.8436 - accuracy: 0.1833 - val_loss: 4.5801 - val_accuracy: 0.4000 - lr: 5.0000e-04
Epoch 6/10
2/2 [==============================] - 1s 695ms/step - loss: 4.5272 - accuracy: 0.1833 - val_loss: 4.3178 - val_accuracy: 0.4000 - lr: 5.0000e-04
Epoch 7/10
2/2 [==============================] - 1s 801ms/step - loss: 4.2492 - accuracy: 0.2000 - val_loss: 4.0869 - val_accuracy: 0.2000 - lr: 5.0000e-04
Epoch 8/10
2/2 [==============================] - 1s 709ms/step - loss: 4.0439 - accuracy: 0.2667 - val_loss: 3.9028 - val_accuracy: 0.2000 - lr: 5.0000e-04
Epoch 9/10
2/2 [==============================] - 1s 694ms/step - loss: 3.8673 - accuracy: 0.1833 - val_loss: 3.7459 - val_accuracy: 0.2000 - lr: 5.0000e-04
Epoch 10/10
2/2 [==============================] - 1s 818ms/step - loss: 3.7051 - accuracy: 0.1667 - val_loss: 3.6064 - val_accuracy: 0.2000 - lr: 5.0000e-04
1/1 [==============================] - 0s 95ms/step - loss: 3.6376 - accuracy: 0.0000e+00
Found 60 images belonging to 6 classes.
Found 5 images belonging to 6 classes.
Found 7 images belonging to 6 classes.
Epoch 1/15
2/2 [==============================] - ETA: 0s - loss: 7.2002 - accuracy: 0.1333C:\Users\tom.zbc\PycharmProjects\fungis_bacterias_project\.venv\lib\site-packages\keras\src\engine\training.py:3000: UserWarning: You are saving your model as an HDF5 file via `model.save()`. This file format is considered legacy. We recommend using instead the native Keras format, e.g. `model.save('my_model.keras')`.
  saving_api.save_model(
2/2 [==============================] - 2s 957ms/step - loss: 7.2002 - accuracy: 0.1333 - val_loss: 6.7184 - val_accuracy: 0.2000 - lr: 5.0000e-04
Epoch 2/15
2/2 [==============================] - 1s 731ms/step - loss: 6.4510 - accuracy: 0.2167 - val_loss: 5.8497 - val_accuracy: 0.4000 - lr: 5.0000e-04
Epoch 3/15
2/2 [==============================] - 1s 782ms/step - loss: 5.7872 - accuracy: 0.1667 - val_loss: 5.1851 - val_accuracy: 0.4000 - lr: 5.0000e-04
Epoch 4/15
2/2 [==============================] - 1s 754ms/step - loss: 5.2067 - accuracy: 0.1500 - val_loss: 4.8122 - val_accuracy: 0.2000 - lr: 5.0000e-04
Epoch 5/15
2/2 [==============================] - 1s 757ms/step - loss: 4.7258 - accuracy: 0.2000 - val_loss: 4.4865 - val_accuracy: 0.2000 - lr: 5.0000e-04
Epoch 6/15
2/2 [==============================] - 1s 698ms/step - loss: 4.3427 - accuracy: 0.3167 - val_loss: 4.2067 - val_accuracy: 0.2000 - lr: 5.0000e-04
Epoch 7/15
2/2 [==============================] - 1s 706ms/step - loss: 4.1069 - accuracy: 0.2000 - val_loss: 3.9607 - val_accuracy: 0.4000 - lr: 5.0000e-04
Epoch 8/15
2/2 [==============================] - 1s 692ms/step - loss: 3.8800 - accuracy: 0.2833 - val_loss: 3.7674 - val_accuracy: 0.2000 - lr: 5.0000e-04
Epoch 9/15
2/2 [==============================] - 1s 700ms/step - loss: 3.7252 - accuracy: 0.2000 - val_loss: 3.5963 - val_accuracy: 0.2000 - lr: 5.0000e-04
Epoch 10/15
2/2 [==============================] - 1s 836ms/step - loss: 3.5631 - accuracy: 0.2000 - val_loss: 3.4384 - val_accuracy: 0.4000 - lr: 5.0000e-04
Epoch 11/15
2/2 [==============================] - 1s 742ms/step - loss: 3.4363 - accuracy: 0.3000 - val_loss: 3.2864 - val_accuracy: 0.6000 - lr: 5.0000e-04
Epoch 12/15
2/2 [==============================] - 1s 744ms/step - loss: 3.2885 - accuracy: 0.3167 - val_loss: 3.1465 - val_accuracy: 0.4000 - lr: 5.0000e-04
Epoch 13/15
2/2 [==============================] - 1s 773ms/step - loss: 3.2240 - accuracy: 0.3333 - val_loss: 2.9938 - val_accuracy: 0.6000 - lr: 5.0000e-04
Epoch 14/15
2/2 [==============================] - 1s 767ms/step - loss: 3.0586 - accuracy: 0.3333 - val_loss: 2.8824 - val_accuracy: 0.4000 - lr: 5.0000e-04
Epoch 15/15
2/2 [==============================] - 1s 840ms/step - loss: 2.9606 - accuracy: 0.3833 - val_loss: 2.8029 - val_accuracy: 0.4000 - lr: 5.0000e-04
1/1 [==============================] - 0s 88ms/step - loss: 3.1082 - accuracy: 0.0000e+00
Found 60 images belonging to 6 classes.
Found 5 images belonging to 6 classes.
Found 7 images belonging to 6 classes.
Epoch 1/10
2/2 [==============================] - ETA: 0s - loss: 7.6586 - accuracy: 0.1333C:\Users\tom.zbc\PycharmProjects\fungis_bacterias_project\.venv\lib\site-packages\keras\src\engine\training.py:3000: UserWarning: You are saving your model as an HDF5 file via `model.save()`. This file format is considered legacy. We recommend using instead the native Keras format, e.g. `model.save('my_model.keras')`.
  saving_api.save_model(
2/2 [==============================] - 2s 955ms/step - loss: 7.6586 - accuracy: 0.1333 - val_loss: 7.0767 - val_accuracy: 0.2000 - lr: 5.0000e-04
Epoch 2/10
2/2 [==============================] - 1s 787ms/step - loss: 6.6498 - accuracy: 0.1333 - val_loss: 5.5976 - val_accuracy: 0.4000 - lr: 5.0000e-04
Epoch 3/10
2/2 [==============================] - 1s 741ms/step - loss: 6.0290 - accuracy: 0.1333 - val_loss: 4.8723 - val_accuracy: 0.4000 - lr: 5.0000e-04
Epoch 4/10
2/2 [==============================] - 1s 756ms/step - loss: 5.2370 - accuracy: 0.2000 - val_loss: 4.5320 - val_accuracy: 0.4000 - lr: 5.0000e-04
Epoch 5/10
2/2 [==============================] - 1s 761ms/step - loss: 4.7130 - accuracy: 0.2000 - val_loss: 4.3001 - val_accuracy: 0.6000 - lr: 5.0000e-04
Epoch 6/10
2/2 [==============================] - 1s 785ms/step - loss: 4.3461 - accuracy: 0.2000 - val_loss: 4.1071 - val_accuracy: 0.4000 - lr: 5.0000e-04
Epoch 7/10
2/2 [==============================] - 1s 723ms/step - loss: 4.1339 - accuracy: 0.2000 - val_loss: 3.9633 - val_accuracy: 0.4000 - lr: 5.0000e-04
Epoch 8/10
2/2 [==============================] - 1s 811ms/step - loss: 3.9629 - accuracy: 0.2333 - val_loss: 3.8401 - val_accuracy: 0.2000 - lr: 5.0000e-04
Epoch 9/10
2/2 [==============================] - 1s 803ms/step - loss: 3.7802 - accuracy: 0.2333 - val_loss: 3.7303 - val_accuracy: 0.2000 - lr: 5.0000e-04
Epoch 10/10
2/2 [==============================] - 1s 788ms/step - loss: 3.6907 - accuracy: 0.2167 - val_loss: 3.6203 - val_accuracy: 0.2000 - lr: 5.0000e-04
1/1 [==============================] - 0s 100ms/step - loss: 3.6566 - accuracy: 0.1429
Found 60 images belonging to 6 classes.
Found 5 images belonging to 6 classes.
Found 7 images belonging to 6 classes.
Epoch 1/15
2/2 [==============================] - ETA: 0s - loss: 7.3238 - accuracy: 0.1667C:\Users\tom.zbc\PycharmProjects\fungis_bacterias_project\.venv\lib\site-packages\keras\src\engine\training.py:3000: UserWarning: You are saving your model as an HDF5 file via `model.save()`. This file format is considered legacy. We recommend using instead the native Keras format, e.g. `model.save('my_model.keras')`.
  saving_api.save_model(
2/2 [==============================] - 2s 917ms/step - loss: 7.3238 - accuracy: 0.1667 - val_loss: 6.4060 - val_accuracy: 0.2000 - lr: 5.0000e-04
Epoch 2/15
2/2 [==============================] - 1s 789ms/step - loss: 6.2289 - accuracy: 0.1500 - val_loss: 5.8394 - val_accuracy: 0.0000e+00 - lr: 5.0000e-04
Epoch 3/15
2/2 [==============================] - 1s 732ms/step - loss: 5.5212 - accuracy: 0.1667 - val_loss: 5.1894 - val_accuracy: 0.0000e+00 - lr: 5.0000e-04
Epoch 4/15
2/2 [==============================] - 1s 812ms/step - loss: 4.9029 - accuracy: 0.1167 - val_loss: 4.5788 - val_accuracy: 0.0000e+00 - lr: 5.0000e-04
Epoch 5/15
2/2 [==============================] - 1s 735ms/step - loss: 4.3935 - accuracy: 0.2333 - val_loss: 4.1500 - val_accuracy: 0.0000e+00 - lr: 5.0000e-04
Epoch 6/15
2/2 [==============================] - 1s 705ms/step - loss: 4.0682 - accuracy: 0.2000 - val_loss: 3.8266 - val_accuracy: 0.2000 - lr: 5.0000e-04
Epoch 7/15
2/2 [==============================] - 1s 718ms/step - loss: 3.8191 - accuracy: 0.2667 - val_loss: 3.6056 - val_accuracy: 0.4000 - lr: 5.0000e-04
Epoch 8/15
2/2 [==============================] - 1s 814ms/step - loss: 3.5998 - accuracy: 0.2167 - val_loss: 3.4380 - val_accuracy: 0.4000 - lr: 5.0000e-04
Epoch 9/15
2/2 [==============================] - 1s 723ms/step - loss: 3.4691 - accuracy: 0.3000 - val_loss: 3.2927 - val_accuracy: 0.6000 - lr: 5.0000e-04
Epoch 10/15
2/2 [==============================] - 1s 795ms/step - loss: 3.3343 - accuracy: 0.2667 - val_loss: 3.1669 - val_accuracy: 0.4000 - lr: 5.0000e-04
Epoch 11/15
2/2 [==============================] - 1s 805ms/step - loss: 3.2582 - accuracy: 0.2167 - val_loss: 3.0756 - val_accuracy: 0.4000 - lr: 5.0000e-04
Epoch 12/15
2/2 [==============================] - 1s 722ms/step - loss: 3.1352 - accuracy: 0.3500 - val_loss: 2.9836 - val_accuracy: 0.4000 - lr: 5.0000e-04
Epoch 13/15
2/2 [==============================] - 1s 721ms/step - loss: 3.0500 - accuracy: 0.3333 - val_loss: 2.8490 - val_accuracy: 0.4000 - lr: 5.0000e-04
Epoch 14/15
2/2 [==============================] - 1s 741ms/step - loss: 2.8656 - accuracy: 0.4167 - val_loss: 2.7413 - val_accuracy: 0.4000 - lr: 5.0000e-04
Epoch 15/15
2/2 [==============================] - 1s 730ms/step - loss: 2.8523 - accuracy: 0.3167 - val_loss: 2.6653 - val_accuracy: 0.6000 - lr: 5.0000e-04
1/1 [==============================] - 0s 91ms/step - loss: 2.7499 - accuracy: 0.4286
Found 60 images belonging to 6 classes.
Found 5 images belonging to 6 classes.
Found 7 images belonging to 6 classes.
Epoch 1/10
2/2 [==============================] - ETA: 0s - loss: 7.6046 - accuracy: 0.1000C:\Users\tom.zbc\PycharmProjects\fungis_bacterias_project\.venv\lib\site-packages\keras\src\engine\training.py:3000: UserWarning: You are saving your model as an HDF5 file via `model.save()`. This file format is considered legacy. We recommend using instead the native Keras format, e.g. `model.save('my_model.keras')`.
  saving_api.save_model(
2/2 [==============================] - 2s 997ms/step - loss: 7.6046 - accuracy: 0.1000 - val_loss: 6.6200 - val_accuracy: 0.2000 - lr: 5.0000e-04
Epoch 2/10
2/2 [==============================] - 1s 844ms/step - loss: 6.4201 - accuracy: 0.2000 - val_loss: 5.7385 - val_accuracy: 0.4000 - lr: 5.0000e-04
Epoch 3/10
2/2 [==============================] - 1s 790ms/step - loss: 5.6135 - accuracy: 0.3500 - val_loss: 5.0869 - val_accuracy: 0.4000 - lr: 5.0000e-04
Epoch 4/10
2/2 [==============================] - 1s 734ms/step - loss: 5.2518 - accuracy: 0.2333 - val_loss: 4.6730 - val_accuracy: 0.4000 - lr: 5.0000e-04
Epoch 5/10
2/2 [==============================] - 1s 795ms/step - loss: 4.7627 - accuracy: 0.1833 - val_loss: 4.4348 - val_accuracy: 0.0000e+00 - lr: 5.0000e-04
Epoch 6/10
2/2 [==============================] - 1s 735ms/step - loss: 4.4982 - accuracy: 0.2167 - val_loss: 4.2275 - val_accuracy: 0.2000 - lr: 5.0000e-04
Epoch 7/10
2/2 [==============================] - 1s 790ms/step - loss: 4.1986 - accuracy: 0.1667 - val_loss: 4.0389 - val_accuracy: 0.2000 - lr: 5.0000e-04
Epoch 8/10
2/2 [==============================] - 1s 742ms/step - loss: 4.0156 - accuracy: 0.2333 - val_loss: 3.8812 - val_accuracy: 0.4000 - lr: 5.0000e-04
Epoch 9/10
2/2 [==============================] - 1s 716ms/step - loss: 3.8692 - accuracy: 0.1167 - val_loss: 3.7444 - val_accuracy: 0.4000 - lr: 5.0000e-04
Epoch 10/10
2/2 [==============================] - 1s 702ms/step - loss: 3.7349 - accuracy: 0.2000 - val_loss: 3.6234 - val_accuracy: 0.4000 - lr: 5.0000e-04
1/1 [==============================] - 0s 91ms/step - loss: 3.6125 - accuracy: 0.4286
Found 60 images belonging to 6 classes.
Found 5 images belonging to 6 classes.
Found 7 images belonging to 6 classes.
Epoch 1/15
2/2 [==============================] - ETA: 0s - loss: 7.4079 - accuracy: 0.1167C:\Users\tom.zbc\PycharmProjects\fungis_bacterias_project\.venv\lib\site-packages\keras\src\engine\training.py:3000: UserWarning: You are saving your model as an HDF5 file via `model.save()`. This file format is considered legacy. We recommend using instead the native Keras format, e.g. `model.save('my_model.keras')`.
  saving_api.save_model(
2/2 [==============================] - 2s 962ms/step - loss: 7.4079 - accuracy: 0.1167 - val_loss: 6.3749 - val_accuracy: 0.2000 - lr: 5.0000e-04
Epoch 2/15
2/2 [==============================] - 1s 797ms/step - loss: 6.1987 - accuracy: 0.2167 - val_loss: 5.5980 - val_accuracy: 0.2000 - lr: 5.0000e-04
Epoch 3/15
2/2 [==============================] - 1s 737ms/step - loss: 5.5292 - accuracy: 0.1833 - val_loss: 4.9033 - val_accuracy: 0.2000 - lr: 5.0000e-04
Epoch 4/15
2/2 [==============================] - 1s 700ms/step - loss: 4.9550 - accuracy: 0.1333 - val_loss: 4.3827 - val_accuracy: 0.2000 - lr: 5.0000e-04
Epoch 5/15
2/2 [==============================] - 1s 809ms/step - loss: 4.4539 - accuracy: 0.1333 - val_loss: 4.0467 - val_accuracy: 0.2000 - lr: 5.0000e-04
Epoch 6/15
2/2 [==============================] - 1s 739ms/step - loss: 4.1263 - accuracy: 0.1833 - val_loss: 3.7815 - val_accuracy: 0.2000 - lr: 5.0000e-04
Epoch 7/15
2/2 [==============================] - 1s 745ms/step - loss: 3.8657 - accuracy: 0.2167 - val_loss: 3.5818 - val_accuracy: 0.6000 - lr: 5.0000e-04
Epoch 8/15
2/2 [==============================] - 1s 831ms/step - loss: 3.6168 - accuracy: 0.2667 - val_loss: 3.4090 - val_accuracy: 0.6000 - lr: 5.0000e-04
Epoch 9/15
2/2 [==============================] - 1s 788ms/step - loss: 3.4789 - accuracy: 0.2000 - val_loss: 3.2668 - val_accuracy: 0.4000 - lr: 5.0000e-04
Epoch 10/15
2/2 [==============================] - 1s 826ms/step - loss: 3.3478 - accuracy: 0.2500 - val_loss: 3.1567 - val_accuracy: 0.8000 - lr: 5.0000e-04
Epoch 11/15
2/2 [==============================] - 1s 744ms/step - loss: 3.2458 - accuracy: 0.2833 - val_loss: 3.0512 - val_accuracy: 0.8000 - lr: 5.0000e-04
Epoch 12/15
2/2 [==============================] - 1s 847ms/step - loss: 3.2040 - accuracy: 0.1667 - val_loss: 2.9754 - val_accuracy: 0.6000 - lr: 5.0000e-04
Epoch 13/15
2/2 [==============================] - 1s 861ms/step - loss: 3.0863 - accuracy: 0.2500 - val_loss: 2.9070 - val_accuracy: 0.4000 - lr: 5.0000e-04
Epoch 14/15
2/2 [==============================] - 1s 712ms/step - loss: 3.0045 - accuracy: 0.2833 - val_loss: 2.7990 - val_accuracy: 0.6000 - lr: 5.0000e-04
Epoch 15/15
2/2 [==============================] - 1s 791ms/step - loss: 2.8999 - accuracy: 0.2500 - val_loss: 2.6965 - val_accuracy: 0.2000 - lr: 5.0000e-04
1/1 [==============================] - 0s 94ms/step - loss: 2.7389 - accuracy: 0.1429
Found 60 images belonging to 6 classes.
Found 5 images belonging to 6 classes.
Found 7 images belonging to 6 classes.
Epoch 1/10
2/2 [==============================] - ETA: 0s - loss: 7.8404 - accuracy: 0.1500C:\Users\tom.zbc\PycharmProjects\fungis_bacterias_project\.venv\lib\site-packages\keras\src\engine\training.py:3000: UserWarning: You are saving your model as an HDF5 file via `model.save()`. This file format is considered legacy. We recommend using instead the native Keras format, e.g. `model.save('my_model.keras')`.
  saving_api.save_model(
2/2 [==============================] - 3s 1s/step - loss: 7.8404 - accuracy: 0.1500 - val_loss: 6.3957 - val_accuracy: 0.4000 - lr: 5.0000e-04
Epoch 2/10
2/2 [==============================] - 2s 1s/step - loss: 6.6819 - accuracy: 0.1667 - val_loss: 5.5307 - val_accuracy: 0.0000e+00 - lr: 5.0000e-04
Epoch 3/10
2/2 [==============================] - 2s 1s/step - loss: 5.6630 - accuracy: 0.1000 - val_loss: 5.0665 - val_accuracy: 0.4000 - lr: 5.0000e-04
Epoch 4/10
2/2 [==============================] - 2s 1s/step - loss: 5.0069 - accuracy: 0.2000 - val_loss: 4.6937 - val_accuracy: 0.2000 - lr: 5.0000e-04
Epoch 5/10
2/2 [==============================] - 2s 1s/step - loss: 4.6053 - accuracy: 0.2167 - val_loss: 4.4081 - val_accuracy: 0.2000 - lr: 5.0000e-04
Epoch 6/10
2/2 [==============================] - 2s 1s/step - loss: 4.3495 - accuracy: 0.2000 - val_loss: 4.2028 - val_accuracy: 0.2000 - lr: 5.0000e-04
Epoch 7/10
2/2 [==============================] - 2s 1s/step - loss: 4.1634 - accuracy: 0.2000 - val_loss: 4.0338 - val_accuracy: 0.2000 - lr: 5.0000e-04
Epoch 8/10
2/2 [==============================] - 2s 1s/step - loss: 4.0081 - accuracy: 0.2000 - val_loss: 3.8776 - val_accuracy: 0.2000 - lr: 5.0000e-04
Epoch 9/10
2/2 [==============================] - 2s 1s/step - loss: 3.8761 - accuracy: 0.2333 - val_loss: 3.7208 - val_accuracy: 0.2000 - lr: 5.0000e-04
Epoch 10/10
2/2 [==============================] - 2s 1s/step - loss: 3.7447 - accuracy: 0.1833 - val_loss: 3.5912 - val_accuracy: 0.2000 - lr: 5.0000e-04
1/1 [==============================] - 0s 115ms/step - loss: 3.6121 - accuracy: 0.1429
Found 60 images belonging to 6 classes.
Found 5 images belonging to 6 classes.
Found 7 images belonging to 6 classes.
Epoch 1/15
2/2 [==============================] - ETA: 0s - loss: 8.0945 - accuracy: 0.0833C:\Users\tom.zbc\PycharmProjects\fungis_bacterias_project\.venv\lib\site-packages\keras\src\engine\training.py:3000: UserWarning: You are saving your model as an HDF5 file via `model.save()`. This file format is considered legacy. We recommend using instead the native Keras format, e.g. `model.save('my_model.keras')`.
  saving_api.save_model(
2/2 [==============================] - 2s 1s/step - loss: 8.0945 - accuracy: 0.0833 - val_loss: 7.9468 - val_accuracy: 0.2000 - lr: 5.0000e-04
Epoch 2/15
2/2 [==============================] - 2s 1s/step - loss: 6.9269 - accuracy: 0.1333 - val_loss: 5.9957 - val_accuracy: 0.4000 - lr: 5.0000e-04
Epoch 3/15
2/2 [==============================] - 2s 1s/step - loss: 5.8546 - accuracy: 0.2000 - val_loss: 5.4724 - val_accuracy: 0.2000 - lr: 5.0000e-04
Epoch 4/15
2/2 [==============================] - 2s 1s/step - loss: 5.2284 - accuracy: 0.2167 - val_loss: 4.9731 - val_accuracy: 0.2000 - lr: 5.0000e-04
Epoch 5/15
2/2 [==============================] - 2s 1s/step - loss: 4.9237 - accuracy: 0.1000 - val_loss: 4.6277 - val_accuracy: 0.2000 - lr: 5.0000e-04
Epoch 6/15
2/2 [==============================] - 2s 1s/step - loss: 4.5942 - accuracy: 0.1833 - val_loss: 4.4311 - val_accuracy: 0.2000 - lr: 5.0000e-04
Epoch 7/15
2/2 [==============================] - 2s 1s/step - loss: 4.4197 - accuracy: 0.1667 - val_loss: 4.3000 - val_accuracy: 0.2000 - lr: 5.0000e-04
Epoch 8/15
2/2 [==============================] - 2s 1s/step - loss: 4.2904 - accuracy: 0.1333 - val_loss: 4.1781 - val_accuracy: 0.2000 - lr: 5.0000e-04
Epoch 9/15
2/2 [==============================] - 2s 1s/step - loss: 4.1527 - accuracy: 0.1500 - val_loss: 4.0514 - val_accuracy: 0.2000 - lr: 5.0000e-04
Epoch 10/15
2/2 [==============================] - 2s 1s/step - loss: 4.0184 - accuracy: 0.1667 - val_loss: 3.9156 - val_accuracy: 0.2000 - lr: 5.0000e-04
Epoch 11/15
2/2 [==============================] - 2s 1s/step - loss: 3.8832 - accuracy: 0.1667 - val_loss: 3.7756 - val_accuracy: 0.2000 - lr: 5.0000e-04
Epoch 12/15
2/2 [==============================] - 2s 1s/step - loss: 3.7365 - accuracy: 0.1833 - val_loss: 3.6352 - val_accuracy: 0.2000 - lr: 5.0000e-04
Epoch 13/15
2/2 [==============================] - 2s 1s/step - loss: 3.5998 - accuracy: 0.1833 - val_loss: 3.5120 - val_accuracy: 0.2000 - lr: 5.0000e-04
Epoch 14/15
2/2 [==============================] - 2s 1s/step - loss: 3.4797 - accuracy: 0.2000 - val_loss: 3.3941 - val_accuracy: 0.0000e+00 - lr: 5.0000e-04
Epoch 15/15
2/2 [==============================] - 2s 1s/step - loss: 3.3454 - accuracy: 0.2000 - val_loss: 3.2747 - val_accuracy: 0.2000 - lr: 5.0000e-04
1/1 [==============================] - 0s 102ms/step - loss: 3.2735 - accuracy: 0.2857
Found 60 images belonging to 6 classes.
Found 5 images belonging to 6 classes.
Found 7 images belonging to 6 classes.
Epoch 1/10
2/2 [==============================] - ETA: 0s - loss: 7.9600 - accuracy: 0.1333C:\Users\tom.zbc\PycharmProjects\fungis_bacterias_project\.venv\lib\site-packages\keras\src\engine\training.py:3000: UserWarning: You are saving your model as an HDF5 file via `model.save()`. This file format is considered legacy. We recommend using instead the native Keras format, e.g. `model.save('my_model.keras')`.
  saving_api.save_model(
2/2 [==============================] - 2s 1s/step - loss: 7.9600 - accuracy: 0.1333 - val_loss: 7.4937 - val_accuracy: 0.4000 - lr: 5.0000e-04
Epoch 2/10
2/2 [==============================] - 2s 1s/step - loss: 7.0256 - accuracy: 0.1500 - val_loss: 6.2556 - val_accuracy: 0.2000 - lr: 5.0000e-04
Epoch 3/10
2/2 [==============================] - 2s 1s/step - loss: 5.7617 - accuracy: 0.3167 - val_loss: 5.4383 - val_accuracy: 0.0000e+00 - lr: 5.0000e-04
Epoch 4/10
2/2 [==============================] - 2s 1s/step - loss: 5.0962 - accuracy: 0.1500 - val_loss: 4.8673 - val_accuracy: 0.0000e+00 - lr: 5.0000e-04
Epoch 5/10
2/2 [==============================] - 2s 1s/step - loss: 4.7116 - accuracy: 0.2167 - val_loss: 4.5543 - val_accuracy: 0.0000e+00 - lr: 5.0000e-04
Epoch 6/10
2/2 [==============================] - 2s 1s/step - loss: 4.5137 - accuracy: 0.0667 - val_loss: 4.3638 - val_accuracy: 0.2000 - lr: 5.0000e-04
Epoch 7/10
2/2 [==============================] - 2s 1s/step - loss: 4.3272 - accuracy: 0.2000 - val_loss: 4.2196 - val_accuracy: 0.4000 - lr: 5.0000e-04
Epoch 8/10
2/2 [==============================] - 2s 1s/step - loss: 4.1997 - accuracy: 0.2667 - val_loss: 4.0903 - val_accuracy: 0.4000 - lr: 5.0000e-04
Epoch 9/10
2/2 [==============================] - 2s 1s/step - loss: 4.0844 - accuracy: 0.1333 - val_loss: 3.9556 - val_accuracy: 0.4000 - lr: 5.0000e-04
Epoch 10/10
2/2 [==============================] - 2s 1s/step - loss: 3.9534 - accuracy: 0.2500 - val_loss: 3.8160 - val_accuracy: 0.2000 - lr: 5.0000e-04
1/1 [==============================] - 0s 97ms/step - loss: 3.8241 - accuracy: 0.4286
Found 60 images belonging to 6 classes.
Found 5 images belonging to 6 classes.
Found 7 images belonging to 6 classes.
Epoch 1/15
2/2 [==============================] - ETA: 0s - loss: 7.6622 - accuracy: 0.1500C:\Users\tom.zbc\PycharmProjects\fungis_bacterias_project\.venv\lib\site-packages\keras\src\engine\training.py:3000: UserWarning: You are saving your model as an HDF5 file via `model.save()`. This file format is considered legacy. We recommend using instead the native Keras format, e.g. `model.save('my_model.keras')`.
  saving_api.save_model(
2/2 [==============================] - 2s 1s/step - loss: 7.6622 - accuracy: 0.1500 - val_loss: 7.0663 - val_accuracy: 0.0000e+00 - lr: 5.0000e-04
Epoch 2/15
2/2 [==============================] - 2s 1s/step - loss: 6.5716 - accuracy: 0.2500 - val_loss: 6.0981 - val_accuracy: 0.0000e+00 - lr: 5.0000e-04
Epoch 3/15
2/2 [==============================] - 2s 1s/step - loss: 5.6617 - accuracy: 0.1833 - val_loss: 5.1541 - val_accuracy: 0.2000 - lr: 5.0000e-04
Epoch 4/15
2/2 [==============================] - 2s 1s/step - loss: 5.0214 - accuracy: 0.2167 - val_loss: 4.6703 - val_accuracy: 0.2000 - lr: 5.0000e-04
Epoch 5/15
2/2 [==============================] - 2s 1s/step - loss: 4.6082 - accuracy: 0.2000 - val_loss: 4.3943 - val_accuracy: 0.4000 - lr: 5.0000e-04
Epoch 6/15
2/2 [==============================] - 2s 1s/step - loss: 4.3377 - accuracy: 0.2167 - val_loss: 4.1844 - val_accuracy: 0.2000 - lr: 5.0000e-04
Epoch 7/15
2/2 [==============================] - 2s 1s/step - loss: 4.1449 - accuracy: 0.2167 - val_loss: 3.9956 - val_accuracy: 0.2000 - lr: 5.0000e-04
Epoch 8/15
2/2 [==============================] - 2s 1s/step - loss: 3.9976 - accuracy: 0.2000 - val_loss: 3.8321 - val_accuracy: 0.2000 - lr: 5.0000e-04
Epoch 9/15
2/2 [==============================] - 2s 1s/step - loss: 3.8662 - accuracy: 0.2000 - val_loss: 3.6911 - val_accuracy: 0.4000 - lr: 5.0000e-04
Epoch 10/15
2/2 [==============================] - 2s 1s/step - loss: 3.7210 - accuracy: 0.2833 - val_loss: 3.5542 - val_accuracy: 0.4000 - lr: 5.0000e-04
Epoch 11/15
2/2 [==============================] - 2s 1s/step - loss: 3.5504 - accuracy: 0.2333 - val_loss: 3.4237 - val_accuracy: 0.4000 - lr: 5.0000e-04
Epoch 12/15
2/2 [==============================] - 2s 1s/step - loss: 3.3711 - accuracy: 0.3167 - val_loss: 3.3155 - val_accuracy: 0.2000 - lr: 5.0000e-04
Epoch 13/15
2/2 [==============================] - 2s 1s/step - loss: 3.3041 - accuracy: 0.2667 - val_loss: 3.2100 - val_accuracy: 0.2000 - lr: 5.0000e-04
Epoch 14/15
2/2 [==============================] - 2s 1s/step - loss: 3.1599 - accuracy: 0.3000 - val_loss: 3.0781 - val_accuracy: 0.2000 - lr: 5.0000e-04
Epoch 15/15
2/2 [==============================] - 2s 1s/step - loss: 3.0554 - accuracy: 0.2167 - val_loss: 2.9796 - val_accuracy: 0.2000 - lr: 5.0000e-04
1/1 [==============================] - 0s 113ms/step - loss: 3.0206 - accuracy: 0.1429
Found 60 images belonging to 6 classes.
Found 5 images belonging to 6 classes.
Found 7 images belonging to 6 classes.
Epoch 1/10
2/2 [==============================] - ETA: 0s - loss: 8.6307 - accuracy: 0.1667C:\Users\tom.zbc\PycharmProjects\fungis_bacterias_project\.venv\lib\site-packages\keras\src\engine\training.py:3000: UserWarning: You are saving your model as an HDF5 file via `model.save()`. This file format is considered legacy. We recommend using instead the native Keras format, e.g. `model.save('my_model.keras')`.
  saving_api.save_model(
2/2 [==============================] - 2s 1s/step - loss: 8.6307 - accuracy: 0.1667 - val_loss: 7.1674 - val_accuracy: 0.2000 - lr: 5.0000e-04
Epoch 2/10
2/2 [==============================] - 2s 1s/step - loss: 6.6913 - accuracy: 0.2167 - val_loss: 5.8871 - val_accuracy: 0.4000 - lr: 5.0000e-04
Epoch 3/10
2/2 [==============================] - 2s 1s/step - loss: 5.7528 - accuracy: 0.1000 - val_loss: 5.1432 - val_accuracy: 0.6000 - lr: 5.0000e-04
Epoch 4/10
2/2 [==============================] - 2s 1s/step - loss: 5.1954 - accuracy: 0.1667 - val_loss: 4.7226 - val_accuracy: 0.4000 - lr: 5.0000e-04
Epoch 5/10
2/2 [==============================] - 2s 1s/step - loss: 4.7619 - accuracy: 0.2333 - val_loss: 4.4879 - val_accuracy: 0.4000 - lr: 5.0000e-04
Epoch 6/10
2/2 [==============================] - 2s 1s/step - loss: 4.4962 - accuracy: 0.2333 - val_loss: 4.3296 - val_accuracy: 0.2000 - lr: 5.0000e-04
Epoch 7/10
2/2 [==============================] - 2s 1s/step - loss: 4.3174 - accuracy: 0.2833 - val_loss: 4.2062 - val_accuracy: 0.2000 - lr: 5.0000e-04
Epoch 8/10
2/2 [==============================] - 2s 1s/step - loss: 4.1867 - accuracy: 0.1333 - val_loss: 4.0881 - val_accuracy: 0.2000 - lr: 5.0000e-04
Epoch 9/10
2/2 [==============================] - 2s 1s/step - loss: 4.0373 - accuracy: 0.2167 - val_loss: 3.9612 - val_accuracy: 0.4000 - lr: 5.0000e-04
Epoch 10/10
2/2 [==============================] - 2s 1s/step - loss: 3.9225 - accuracy: 0.2167 - val_loss: 3.8153 - val_accuracy: 0.4000 - lr: 5.0000e-04
1/1 [==============================] - 0s 104ms/step - loss: 3.8558 - accuracy: 0.1429
Found 60 images belonging to 6 classes.
Found 5 images belonging to 6 classes.
Found 7 images belonging to 6 classes.
Epoch 1/15
2/2 [==============================] - ETA: 0s - loss: 8.2285 - accuracy: 0.1167C:\Users\tom.zbc\PycharmProjects\fungis_bacterias_project\.venv\lib\site-packages\keras\src\engine\training.py:3000: UserWarning: You are saving your model as an HDF5 file via `model.save()`. This file format is considered legacy. We recommend using instead the native Keras format, e.g. `model.save('my_model.keras')`.
  saving_api.save_model(
2/2 [==============================] - 2s 1s/step - loss: 8.2285 - accuracy: 0.1167 - val_loss: 7.5574 - val_accuracy: 0.0000e+00 - lr: 5.0000e-04
Epoch 2/15
2/2 [==============================] - 2s 1s/step - loss: 7.1553 - accuracy: 0.0333 - val_loss: 6.3838 - val_accuracy: 0.0000e+00 - lr: 5.0000e-04
Epoch 3/15
2/2 [==============================] - 2s 1s/step - loss: 5.9419 - accuracy: 0.1500 - val_loss: 5.4046 - val_accuracy: 0.2000 - lr: 5.0000e-04
Epoch 4/15
2/2 [==============================] - 2s 1s/step - loss: 5.3166 - accuracy: 0.1667 - val_loss: 4.9470 - val_accuracy: 0.2000 - lr: 5.0000e-04
Epoch 5/15
2/2 [==============================] - 2s 1s/step - loss: 4.8792 - accuracy: 0.2000 - val_loss: 4.6882 - val_accuracy: 0.2000 - lr: 5.0000e-04
Epoch 6/15
2/2 [==============================] - 2s 1s/step - loss: 4.6252 - accuracy: 0.2833 - val_loss: 4.5118 - val_accuracy: 0.2000 - lr: 5.0000e-04
Epoch 7/15
2/2 [==============================] - 2s 1s/step - loss: 4.4690 - accuracy: 0.2000 - val_loss: 4.3750 - val_accuracy: 0.2000 - lr: 5.0000e-04
Epoch 8/15
2/2 [==============================] - 2s 1s/step - loss: 4.3357 - accuracy: 0.2000 - val_loss: 4.2520 - val_accuracy: 0.0000e+00 - lr: 5.0000e-04
Epoch 9/15
2/2 [==============================] - 2s 1s/step - loss: 4.2080 - accuracy: 0.2667 - val_loss: 4.1288 - val_accuracy: 0.0000e+00 - lr: 5.0000e-04
Epoch 10/15
2/2 [==============================] - 2s 1s/step - loss: 4.0642 - accuracy: 0.3000 - val_loss: 3.9940 - val_accuracy: 0.0000e+00 - lr: 5.0000e-04
Epoch 11/15
2/2 [==============================] - 2s 1s/step - loss: 3.9439 - accuracy: 0.2333 - val_loss: 3.8547 - val_accuracy: 0.0000e+00 - lr: 5.0000e-04
Epoch 12/15
2/2 [==============================] - 2s 1s/step - loss: 3.7887 - accuracy: 0.2667 - val_loss: 3.7197 - val_accuracy: 0.0000e+00 - lr: 5.0000e-04
Epoch 13/15
2/2 [==============================] - 2s 1s/step - loss: 3.6374 - accuracy: 0.2333 - val_loss: 3.5920 - val_accuracy: 0.0000e+00 - lr: 5.0000e-04
Epoch 14/15
2/2 [==============================] - 2s 1s/step - loss: 3.4923 - accuracy: 0.3000 - val_loss: 3.4689 - val_accuracy: 0.2000 - lr: 5.0000e-04
Epoch 15/15
2/2 [==============================] - 2s 1s/step - loss: 3.3696 - accuracy: 0.2667 - val_loss: 3.3517 - val_accuracy: 0.2000 - lr: 5.0000e-04
1/1 [==============================] - 0s 103ms/step - loss: 3.3634 - accuracy: 0.1429
Found 60 images belonging to 6 classes.
Found 5 images belonging to 6 classes.
Found 7 images belonging to 6 classes.
Epoch 1/10
2/2 [==============================] - ETA: 0s - loss: 7.8803 - accuracy: 0.1833C:\Users\tom.zbc\PycharmProjects\fungis_bacterias_project\.venv\lib\site-packages\keras\src\engine\training.py:3000: UserWarning: You are saving your model as an HDF5 file via `model.save()`. This file format is considered legacy. We recommend using instead the native Keras format, e.g. `model.save('my_model.keras')`.
  saving_api.save_model(
2/2 [==============================] - 3s 1s/step - loss: 7.8803 - accuracy: 0.1833 - val_loss: 7.6815 - val_accuracy: 0.0000e+00 - lr: 5.0000e-04
Epoch 2/10
2/2 [==============================] - 2s 1s/step - loss: 7.0651 - accuracy: 0.2167 - val_loss: 5.4840 - val_accuracy: 0.6000 - lr: 5.0000e-04
Epoch 3/10
2/2 [==============================] - 2s 1s/step - loss: 5.9299 - accuracy: 0.1667 - val_loss: 4.9961 - val_accuracy: 0.8000 - lr: 5.0000e-04
Epoch 4/10
2/2 [==============================] - 2s 1s/step - loss: 5.1643 - accuracy: 0.2000 - val_loss: 4.7431 - val_accuracy: 0.6000 - lr: 5.0000e-04
Epoch 5/10
2/2 [==============================] - 2s 1s/step - loss: 4.7356 - accuracy: 0.2667 - val_loss: 4.5340 - val_accuracy: 0.2000 - lr: 5.0000e-04
Epoch 6/10
2/2 [==============================] - 2s 1s/step - loss: 4.5091 - accuracy: 0.2833 - val_loss: 4.3674 - val_accuracy: 0.2000 - lr: 5.0000e-04
Epoch 7/10
2/2 [==============================] - 2s 1s/step - loss: 4.3385 - accuracy: 0.2167 - val_loss: 4.2295 - val_accuracy: 0.2000 - lr: 5.0000e-04
Epoch 8/10
2/2 [==============================] - 2s 1s/step - loss: 4.2089 - accuracy: 0.2167 - val_loss: 4.1060 - val_accuracy: 0.4000 - lr: 5.0000e-04
Epoch 9/10
2/2 [==============================] - 2s 1s/step - loss: 4.0814 - accuracy: 0.1500 - val_loss: 3.9714 - val_accuracy: 0.4000 - lr: 5.0000e-04
Epoch 10/10
2/2 [==============================] - 2s 1s/step - loss: 3.9320 - accuracy: 0.2333 - val_loss: 3.8257 - val_accuracy: 0.2000 - lr: 5.0000e-04
1/1 [==============================] - 0s 108ms/step - loss: 3.8591 - accuracy: 0.0000e+00
Found 60 images belonging to 6 classes.
Found 5 images belonging to 6 classes.
Found 7 images belonging to 6 classes.
Epoch 1/15
2/2 [==============================] - ETA: 0s - loss: 8.1558 - accuracy: 0.1500C:\Users\tom.zbc\PycharmProjects\fungis_bacterias_project\.venv\lib\site-packages\keras\src\engine\training.py:3000: UserWarning: You are saving your model as an HDF5 file via `model.save()`. This file format is considered legacy. We recommend using instead the native Keras format, e.g. `model.save('my_model.keras')`.
  saving_api.save_model(
2/2 [==============================] - 3s 1s/step - loss: 8.1558 - accuracy: 0.1500 - val_loss: 7.6061 - val_accuracy: 0.2000 - lr: 5.0000e-04
Epoch 2/15
2/2 [==============================] - 2s 1s/step - loss: 6.9350 - accuracy: 0.1333 - val_loss: 6.4473 - val_accuracy: 0.4000 - lr: 5.0000e-04
Epoch 3/15
2/2 [==============================] - 2s 1s/step - loss: 5.8307 - accuracy: 0.2667 - val_loss: 5.3581 - val_accuracy: 0.2000 - lr: 5.0000e-04
Epoch 4/15
2/2 [==============================] - 2s 1s/step - loss: 5.2146 - accuracy: 0.1333 - val_loss: 4.8832 - val_accuracy: 0.2000 - lr: 5.0000e-04
Epoch 5/15
2/2 [==============================] - 2s 1s/step - loss: 4.8600 - accuracy: 0.2667 - val_loss: 4.6224 - val_accuracy: 0.2000 - lr: 5.0000e-04
Epoch 6/15
2/2 [==============================] - 2s 1s/step - loss: 4.5666 - accuracy: 0.3000 - val_loss: 4.4484 - val_accuracy: 0.2000 - lr: 5.0000e-04
Epoch 7/15
2/2 [==============================] - 2s 1s/step - loss: 4.4312 - accuracy: 0.1667 - val_loss: 4.3077 - val_accuracy: 0.2000 - lr: 5.0000e-04
Epoch 8/15
2/2 [==============================] - 2s 1s/step - loss: 4.2799 - accuracy: 0.1667 - val_loss: 4.1747 - val_accuracy: 0.2000 - lr: 5.0000e-04
Epoch 9/15
2/2 [==============================] - 2s 1s/step - loss: 4.1329 - accuracy: 0.2500 - val_loss: 4.0335 - val_accuracy: 0.2000 - lr: 5.0000e-04
Epoch 10/15
2/2 [==============================] - 2s 1s/step - loss: 3.9944 - accuracy: 0.2667 - val_loss: 3.8866 - val_accuracy: 0.2000 - lr: 5.0000e-04
Epoch 11/15
2/2 [==============================] - 2s 1s/step - loss: 3.8544 - accuracy: 0.1833 - val_loss: 3.7349 - val_accuracy: 0.4000 - lr: 5.0000e-04
Epoch 12/15
2/2 [==============================] - 2s 1s/step - loss: 3.7006 - accuracy: 0.3000 - val_loss: 3.5844 - val_accuracy: 0.4000 - lr: 5.0000e-04
Epoch 13/15
2/2 [==============================] - 2s 1s/step - loss: 3.5381 - accuracy: 0.2167 - val_loss: 3.4450 - val_accuracy: 0.2000 - lr: 5.0000e-04
Epoch 14/15
2/2 [==============================] - 2s 1s/step - loss: 3.4054 - accuracy: 0.2833 - val_loss: 3.3136 - val_accuracy: 0.2000 - lr: 5.0000e-04
Epoch 15/15
2/2 [==============================] - 2s 1s/step - loss: 3.2868 - accuracy: 0.2000 - val_loss: 3.1953 - val_accuracy: 0.4000 - lr: 5.0000e-04
1/1 [==============================] - 0s 103ms/step - loss: 3.2446 - accuracy: 0.2857
Found 60 images belonging to 6 classes.
Found 5 images belonging to 6 classes.
Found 7 images belonging to 6 classes.
Epoch 1/10
2/2 [==============================] - ETA: 0s - loss: 7.1345 - accuracy: 0.1500C:\Users\tom.zbc\PycharmProjects\fungis_bacterias_project\.venv\lib\site-packages\keras\src\engine\training.py:3000: UserWarning: You are saving your model as an HDF5 file via `model.save()`. This file format is considered legacy. We recommend using instead the native Keras format, e.g. `model.save('my_model.keras')`.
  saving_api.save_model(
2/2 [==============================] - 2s 982ms/step - loss: 7.1345 - accuracy: 0.1500 - val_loss: 6.1996 - val_accuracy: 0.2000 - lr: 5.0000e-04
Epoch 2/10
2/2 [==============================] - 1s 725ms/step - loss: 6.4860 - accuracy: 0.1500 - val_loss: 5.3527 - val_accuracy: 0.2000 - lr: 5.0000e-04
Epoch 3/10
2/2 [==============================] - 1s 707ms/step - loss: 5.5570 - accuracy: 0.1667 - val_loss: 4.8949 - val_accuracy: 0.4000 - lr: 5.0000e-04
Epoch 4/10
2/2 [==============================] - 1s 727ms/step - loss: 5.1106 - accuracy: 0.1500 - val_loss: 4.5643 - val_accuracy: 0.4000 - lr: 5.0000e-04
Epoch 5/10
2/2 [==============================] - 1s 808ms/step - loss: 4.6582 - accuracy: 0.2167 - val_loss: 4.3273 - val_accuracy: 0.2000 - lr: 5.0000e-04
Epoch 6/10
2/2 [==============================] - 1s 710ms/step - loss: 4.3155 - accuracy: 0.2500 - val_loss: 4.1258 - val_accuracy: 0.2000 - lr: 5.0000e-04
Epoch 7/10
2/2 [==============================] - 1s 818ms/step - loss: 4.1143 - accuracy: 0.2333 - val_loss: 3.9725 - val_accuracy: 0.2000 - lr: 5.0000e-04
Epoch 8/10
2/2 [==============================] - 1s 755ms/step - loss: 3.9803 - accuracy: 0.1833 - val_loss: 3.8436 - val_accuracy: 0.4000 - lr: 5.0000e-04
Epoch 9/10
2/2 [==============================] - 1s 728ms/step - loss: 3.8881 - accuracy: 0.2333 - val_loss: 3.7356 - val_accuracy: 0.4000 - lr: 5.0000e-04
Epoch 10/10
2/2 [==============================] - 1s 830ms/step - loss: 3.7455 - accuracy: 0.2833 - val_loss: 3.6385 - val_accuracy: 0.4000 - lr: 5.0000e-04
1/1 [==============================] - 0s 91ms/step - loss: 3.7136 - accuracy: 0.1429
Found 60 images belonging to 6 classes.
Found 5 images belonging to 6 classes.
Found 7 images belonging to 6 classes.
Epoch 1/15
2/2 [==============================] - ETA: 0s - loss: 7.1592 - accuracy: 0.1667C:\Users\tom.zbc\PycharmProjects\fungis_bacterias_project\.venv\lib\site-packages\keras\src\engine\training.py:3000: UserWarning: You are saving your model as an HDF5 file via `model.save()`. This file format is considered legacy. We recommend using instead the native Keras format, e.g. `model.save('my_model.keras')`.
  saving_api.save_model(
2/2 [==============================] - 2s 871ms/step - loss: 7.1592 - accuracy: 0.1667 - val_loss: 6.8332 - val_accuracy: 0.2000 - lr: 5.0000e-04
Epoch 2/15
2/2 [==============================] - 1s 787ms/step - loss: 6.3355 - accuracy: 0.2167 - val_loss: 5.8724 - val_accuracy: 0.2000 - lr: 5.0000e-04
Epoch 3/15
2/2 [==============================] - 1s 801ms/step - loss: 5.7072 - accuracy: 0.1833 - val_loss: 5.0387 - val_accuracy: 0.4000 - lr: 5.0000e-04
Epoch 4/15
2/2 [==============================] - 1s 745ms/step - loss: 5.0943 - accuracy: 0.1667 - val_loss: 4.5886 - val_accuracy: 0.2000 - lr: 5.0000e-04
Epoch 5/15
2/2 [==============================] - 1s 826ms/step - loss: 4.5907 - accuracy: 0.2333 - val_loss: 4.2888 - val_accuracy: 0.2000 - lr: 5.0000e-04
Epoch 6/15
2/2 [==============================] - 1s 808ms/step - loss: 4.2200 - accuracy: 0.2500 - val_loss: 4.0680 - val_accuracy: 0.2000 - lr: 5.0000e-04
Epoch 7/15
2/2 [==============================] - 1s 790ms/step - loss: 4.1113 - accuracy: 0.1833 - val_loss: 3.9008 - val_accuracy: 0.2000 - lr: 5.0000e-04
Epoch 8/15
2/2 [==============================] - 1s 739ms/step - loss: 3.8941 - accuracy: 0.2667 - val_loss: 3.7721 - val_accuracy: 0.4000 - lr: 5.0000e-04
Epoch 9/15
2/2 [==============================] - 1s 810ms/step - loss: 3.7761 - accuracy: 0.2333 - val_loss: 3.6690 - val_accuracy: 0.4000 - lr: 5.0000e-04
Epoch 10/15
2/2 [==============================] - 1s 763ms/step - loss: 3.6437 - accuracy: 0.2833 - val_loss: 3.5740 - val_accuracy: 0.4000 - lr: 5.0000e-04
Epoch 11/15
2/2 [==============================] - 1s 795ms/step - loss: 3.5652 - accuracy: 0.2000 - val_loss: 3.4823 - val_accuracy: 0.4000 - lr: 5.0000e-04
Epoch 12/15
2/2 [==============================] - 1s 816ms/step - loss: 3.4478 - accuracy: 0.2667 - val_loss: 3.3884 - val_accuracy: 0.6000 - lr: 5.0000e-04
Epoch 13/15
2/2 [==============================] - 1s 771ms/step - loss: 3.3819 - accuracy: 0.1833 - val_loss: 3.2956 - val_accuracy: 0.2000 - lr: 5.0000e-04
Epoch 14/15
2/2 [==============================] - 1s 740ms/step - loss: 3.2976 - accuracy: 0.1500 - val_loss: 3.2077 - val_accuracy: 0.4000 - lr: 5.0000e-04
Epoch 15/15
2/2 [==============================] - 1s 820ms/step - loss: 3.1971 - accuracy: 0.2667 - val_loss: 3.1209 - val_accuracy: 0.2000 - lr: 5.0000e-04
1/1 [==============================] - 0s 90ms/step - loss: 3.1376 - accuracy: 0.0000e+00
Found 60 images belonging to 6 classes.
Found 5 images belonging to 6 classes.
Found 7 images belonging to 6 classes.
Epoch 1/10
2/2 [==============================] - ETA: 0s - loss: 7.3221 - accuracy: 0.1500C:\Users\tom.zbc\PycharmProjects\fungis_bacterias_project\.venv\lib\site-packages\keras\src\engine\training.py:3000: UserWarning: You are saving your model as an HDF5 file via `model.save()`. This file format is considered legacy. We recommend using instead the native Keras format, e.g. `model.save('my_model.keras')`.
  saving_api.save_model(
2/2 [==============================] - 2s 895ms/step - loss: 7.3221 - accuracy: 0.1500 - val_loss: 6.1022 - val_accuracy: 0.4000 - lr: 5.0000e-04
Epoch 2/10
2/2 [==============================] - 1s 800ms/step - loss: 6.5842 - accuracy: 0.1833 - val_loss: 5.5399 - val_accuracy: 0.2000 - lr: 5.0000e-04
Epoch 3/10
2/2 [==============================] - 1s 725ms/step - loss: 5.8965 - accuracy: 0.1333 - val_loss: 5.2977 - val_accuracy: 0.0000e+00 - lr: 5.0000e-04
Epoch 4/10
2/2 [==============================] - 1s 801ms/step - loss: 5.0563 - accuracy: 0.2500 - val_loss: 5.0084 - val_accuracy: 0.0000e+00 - lr: 5.0000e-04
Epoch 5/10
2/2 [==============================] - 1s 850ms/step - loss: 4.7233 - accuracy: 0.2000 - val_loss: 4.7358 - val_accuracy: 0.0000e+00 - lr: 5.0000e-04
Epoch 6/10
2/2 [==============================] - 1s 732ms/step - loss: 4.4711 - accuracy: 0.1833 - val_loss: 4.4642 - val_accuracy: 0.0000e+00 - lr: 5.0000e-04
Epoch 7/10
2/2 [==============================] - 1s 794ms/step - loss: 4.1660 - accuracy: 0.3000 - val_loss: 4.2449 - val_accuracy: 0.0000e+00 - lr: 5.0000e-04
Epoch 8/10
2/2 [==============================] - 1s 780ms/step - loss: 4.0622 - accuracy: 0.2000 - val_loss: 4.0809 - val_accuracy: 0.0000e+00 - lr: 5.0000e-04
Epoch 9/10
2/2 [==============================] - 1s 830ms/step - loss: 3.9390 - accuracy: 0.1833 - val_loss: 3.9489 - val_accuracy: 0.0000e+00 - lr: 5.0000e-04
Epoch 10/10
2/2 [==============================] - 1s 724ms/step - loss: 3.9507 - accuracy: 0.1167 - val_loss: 3.8376 - val_accuracy: 0.0000e+00 - lr: 5.0000e-04
1/1 [==============================] - 0s 90ms/step - loss: 3.8824 - accuracy: 0.0000e+00
Found 60 images belonging to 6 classes.
Found 5 images belonging to 6 classes.
Found 7 images belonging to 6 classes.
Epoch 1/15
2/2 [==============================] - ETA: 0s - loss: 7.1586 - accuracy: 0.0833C:\Users\tom.zbc\PycharmProjects\fungis_bacterias_project\.venv\lib\site-packages\keras\src\engine\training.py:3000: UserWarning: You are saving your model as an HDF5 file via `model.save()`. This file format is considered legacy. We recommend using instead the native Keras format, e.g. `model.save('my_model.keras')`.
  saving_api.save_model(
2/2 [==============================] - 2s 861ms/step - loss: 7.1586 - accuracy: 0.0833 - val_loss: 6.2377 - val_accuracy: 0.2000 - lr: 5.0000e-04
Epoch 2/15
2/2 [==============================] - 1s 802ms/step - loss: 6.1893 - accuracy: 0.1833 - val_loss: 5.3345 - val_accuracy: 0.6000 - lr: 5.0000e-04
Epoch 3/15
2/2 [==============================] - 1s 719ms/step - loss: 5.4802 - accuracy: 0.1500 - val_loss: 4.8455 - val_accuracy: 0.4000 - lr: 5.0000e-04
Epoch 4/15
2/2 [==============================] - 1s 736ms/step - loss: 4.8111 - accuracy: 0.2000 - val_loss: 4.4469 - val_accuracy: 0.4000 - lr: 5.0000e-04
Epoch 5/15
2/2 [==============================] - 1s 758ms/step - loss: 4.4169 - accuracy: 0.1833 - val_loss: 4.1373 - val_accuracy: 0.2000 - lr: 5.0000e-04
Epoch 6/15
2/2 [==============================] - 1s 783ms/step - loss: 4.0953 - accuracy: 0.2500 - val_loss: 3.8873 - val_accuracy: 0.2000 - lr: 5.0000e-04
Epoch 7/15
2/2 [==============================] - 1s 832ms/step - loss: 3.8200 - accuracy: 0.2167 - val_loss: 3.7025 - val_accuracy: 0.2000 - lr: 5.0000e-04
Epoch 8/15
2/2 [==============================] - 1s 768ms/step - loss: 3.6996 - accuracy: 0.1833 - val_loss: 3.5593 - val_accuracy: 0.2000 - lr: 5.0000e-04
Epoch 9/15
2/2 [==============================] - 1s 728ms/step - loss: 3.5446 - accuracy: 0.2333 - val_loss: 3.4445 - val_accuracy: 0.2000 - lr: 5.0000e-04
Epoch 10/15
2/2 [==============================] - 1s 795ms/step - loss: 3.4483 - accuracy: 0.2667 - val_loss: 3.3434 - val_accuracy: 0.2000 - lr: 5.0000e-04
Epoch 11/15
2/2 [==============================] - 1s 826ms/step - loss: 3.3472 - accuracy: 0.3000 - val_loss: 3.2559 - val_accuracy: 0.4000 - lr: 5.0000e-04
Epoch 12/15
2/2 [==============================] - 1s 741ms/step - loss: 3.3069 - accuracy: 0.1333 - val_loss: 3.1538 - val_accuracy: 0.6000 - lr: 5.0000e-04
Epoch 13/15
2/2 [==============================] - 1s 812ms/step - loss: 3.1683 - accuracy: 0.3000 - val_loss: 3.0436 - val_accuracy: 0.6000 - lr: 5.0000e-04
Epoch 14/15
2/2 [==============================] - 1s 739ms/step - loss: 3.1169 - accuracy: 0.1833 - val_loss: 2.9667 - val_accuracy: 0.4000 - lr: 5.0000e-04
Epoch 15/15
2/2 [==============================] - 1s 820ms/step - loss: 3.0656 - accuracy: 0.2667 - val_loss: 2.9452 - val_accuracy: 0.4000 - lr: 5.0000e-04
1/1 [==============================] - 0s 92ms/step - loss: 3.0560 - accuracy: 0.1429
Found 60 images belonging to 6 classes.
Found 5 images belonging to 6 classes.
Found 7 images belonging to 6 classes.
Epoch 1/10
2/2 [==============================] - ETA: 0s - loss: 7.2831 - accuracy: 0.1500C:\Users\tom.zbc\PycharmProjects\fungis_bacterias_project\.venv\lib\site-packages\keras\src\engine\training.py:3000: UserWarning: You are saving your model as an HDF5 file via `model.save()`. This file format is considered legacy. We recommend using instead the native Keras format, e.g. `model.save('my_model.keras')`.
  saving_api.save_model(
2/2 [==============================] - 2s 874ms/step - loss: 7.2831 - accuracy: 0.1500 - val_loss: 6.4410 - val_accuracy: 0.4000 - lr: 5.0000e-04
Epoch 2/10
2/2 [==============================] - 1s 794ms/step - loss: 6.4803 - accuracy: 0.1500 - val_loss: 5.7610 - val_accuracy: 0.2000 - lr: 5.0000e-04
Epoch 3/10
2/2 [==============================] - 1s 816ms/step - loss: 5.6511 - accuracy: 0.1667 - val_loss: 5.1679 - val_accuracy: 0.2000 - lr: 5.0000e-04
Epoch 4/10
2/2 [==============================] - 1s 793ms/step - loss: 5.0798 - accuracy: 0.1333 - val_loss: 4.7151 - val_accuracy: 0.2000 - lr: 5.0000e-04
Epoch 5/10
2/2 [==============================] - 1s 835ms/step - loss: 4.6519 - accuracy: 0.1667 - val_loss: 4.4096 - val_accuracy: 0.2000 - lr: 5.0000e-04
Epoch 6/10
2/2 [==============================] - 1s 799ms/step - loss: 4.3589 - accuracy: 0.1667 - val_loss: 4.1767 - val_accuracy: 0.2000 - lr: 5.0000e-04
Epoch 7/10
2/2 [==============================] - 1s 707ms/step - loss: 4.1349 - accuracy: 0.2333 - val_loss: 3.9973 - val_accuracy: 0.2000 - lr: 5.0000e-04
Epoch 8/10
2/2 [==============================] - 1s 798ms/step - loss: 3.9316 - accuracy: 0.2333 - val_loss: 3.8509 - val_accuracy: 0.2000 - lr: 5.0000e-04
Epoch 9/10
2/2 [==============================] - 1s 746ms/step - loss: 3.8231 - accuracy: 0.2167 - val_loss: 3.7326 - val_accuracy: 0.2000 - lr: 5.0000e-04
Epoch 10/10
2/2 [==============================] - 1s 770ms/step - loss: 3.7001 - accuracy: 0.2167 - val_loss: 3.6310 - val_accuracy: 0.2000 - lr: 5.0000e-04
1/1 [==============================] - 0s 93ms/step - loss: 3.6313 - accuracy: 0.0000e+00
Found 60 images belonging to 6 classes.
Found 5 images belonging to 6 classes.
Found 7 images belonging to 6 classes.
Epoch 1/15
2/2 [==============================] - ETA: 0s - loss: 7.0542 - accuracy: 0.1333C:\Users\tom.zbc\PycharmProjects\fungis_bacterias_project\.venv\lib\site-packages\keras\src\engine\training.py:3000: UserWarning: You are saving your model as an HDF5 file via `model.save()`. This file format is considered legacy. We recommend using instead the native Keras format, e.g. `model.save('my_model.keras')`.
  saving_api.save_model(
2/2 [==============================] - 2s 970ms/step - loss: 7.0542 - accuracy: 0.1333 - val_loss: 6.3591 - val_accuracy: 0.2000 - lr: 5.0000e-04
Epoch 2/15
2/2 [==============================] - 1s 732ms/step - loss: 6.3101 - accuracy: 0.1667 - val_loss: 5.5437 - val_accuracy: 0.4000 - lr: 5.0000e-04
Epoch 3/15
2/2 [==============================] - 1s 809ms/step - loss: 5.5492 - accuracy: 0.2333 - val_loss: 4.9785 - val_accuracy: 0.4000 - lr: 5.0000e-04
Epoch 4/15
2/2 [==============================] - 1s 851ms/step - loss: 5.1020 - accuracy: 0.1500 - val_loss: 4.4750 - val_accuracy: 0.6000 - lr: 5.0000e-04
Epoch 5/15
2/2 [==============================] - 1s 820ms/step - loss: 4.6711 - accuracy: 0.1833 - val_loss: 4.1604 - val_accuracy: 0.6000 - lr: 5.0000e-04
Epoch 6/15
2/2 [==============================] - 1s 727ms/step - loss: 4.2880 - accuracy: 0.2833 - val_loss: 3.9249 - val_accuracy: 0.4000 - lr: 5.0000e-04
Epoch 7/15
2/2 [==============================] - 1s 741ms/step - loss: 4.0649 - accuracy: 0.2167 - val_loss: 3.7509 - val_accuracy: 0.6000 - lr: 5.0000e-04
Epoch 8/15
2/2 [==============================] - 1s 812ms/step - loss: 3.8752 - accuracy: 0.1833 - val_loss: 3.6096 - val_accuracy: 0.6000 - lr: 5.0000e-04
Epoch 9/15
2/2 [==============================] - 1s 794ms/step - loss: 3.7255 - accuracy: 0.1667 - val_loss: 3.4868 - val_accuracy: 0.8000 - lr: 5.0000e-04
Epoch 10/15
2/2 [==============================] - 1s 813ms/step - loss: 3.6168 - accuracy: 0.1500 - val_loss: 3.3872 - val_accuracy: 0.8000 - lr: 5.0000e-04
Epoch 11/15
2/2 [==============================] - 1s 812ms/step - loss: 3.4759 - accuracy: 0.1833 - val_loss: 3.2871 - val_accuracy: 0.4000 - lr: 5.0000e-04
Epoch 12/15
2/2 [==============================] - 1s 728ms/step - loss: 3.3622 - accuracy: 0.2500 - val_loss: 3.1885 - val_accuracy: 0.4000 - lr: 5.0000e-04
Epoch 13/15
2/2 [==============================] - 1s 799ms/step - loss: 3.2645 - accuracy: 0.2667 - val_loss: 3.0851 - val_accuracy: 0.4000 - lr: 5.0000e-04
Epoch 14/15
2/2 [==============================] - 1s 812ms/step - loss: 3.1920 - accuracy: 0.2667 - val_loss: 2.9912 - val_accuracy: 0.4000 - lr: 5.0000e-04
Epoch 15/15
2/2 [==============================] - 1s 741ms/step - loss: 3.0859 - accuracy: 0.2500 - val_loss: 2.8946 - val_accuracy: 0.4000 - lr: 5.0000e-04
1/1 [==============================] - 0s 93ms/step - loss: 3.0197 - accuracy: 0.1429
Found 60 images belonging to 6 classes.
Found 5 images belonging to 6 classes.
Found 7 images belonging to 6 classes.
Epoch 1/10
2/2 [==============================] - ETA: 0s - loss: 7.1789 - accuracy: 0.2167C:\Users\tom.zbc\PycharmProjects\fungis_bacterias_project\.venv\lib\site-packages\keras\src\engine\training.py:3000: UserWarning: You are saving your model as an HDF5 file via `model.save()`. This file format is considered legacy. We recommend using instead the native Keras format, e.g. `model.save('my_model.keras')`.
  saving_api.save_model(
2/2 [==============================] - 2s 972ms/step - loss: 7.1789 - accuracy: 0.2167 - val_loss: 6.3308 - val_accuracy: 0.4000 - lr: 5.0000e-04
Epoch 2/10
2/2 [==============================] - 1s 761ms/step - loss: 6.2972 - accuracy: 0.2167 - val_loss: 5.8881 - val_accuracy: 0.0000e+00 - lr: 5.0000e-04
Epoch 3/10
2/2 [==============================] - 1s 826ms/step - loss: 5.8008 - accuracy: 0.1667 - val_loss: 5.4775 - val_accuracy: 0.0000e+00 - lr: 5.0000e-04
Epoch 4/10
2/2 [==============================] - 1s 825ms/step - loss: 5.1143 - accuracy: 0.2333 - val_loss: 5.0131 - val_accuracy: 0.0000e+00 - lr: 5.0000e-04
Epoch 5/10
2/2 [==============================] - 1s 817ms/step - loss: 4.7845 - accuracy: 0.2167 - val_loss: 4.6668 - val_accuracy: 0.2000 - lr: 5.0000e-04
Epoch 6/10
2/2 [==============================] - 1s 813ms/step - loss: 4.5179 - accuracy: 0.1500 - val_loss: 4.3763 - val_accuracy: 0.2000 - lr: 5.0000e-04
Epoch 7/10
2/2 [==============================] - 1s 736ms/step - loss: 4.2997 - accuracy: 0.2333 - val_loss: 4.1620 - val_accuracy: 0.2000 - lr: 5.0000e-04
Epoch 8/10
2/2 [==============================] - 1s 817ms/step - loss: 4.1533 - accuracy: 0.1500 - val_loss: 4.0006 - val_accuracy: 0.2000 - lr: 5.0000e-04
Epoch 9/10
2/2 [==============================] - 1s 841ms/step - loss: 4.0445 - accuracy: 0.1333 - val_loss: 3.8724 - val_accuracy: 0.2000 - lr: 5.0000e-04
Epoch 10/10
2/2 [==============================] - 1s 776ms/step - loss: 3.9157 - accuracy: 0.2333 - val_loss: 3.7702 - val_accuracy: 0.2000 - lr: 5.0000e-04
1/1 [==============================] - 0s 90ms/step - loss: 3.7831 - accuracy: 0.2857
Found 60 images belonging to 6 classes.
Found 5 images belonging to 6 classes.
Found 7 images belonging to 6 classes.
Epoch 1/15
2/2 [==============================] - ETA: 0s - loss: 7.2419 - accuracy: 0.0833C:\Users\tom.zbc\PycharmProjects\fungis_bacterias_project\.venv\lib\site-packages\keras\src\engine\training.py:3000: UserWarning: You are saving your model as an HDF5 file via `model.save()`. This file format is considered legacy. We recommend using instead the native Keras format, e.g. `model.save('my_model.keras')`.
  saving_api.save_model(
2/2 [==============================] - 2s 955ms/step - loss: 7.2419 - accuracy: 0.0833 - val_loss: 6.3760 - val_accuracy: 0.2000 - lr: 5.0000e-04
Epoch 2/15
2/2 [==============================] - 1s 834ms/step - loss: 6.2567 - accuracy: 0.1833 - val_loss: 5.5737 - val_accuracy: 0.2000 - lr: 5.0000e-04
Epoch 3/15
2/2 [==============================] - 1s 850ms/step - loss: 5.5795 - accuracy: 0.1833 - val_loss: 4.9292 - val_accuracy: 0.4000 - lr: 5.0000e-04
Epoch 4/15
2/2 [==============================] - 1s 854ms/step - loss: 5.1019 - accuracy: 0.2000 - val_loss: 4.5357 - val_accuracy: 0.6000 - lr: 5.0000e-04
Epoch 5/15
2/2 [==============================] - 1s 737ms/step - loss: 4.6437 - accuracy: 0.2000 - val_loss: 4.2591 - val_accuracy: 0.4000 - lr: 5.0000e-04
Epoch 6/15
2/2 [==============================] - 1s 757ms/step - loss: 4.3272 - accuracy: 0.1833 - val_loss: 4.0465 - val_accuracy: 0.4000 - lr: 5.0000e-04
Epoch 7/15
2/2 [==============================] - 1s 746ms/step - loss: 4.0919 - accuracy: 0.2000 - val_loss: 3.8982 - val_accuracy: 0.2000 - lr: 5.0000e-04
Epoch 8/15
2/2 [==============================] - 1s 848ms/step - loss: 3.8759 - accuracy: 0.2333 - val_loss: 3.7710 - val_accuracy: 0.2000 - lr: 5.0000e-04
Epoch 9/15
2/2 [==============================] - 1s 739ms/step - loss: 3.7532 - accuracy: 0.1333 - val_loss: 3.6527 - val_accuracy: 0.2000 - lr: 5.0000e-04
Epoch 10/15
2/2 [==============================] - 1s 762ms/step - loss: 3.6203 - accuracy: 0.2667 - val_loss: 3.5400 - val_accuracy: 0.2000 - lr: 5.0000e-04
Epoch 11/15
2/2 [==============================] - 1s 721ms/step - loss: 3.5152 - accuracy: 0.2500 - val_loss: 3.4266 - val_accuracy: 0.2000 - lr: 5.0000e-04
Epoch 12/15
2/2 [==============================] - 1s 764ms/step - loss: 3.3899 - accuracy: 0.2833 - val_loss: 3.3240 - val_accuracy: 0.2000 - lr: 5.0000e-04
Epoch 13/15
2/2 [==============================] - 1s 805ms/step - loss: 3.2912 - accuracy: 0.2833 - val_loss: 3.2181 - val_accuracy: 0.2000 - lr: 5.0000e-04
Epoch 14/15
2/2 [==============================] - 1s 831ms/step - loss: 3.2578 - accuracy: 0.1667 - val_loss: 3.1349 - val_accuracy: 0.2000 - lr: 5.0000e-04
Epoch 15/15
2/2 [==============================] - 1s 744ms/step - loss: 3.1066 - accuracy: 0.2500 - val_loss: 3.0456 - val_accuracy: 0.2000 - lr: 5.0000e-04
1/1 [==============================] - 0s 96ms/step - loss: 3.0685 - accuracy: 0.1429
Found 60 images belonging to 6 classes.
Found 5 images belonging to 6 classes.
Found 7 images belonging to 6 classes.
Epoch 1/10
2/2 [==============================] - ETA: 0s - loss: 7.6624 - accuracy: 0.1167C:\Users\tom.zbc\PycharmProjects\fungis_bacterias_project\.venv\lib\site-packages\keras\src\engine\training.py:3000: UserWarning: You are saving your model as an HDF5 file via `model.save()`. This file format is considered legacy. We recommend using instead the native Keras format, e.g. `model.save('my_model.keras')`.
  saving_api.save_model(
2/2 [==============================] - 3s 1s/step - loss: 7.6624 - accuracy: 0.1167 - val_loss: 6.8311 - val_accuracy: 0.2000 - lr: 5.0000e-04
Epoch 2/10
2/2 [==============================] - 2s 1s/step - loss: 6.5263 - accuracy: 0.1333 - val_loss: 5.6300 - val_accuracy: 0.4000 - lr: 5.0000e-04
Epoch 3/10
2/2 [==============================] - 2s 1s/step - loss: 5.5657 - accuracy: 0.2000 - val_loss: 5.0075 - val_accuracy: 0.6000 - lr: 5.0000e-04
Epoch 4/10
2/2 [==============================] - 2s 1s/step - loss: 5.0381 - accuracy: 0.1833 - val_loss: 4.7176 - val_accuracy: 0.6000 - lr: 5.0000e-04
Epoch 5/10
2/2 [==============================] - 2s 1s/step - loss: 4.7099 - accuracy: 0.2500 - val_loss: 4.5562 - val_accuracy: 0.2000 - lr: 5.0000e-04
Epoch 6/10
2/2 [==============================] - 2s 1s/step - loss: 4.5667 - accuracy: 0.1667 - val_loss: 4.4573 - val_accuracy: 0.2000 - lr: 5.0000e-04
Epoch 7/10
2/2 [==============================] - 2s 1s/step - loss: 4.4509 - accuracy: 0.2833 - val_loss: 4.3774 - val_accuracy: 0.2000 - lr: 5.0000e-04
Epoch 8/10
2/2 [==============================] - 2s 1s/step - loss: 4.3464 - accuracy: 0.2500 - val_loss: 4.2953 - val_accuracy: 0.2000 - lr: 5.0000e-04
Epoch 9/10
2/2 [==============================] - 2s 1s/step - loss: 4.2745 - accuracy: 0.2500 - val_loss: 4.1991 - val_accuracy: 0.2000 - lr: 5.0000e-04
Epoch 10/10
2/2 [==============================] - 2s 1s/step - loss: 4.1619 - accuracy: 0.1667 - val_loss: 4.0653 - val_accuracy: 0.2000 - lr: 5.0000e-04
1/1 [==============================] - 0s 107ms/step - loss: 4.0751 - accuracy: 0.0000e+00
Found 60 images belonging to 6 classes.
Found 5 images belonging to 6 classes.
Found 7 images belonging to 6 classes.
Epoch 1/15
2/2 [==============================] - ETA: 0s - loss: 7.8533 - accuracy: 0.1000C:\Users\tom.zbc\PycharmProjects\fungis_bacterias_project\.venv\lib\site-packages\keras\src\engine\training.py:3000: UserWarning: You are saving your model as an HDF5 file via `model.save()`. This file format is considered legacy. We recommend using instead the native Keras format, e.g. `model.save('my_model.keras')`.
  saving_api.save_model(
2/2 [==============================] - 3s 1s/step - loss: 7.8533 - accuracy: 0.1000 - val_loss: 7.1393 - val_accuracy: 0.0000e+00 - lr: 5.0000e-04
Epoch 2/15
2/2 [==============================] - 2s 1s/step - loss: 6.7800 - accuracy: 0.0833 - val_loss: 6.0395 - val_accuracy: 0.2000 - lr: 5.0000e-04
Epoch 3/15
2/2 [==============================] - 2s 1s/step - loss: 5.6643 - accuracy: 0.1833 - val_loss: 5.2335 - val_accuracy: 0.2000 - lr: 5.0000e-04
Epoch 4/15
2/2 [==============================] - 2s 1s/step - loss: 5.0981 - accuracy: 0.1833 - val_loss: 4.8694 - val_accuracy: 0.2000 - lr: 5.0000e-04
Epoch 5/15
2/2 [==============================] - 2s 1s/step - loss: 4.8217 - accuracy: 0.1500 - val_loss: 4.6685 - val_accuracy: 0.2000 - lr: 5.0000e-04
Epoch 6/15
2/2 [==============================] - 2s 1s/step - loss: 4.6606 - accuracy: 0.2000 - val_loss: 4.5507 - val_accuracy: 0.2000 - lr: 5.0000e-04
Epoch 7/15
2/2 [==============================] - 2s 1s/step - loss: 4.5388 - accuracy: 0.2167 - val_loss: 4.4643 - val_accuracy: 0.2000 - lr: 5.0000e-04
Epoch 8/15
2/2 [==============================] - 2s 1s/step - loss: 4.4510 - accuracy: 0.1833 - val_loss: 4.3786 - val_accuracy: 0.2000 - lr: 5.0000e-04
Epoch 9/15
2/2 [==============================] - 2s 1s/step - loss: 4.3690 - accuracy: 0.2000 - val_loss: 4.2784 - val_accuracy: 0.2000 - lr: 5.0000e-04
Epoch 10/15
2/2 [==============================] - 2s 1s/step - loss: 4.2497 - accuracy: 0.2333 - val_loss: 4.1509 - val_accuracy: 0.0000e+00 - lr: 5.0000e-04
Epoch 11/15
2/2 [==============================] - 2s 1s/step - loss: 4.1071 - accuracy: 0.2500 - val_loss: 3.9968 - val_accuracy: 0.0000e+00 - lr: 5.0000e-04
Epoch 12/15
2/2 [==============================] - 2s 1s/step - loss: 4.0083 - accuracy: 0.1500 - val_loss: 3.8349 - val_accuracy: 0.2000 - lr: 5.0000e-04
Epoch 13/15
2/2 [==============================] - 2s 1s/step - loss: 3.8732 - accuracy: 0.1500 - val_loss: 3.6949 - val_accuracy: 0.2000 - lr: 5.0000e-04
Epoch 14/15
2/2 [==============================] - 2s 1s/step - loss: 3.7135 - accuracy: 0.2500 - val_loss: 3.5673 - val_accuracy: 0.2000 - lr: 5.0000e-04
Epoch 15/15
2/2 [==============================] - 2s 1s/step - loss: 3.5726 - accuracy: 0.2333 - val_loss: 3.4548 - val_accuracy: 0.4000 - lr: 5.0000e-04
1/1 [==============================] - 0s 108ms/step - loss: 3.4655 - accuracy: 0.5714
Found 60 images belonging to 6 classes.
Found 5 images belonging to 6 classes.
Found 7 images belonging to 6 classes.
Epoch 1/10
2/2 [==============================] - ETA: 0s - loss: 7.7094 - accuracy: 0.1333C:\Users\tom.zbc\PycharmProjects\fungis_bacterias_project\.venv\lib\site-packages\keras\src\engine\training.py:3000: UserWarning: You are saving your model as an HDF5 file via `model.save()`. This file format is considered legacy. We recommend using instead the native Keras format, e.g. `model.save('my_model.keras')`.
  saving_api.save_model(
2/2 [==============================] - 3s 1s/step - loss: 7.7094 - accuracy: 0.1333 - val_loss: 6.4087 - val_accuracy: 0.2000 - lr: 5.0000e-04
Epoch 2/10
2/2 [==============================] - 2s 1s/step - loss: 6.6775 - accuracy: 0.1833 - val_loss: 5.5844 - val_accuracy: 0.2000 - lr: 5.0000e-04
Epoch 3/10
2/2 [==============================] - 2s 1s/step - loss: 5.7736 - accuracy: 0.1667 - val_loss: 5.1337 - val_accuracy: 0.2000 - lr: 5.0000e-04
Epoch 4/10
2/2 [==============================] - 2s 1s/step - loss: 5.0887 - accuracy: 0.2000 - val_loss: 4.8716 - val_accuracy: 0.2000 - lr: 5.0000e-04
Epoch 5/10
2/2 [==============================] - 2s 1s/step - loss: 4.8478 - accuracy: 0.2500 - val_loss: 4.7109 - val_accuracy: 0.4000 - lr: 5.0000e-04
Epoch 6/10
2/2 [==============================] - 2s 1s/step - loss: 4.7172 - accuracy: 0.1667 - val_loss: 4.6145 - val_accuracy: 0.4000 - lr: 5.0000e-04
Epoch 7/10
2/2 [==============================] - ETA: 0s - loss: 4.6058 - accuracy: 0.2333Traceback (most recent call last):
  File "C:\Users\tom.zbc\PycharmProjects\fungis_bacterias_project\3_model_training_and_evaluation_FNN_6_35pr.py", line 140, in <module>
    history = model.fit(
  File "C:\Users\tom.zbc\PycharmProjects\fungis_bacterias_project\.venv\lib\site-packages\keras\src\utils\traceback_utils.py", line 70, in error_handler
    raise e.with_traceback(filtered_tb) from None
  File "C:\Users\tom.zbc\PycharmProjects\fungis_bacterias_project\.venv\lib\site-packages\h5py\_hl\files.py", line 562, in __init__
    fid = make_fid(name, mode, userblock_size, fapl, fcpl, swmr=swmr)
  File "C:\Users\tom.zbc\PycharmProjects\fungis_bacterias_project\.venv\lib\site-packages\h5py\_hl\files.py", line 241, in make_fid
    fid = h5f.create(name, h5f.ACC_TRUNC, fapl=fapl, fcpl=fcpl)
  File "h5py\\_objects.pyx", line 54, in h5py._objects.with_phil.wrapper
  File "h5py\\_objects.pyx", line 55, in h5py._objects.with_phil.wrapper
  File "h5py\\h5f.pyx", line 122, in h5py.h5f.create
OSError: [Errno 22] Unable to synchronously create file (unable to open file: name = 'best_model.h5', errno = 22, error message = 'Invalid argument', flags = 13, o_flags = 302)

Process finished with exit code 1
