Epoch 1/50
2/2 [==============================] - 3s 1s/step - loss: 2.1447 - accuracy: 0.1333 - val_loss: 1.6860 - val_accuracy: 0.4000 - lr: 0.0010
Epoch 2/50
2/2 [==============================] - 2s 828ms/step - loss: 1.9014 - accuracy: 0.2500 - val_loss: 1.7714 - val_accuracy: 0.4000 - lr: 0.0010
Epoch 3/50
2/2 [==============================] - 2s 779ms/step - loss: 1.8233 - accuracy: 0.2667 - val_loss: 1.7725 - val_accuracy: 0.2000 - lr: 0.0010
Epoch 4/50
2/2 [==============================] - 2s 971ms/step - loss: 1.7865 - accuracy: 0.2000 - val_loss: 1.7798 - val_accuracy: 0.2000 - lr: 0.0010
Epoch 5/50
2/2 [==============================] - 2s 826ms/step - loss: 1.7622 - accuracy: 0.2333 - val_loss: 1.7763 - val_accuracy: 0.2000 - lr: 2.0000e-04
Epoch 6/50
2/2 [==============================] - 2s 948ms/step - loss: 1.7718 - accuracy: 0.3833 - val_loss: 1.7721 - val_accuracy: 0.4000 - lr: 2.0000e-04
Epoch 7/50
2/2 [==============================] - 2s 632ms/step - loss: 1.7531 - accuracy: 0.3500 - val_loss: 1.7665 - val_accuracy: 0.4000 - lr: 2.0000e-04
Epoch 8/50
2/2 [==============================] - 1s 748ms/step - loss: 1.7733 - accuracy: 0.2167 - val_loss: 1.7653 - val_accuracy: 0.4000 - lr: 4.0000e-05
1/1 [==============================] - 0s 126ms/step - loss: 1.8712 - accuracy: 0.1429
Found 60 images belonging to 6 classes.
Found 5 images belonging to 6 classes.
Found 7 images belonging to 6 classes.
Epoch 1/30
