C:\Users\tom.zbc\PycharmProjects\fungis_bacterias_project\Morganella_Morganii_785nm_edge.jpg
C:\Users\tom.zbc\PycharmProjects\fungis_bacterias_project\.venv\Lib\site-packages\matplotlib\mpl-data\sample_data\grace_hopper.jpg
C:\Users\tom.zbc\PycharmProjects\fungis_bacterias_project\.venv\Lib\site-packages\sklearn\datasets\images\china.jpg
C:\Users\tom.zbc\PycharmProjects\fungis_bacterias_project\.venv\Lib\site-packages\sklearn\datasets\images\flower.jpg
C:\Users\tom.zbc\PycharmProjects\fungis_bacterias_project\Bacteria 26-06-24-20240821T153237Z-001\Bacteria 26-06-24\c_albicans_(fungi).jpg
C:\Users\tom.zbc\PycharmProjects\fungis_bacterias_project\Bacteria 26-06-24-20240821T153237Z-001\Bacteria 26-06-24\c_albicans_(fungi)_2.jpg
C:\Users\tom.zbc\PycharmProjects\fungis_bacterias_project\Bacteria 26-06-24-20240821T153237Z-001\Bacteria 26-06-24\c_albicans_(fungi)__edge.jpg
C:\Users\tom.zbc\PycharmProjects\fungis_bacterias_project\Bacteria 26-06-24-20240821T153237Z-001\Bacteria 26-06-24\E_coli_CFT073__edge_of_bacteria.jpg
C:\Users\tom.zbc\PycharmProjects\fungis_bacterias_project\Bacteria 26-06-24-20240821T153237Z-001\Bacteria 26-06-24\E_coli_CFT073__edge_of_bacteria__with_grid.jpg
C:\Users\tom.zbc\PycharmProjects\fungis_bacterias_project\Bacteria 26-06-24-20240821T153237Z-001\Bacteria 26-06-24\E_coli_CFT073__ine_the_middle__with_grid.jpg
C:\Users\tom.zbc\PycharmProjects\fungis_bacterias_project\Bacteria-02-07-24-20240821T153301Z-001\Aero_Civiae_edge.jpg
C:\Users\tom.zbc\PycharmProjects\fungis_bacterias_project\Bacteria-02-07-24-20240821T153301Z-001\Aero_Civiae_middle.jpg
C:\Users\tom.zbc\PycharmProjects\fungis_bacterias_project\Bacteria-02-07-24-20240821T153301Z-001\Aero_Civiae_middle_2_785nm.jpg
C:\Users\tom.zbc\PycharmProjects\fungis_bacterias_project\Bacteria-02-07-24-20240821T153301Z-001\Aero_Sobria_edge.jpg
C:\Users\tom.zbc\PycharmProjects\fungis_bacterias_project\Bacteria-02-07-24-20240821T153301Z-001\Aero_Sobria_middle.jpg
C:\Users\tom.zbc\PycharmProjects\fungis_bacterias_project\Bacteria-02-07-24-20240821T153301Z-001\Aero_Sobria_middle_2_785nm.jpg
C:\Users\tom.zbc\PycharmProjects\fungis_bacterias_project\Bacteria-02-07-24-20240821T153301Z-001\Bacillus_Cereus_785nm_edge.jpg
C:\Users\tom.zbc\PycharmProjects\fungis_bacterias_project\Bacteria-02-07-24-20240821T153301Z-001\Bacillus_cereus_middle_2.jpg
C:\Users\tom.zbc\PycharmProjects\fungis_bacterias_project\Bacteria-02-07-24-20240821T153301Z-001\Bor_bronchiseptica_785nm_edge.jpg
C:\Users\tom.zbc\PycharmProjects\fungis_bacterias_project\Bacteria-02-07-24-20240821T153301Z-001\Bor_bronchiseptica_middle.jpg
C:\Users\tom.zbc\PycharmProjects\fungis_bacterias_project\Bacteria-02-07-24-20240821T153301Z-001\Bor_bronchiseptica_middle2.jpg
C:\Users\tom.zbc\PycharmProjects\fungis_bacterias_project\Bacteria-02-07-24-20240821T153301Z-001\Morganella_Morganii_785nm_edge.jpg
C:\Users\tom.zbc\PycharmProjects\fungis_bacterias_project\Bacteria-02-07-24-20240821T153301Z-001\Morganella_Morganii_middle.jpg
C:\Users\tom.zbc\PycharmProjects\fungis_bacterias_project\Bacteria-02-07-24-20240821T153301Z-001\Morganella_Morganii_middle_2.jpg
C:\Users\tom.zbc\PycharmProjects\fungis_bacterias_project\Bacteria-02-07-24-20240821T153301Z-001\stapholococcus_coagulans_edge.jpg
C:\Users\tom.zbc\PycharmProjects\fungis_bacterias_project\Bacteria-02-07-24-20240821T153301Z-001\stapholococcus_coagulans_middle.jpg
C:\Users\tom.zbc\PycharmProjects\fungis_bacterias_project\Bacteria-02-07-24-20240821T153301Z-001\stapholococcus_coagulans_middle_2.jpg
C:\Users\tom.zbc\PycharmProjects\fungis_bacterias_project\Bacteria-20240821T153307Z-001\Bacteria\E._coli_on_glass_slide.jpg
