output_spectra_Aero_Civiae_edge_785nm.csv
output_spectra_Aero_Civiae_middle_2_785nm.csv
output_spectra_Aero_Civiae_middle_785nm.csv
output_spectra_Aero_Sobria_edge_785nm.csv
output_spectra_Aero_Sobria_middle_2_785nm.csv
output_spectra_Aero_Sobria_middle_785nm.csv
output_spectra_Assymptomatic_E._coli__1_785nm.csv
output_spectra_Bacillus_Cereus_785nm_edge.csv
output_spectra_Bacillus_Cereus_middle_2_785nm.csv
output_spectra_Bacillus_Cereus_middle_785nm.csv
output_spectra_Bor_bronchiseptica_middle_2_785nm.csv
output_spectra_Bor_bronchiseptica_middle_785nm.csv
output_spectra_C._albicans_ATCC_10231_(Hard_to_detect)_785nm.csv
output_spectra_e.coli_UTI89_2_29-06-24_785nm.csv
output_spectra_e.coli_UTI89__29-06-24_785nm.csv
output_spectra_E._coli_agar_pkate_UTI89_785nm.csv
output_spectra_E._coli_on_metal_slide_UTI89_785nm.csv
output_spectra_E._faecalis_ATCC_29212_785nm.csv
output_spectra_E_coli_-_CFT073_785nm.csv
output_spectra_E_coli_-_CFT073__edge_of_bacteria_785nm.csv
output_spectra_E_coli_-_CFT073__middle__785nm.csv
output_spectra_k._pneumonia_B835010_785nm.csv
output_spectra_Morganella_Morganii_785nm_edge.csv
output_spectra_Morganella_Morganii_middle_2_785nm.csv
output_spectra_Morganella_Morganii_middle_785nm.csv
output_spectra_P._aerigimosa_(ATCC_27853)_785nm.csv
output_spectra_S._aureus_ATCC_25923_785nm.csv
output_spectra_s._saprofyticus_785nm.csv
output_spectra_s._saprofyticus__scan_785nm.csv
output_spectra_stapholococcus_coagulans_785nm.csv
output_spectra_stapholococcus_coagulans_edge_785nm.csv
